Archive member included because of file (symbol)

c:/altera/13.0sp1/nios2eds/bin/gnu/h-i686-mingw32/bin/../lib/gcc/nios2-elf/4.1.2/../../../../nios2-elf/lib\libc.a(lib_a-memcpy.o)
                              obj/default/media_interrupt_HAL.o (memcpy)
c:/altera/13.0sp1/nios2eds/bin/gnu/h-i686-mingw32/bin/../lib/gcc/nios2-elf/4.1.2/../../../../nios2-elf/lib\libc.a(lib_a-memset.o)
                              obj/default/media_interrupt_HAL.o (memset)
c:/altera/13.0sp1/nios2eds/bin/gnu/h-i686-mingw32/bin/../lib/gcc/nios2-elf/4.1.2/../../../../nios2-elf/lib\libc.a(lib_a-printf.o)
                              obj/default/media_interrupt_HAL.o (printf)
c:/altera/13.0sp1/nios2eds/bin/gnu/h-i686-mingw32/bin/../lib/gcc/nios2-elf/4.1.2/../../../../nios2-elf/lib\libc.a(lib_a-vfprintf.o)
                              c:/altera/13.0sp1/nios2eds/bin/gnu/h-i686-mingw32/bin/../lib/gcc/nios2-elf/4.1.2/../../../../nios2-elf/lib\libc.a(lib_a-printf.o) (___vfprintf_internal_r)
c:/altera/13.0sp1/nios2eds/bin/gnu/h-i686-mingw32/bin/../lib/gcc/nios2-elf/4.1.2/../../../../nios2-elf/lib\libc.a(lib_a-wsetup.o)
                              c:/altera/13.0sp1/nios2eds/bin/gnu/h-i686-mingw32/bin/../lib/gcc/nios2-elf/4.1.2/../../../../nios2-elf/lib\libc.a(lib_a-vfprintf.o) (__swsetup_r)
c:/altera/13.0sp1/nios2eds/bin/gnu/h-i686-mingw32/bin/../lib/gcc/nios2-elf/4.1.2/../../../../nios2-elf/lib\libc.a(lib_a-dtoa.o)
                              c:/altera/13.0sp1/nios2eds/bin/gnu/h-i686-mingw32/bin/../lib/gcc/nios2-elf/4.1.2/../../../../nios2-elf/lib\libc.a(lib_a-vfprintf.o) (_dtoa_r)
c:/altera/13.0sp1/nios2eds/bin/gnu/h-i686-mingw32/bin/../lib/gcc/nios2-elf/4.1.2/../../../../nios2-elf/lib\libc.a(lib_a-fflush.o)
                              c:/altera/13.0sp1/nios2eds/bin/gnu/h-i686-mingw32/bin/../lib/gcc/nios2-elf/4.1.2/../../../../nios2-elf/lib\libc.a(lib_a-vfprintf.o) (_fflush_r)
c:/altera/13.0sp1/nios2eds/bin/gnu/h-i686-mingw32/bin/../lib/gcc/nios2-elf/4.1.2/../../../../nios2-elf/lib\libc.a(lib_a-findfp.o)
                              c:/altera/13.0sp1/nios2eds/bin/gnu/h-i686-mingw32/bin/../lib/gcc/nios2-elf/4.1.2/../../../../nios2-elf/lib\libc.a(lib_a-vfprintf.o) (__sinit)
c:/altera/13.0sp1/nios2eds/bin/gnu/h-i686-mingw32/bin/../lib/gcc/nios2-elf/4.1.2/../../../../nios2-elf/lib\libc.a(lib_a-freer.o)
                              c:/altera/13.0sp1/nios2eds/bin/gnu/h-i686-mingw32/bin/../lib/gcc/nios2-elf/4.1.2/../../../../nios2-elf/lib\libc.a(lib_a-wsetup.o) (_free_r)
c:/altera/13.0sp1/nios2eds/bin/gnu/h-i686-mingw32/bin/../lib/gcc/nios2-elf/4.1.2/../../../../nios2-elf/lib\libc.a(lib_a-fvwrite.o)
                              c:/altera/13.0sp1/nios2eds/bin/gnu/h-i686-mingw32/bin/../lib/gcc/nios2-elf/4.1.2/../../../../nios2-elf/lib\libc.a(lib_a-vfprintf.o) (__sfvwrite_r)
c:/altera/13.0sp1/nios2eds/bin/gnu/h-i686-mingw32/bin/../lib/gcc/nios2-elf/4.1.2/../../../../nios2-elf/lib\libc.a(lib_a-fwalk.o)
                              c:/altera/13.0sp1/nios2eds/bin/gnu/h-i686-mingw32/bin/../lib/gcc/nios2-elf/4.1.2/../../../../nios2-elf/lib\libc.a(lib_a-fflush.o) (_fwalk_reent)
c:/altera/13.0sp1/nios2eds/bin/gnu/h-i686-mingw32/bin/../lib/gcc/nios2-elf/4.1.2/../../../../nios2-elf/lib\libc.a(lib_a-impure.o)
                              c:/altera/13.0sp1/nios2eds/bin/gnu/h-i686-mingw32/bin/../lib/gcc/nios2-elf/4.1.2/../../../../nios2-elf/lib\libc.a(lib_a-printf.o) (_impure_ptr)
c:/altera/13.0sp1/nios2eds/bin/gnu/h-i686-mingw32/bin/../lib/gcc/nios2-elf/4.1.2/../../../../nios2-elf/lib\libc.a(lib_a-locale.o)
                              c:/altera/13.0sp1/nios2eds/bin/gnu/h-i686-mingw32/bin/../lib/gcc/nios2-elf/4.1.2/../../../../nios2-elf/lib\libc.a(lib_a-vfprintf.o) (_localeconv_r)
c:/altera/13.0sp1/nios2eds/bin/gnu/h-i686-mingw32/bin/../lib/gcc/nios2-elf/4.1.2/../../../../nios2-elf/lib\libc.a(lib_a-makebuf.o)
                              c:/altera/13.0sp1/nios2eds/bin/gnu/h-i686-mingw32/bin/../lib/gcc/nios2-elf/4.1.2/../../../../nios2-elf/lib\libc.a(lib_a-wsetup.o) (__smakebuf_r)
c:/altera/13.0sp1/nios2eds/bin/gnu/h-i686-mingw32/bin/../lib/gcc/nios2-elf/4.1.2/../../../../nios2-elf/lib\libc.a(lib_a-mallocr.o)
                              c:/altera/13.0sp1/nios2eds/bin/gnu/h-i686-mingw32/bin/../lib/gcc/nios2-elf/4.1.2/../../../../nios2-elf/lib\libc.a(lib_a-findfp.o) (_malloc_r)
c:/altera/13.0sp1/nios2eds/bin/gnu/h-i686-mingw32/bin/../lib/gcc/nios2-elf/4.1.2/../../../../nios2-elf/lib\libc.a(lib_a-memchr.o)
                              c:/altera/13.0sp1/nios2eds/bin/gnu/h-i686-mingw32/bin/../lib/gcc/nios2-elf/4.1.2/../../../../nios2-elf/lib\libc.a(lib_a-vfprintf.o) (memchr)
c:/altera/13.0sp1/nios2eds/bin/gnu/h-i686-mingw32/bin/../lib/gcc/nios2-elf/4.1.2/../../../../nios2-elf/lib\libc.a(lib_a-memmove.o)
                              c:/altera/13.0sp1/nios2eds/bin/gnu/h-i686-mingw32/bin/../lib/gcc/nios2-elf/4.1.2/../../../../nios2-elf/lib\libc.a(lib_a-fvwrite.o) (memmove)
[...]
Memory Configuration

Name             Origin             Length             Attributes
reset            0x00000000         0x00000020
SDRAM            0x00000020         0x007fffe0
Flash_flash_data 0x0c000000         0x00400000
*default*        0x00000000         0xffffffff

Linker script and memory map

LOAD ../shabdolazim_bsp//obj/HAL/src/crt0.o
LOAD obj/default/PS2_ISR.o
LOAD obj/default/audio_ISR.o
LOAD obj/default/globals.o
LOAD obj/default/interval_timer_ISR.o
LOAD obj/default/media_interrupt_HAL.o
LOAD obj/default/pushbutton_ISR.o
LOAD c:/altera/13.0sp1/nios2eds/bin/gnu/h-i686-mingw32/bin/../lib/gcc/nios2-elf/4.1.2/../../../../nios2-elf/lib\libstdc++.a
LOAD c:/altera/13.0sp1/nios2eds/bin/gnu/h-i686-mingw32/bin/../lib/gcc/nios2-elf/4.1.2/../../../../nios2-elf/lib\libm.a
LOAD c:/altera/13.0sp1/nios2eds/bin/gnu/h-i686-mingw32/bin/../lib/gcc/nios2-elf/4.1.2\libgcc.a
START GROUP
LOAD c:/altera/13.0sp1/nios2eds/bin/gnu/h-i686-mingw32/bin/../lib/gcc/nios2-elf/4.1.2/../../../../nios2-elf/lib\libc.a
LOAD c:/altera/13.0sp1/nios2eds/bin/gnu/h-i686-mingw32/bin/../lib/gcc/nios2-elf/4.1.2\libgcc.a
LOAD ../shabdolazim_bsp/\libhal_bsp.a
END GROUP
LOAD c:/altera/13.0sp1/nios2eds/bin/gnu/h-i686-mingw32/bin/../lib/gcc/nios2-elf/4.1.2\libgcc.a
                0x00000000                __alt_mem_SDRAM = 0x0
                0x0c000000                __alt_mem_Flash_flash_data = 0xc000000

.entry          0x00000000       0x20
 *(.entry)
 .entry         0x00000000       0x20 ../shabdolazim_bsp//obj/HAL/src/crt0.o
                0x00000000                __reset

.exceptions     0x00000020      0x198
                0x00000020                PROVIDE (__ram_exceptions_start, ABSOLUTE (.))
                0x00000020                . = ALIGN (0x20)
 *(.irq)
 *(.exceptions.entry.label)
 .exceptions.entry.label
                0x00000020        0x0 ../shabdolazim_bsp/\libhal_bsp.a(alt_irq_entry.o)
                0x00000020                alt_irq_entry
 .exceptions.entry.label
                0x00000020        0x0 ../shabdolazim_bsp/\libhal_bsp.a(alt_exception_entry.o)
                0x00000020                alt_exception
 *(.exceptions.entry.user)
 *(.exceptions.entry)
 .exceptions.entry
                0x00000020       0x54 ../shabdolazim_bsp/\libhal_bsp.a(alt_exception_entry.o)
 *(.exceptions.irqtest.user)
 *(.exceptions.irqtest)
 .exceptions.irqtest
                0x00000074       0x10 ../shabdolazim_bsp/\libhal_bsp.a(alt_irq_entry.o)
 *(.exceptions.irqhandler.user)
 *(.exceptions.irqhandler)
 .exceptions.irqhandler
                0x00000084        0x4 ../shabdolazim_bsp/\libhal_bsp.a(alt_irq_entry.o)
 *(.exceptions.irqreturn.user)
 *(.exceptions.irqreturn)
 .exceptions.irqreturn
                0x00000088        0x4 ../shabdolazim_bsp/\libhal_bsp.a(alt_irq_entry.o)
 *(.exceptions.notirq.label)
 .exceptions.notirq.label
                0x0000008c        0x0 ../shabdolazim_bsp/\libhal_bsp.a(alt_irq_entry.o)
 *(.exceptions.notirq.user)
 *(.exceptions.notirq)
 .exceptions.notirq
                0x0000008c        0x8 ../shabdolazim_bsp/\libhal_bsp.a(alt_exception_entry.o)
 *(.exceptions.soft.user)
 *(.exceptions.soft)
 *(.exceptions.unknown.user)
 *(.exceptions.unknown)
 .exceptions.unknown
                0x00000094        0x4 ../shabdolazim_bsp/\libhal_bsp.a(alt_exception_entry.o)
 *(.exceptions.exit.label)
 .exceptions.exit.label
                0x00000098        0x0 ../shabdolazim_bsp/\libhal_bsp.a(alt_irq_entry.o)
 .exceptions.exit.label
                0x00000098        0x0 ../shabdolazim_bsp/\libhal_bsp.a(alt_exception_entry.o)
 *(.exceptions.exit.user)
 *(.exceptions.exit)
 .exceptions.exit
                0x00000098       0x54 ../shabdolazim_bsp/\libhal_bsp.a(alt_exception_entry.o)
 *(.exceptions)
 .exceptions    0x000000ec       0xcc ../shabdolazim_bsp/\libhal_bsp.a(alt_irq_handler.o)
                0x000000ec                alt_irq_handler
                0x000001b8                PROVIDE (__ram_exceptions_end, ABSOLUTE (.))
                0x00000020                PROVIDE (__flash_exceptions_start, LOADADDR (.exceptions))

.text           0x000001b8    0x11450
                0x000001b8                PROVIDE (stext, ABSOLUTE (.))
 *(.interp)
 *(.hash)
 *(.dynsym)
 *(.dynstr)
 *(.gnu.version)
 *(.gnu.version_d)
 *(.gnu.version_r)
 *(.rel.init)
 *(.rela.init)
 *(.rel.text .rel.text.* .rel.gnu.linkonce.t.*)
 *(.rela.text .rela.text.* .rela.gnu.linkonce.t.*)
 *(.rel.fini)
 *(.rela.fini)
 *(.rel.rodata .rel.rodata.* .rel.gnu.linkonce.r.*)
 *(.rela.rodata .rela.rodata.* .rela.gnu.linkonce.r.*)
 *(.rel.data .rel.data.* .rel.gnu.linkonce.d.*)
 *(.rela.data .rela.data.* .rela.gnu.linkonce.d.*)
 *(.rel.tdata .rel.tdata.* .rel.gnu.linkonce.td.*)
 *(.rela.tdata .rela.tdata.* .rela.gnu.linkonce.td.*)
 *(.rel.tbss .rel.tbss.* .rel.gnu.linkonce.tb.*)
 *(.rela.tbss .rela.tbss.* .rela.gnu.linkonce.tb.*)
 *(.rel.ctors)
 *(.rela.ctors)
 *(.rel.dtors)
 *(.rela.dtors)
 *(.rel.got)
 *(.rela.got)
 *(.rel.sdata .rel.sdata.* .rel.gnu.linkonce.s.*)
 *(.rela.sdata .rela.sdata.* .rela.gnu.linkonce.s.*)
 *(.rel.sbss .rel.sbss.* .rel.gnu.linkonce.sb.*)
 *(.rela.sbss .rela.sbss.* .rela.gnu.linkonce.sb.*)
 *(.rel.sdata2 .rel.sdata2.* .rel.gnu.linkonce.s2.*)
 *(.rela.sdata2 .rela.sdata2.* .rela.gnu.linkonce.s2.*)
 *(.rel.sbss2 .rel.sbss2.* .rel.gnu.linkonce.sb2.*)
 *(.rela.sbss2 .rela.sbss2.* .rela.gnu.linkonce.sb2.*)
 *(.rel.bss .rel.bss.* .rel.gnu.linkonce.b.*)
 *(.rela.bss .rela.bss.* .rela.gnu.linkonce.b.*)
 *(.rel.plt)
 *(.rela.plt)
 *(.rel.dyn)
 *(.init)
 *(.plt)
 *(.text .stub .text.* .gnu.linkonce.t.*)
 .text          0x000001b8       0x3c ../shabdolazim_bsp//obj/HAL/src/crt0.o
                0x000001b8                _start
 .text          0x000001f4       0xc4 obj/default/PS2_ISR.o
                0x000001f4                PS2_ISR
 .text          0x000002b8      0x274 obj/default/audio_ISR.o
                0x000002b8                audio_ISR
 .text          0x0000052c        0x0 obj/default/globals.o
 .text          0x0000052c       0x60 obj/default/interval_timer_ISR.o
                0x0000052c                interval_timer_ISR
 .text          0x0000058c      0xd70 obj/default/media_interrupt_HAL.o
                0x0000058c                main
                0x000011d8                HEX_PS2
 .text          0x000012fc       0xb8 obj/default/pushbutton_ISR.o
                0x000012fc                pushbutton_ISR
 .text          0x000013b4       0xa0 c:/altera/13.0sp1/nios2eds/bin/gnu/h-i686-mingw32/bin/../lib/gcc/nios2-elf/4.1.2/../../../../nios2-elf/lib\libc.a(lib_a-memcpy.o)
                0x000013b4                memcpy
 .text          0x00001454       0x98 c:/altera/13.0sp1/nios2eds/bin/gnu/h-i686-mingw32/bin/../lib/gcc/nios2-elf/4.1.2/../../../../nios2-elf/lib\libc.a(lib_a-memset.o)
                0x00001454                memset
 .text          0x000014ec       0x78 c:/altera/13.0sp1/nios2eds/bin/gnu/h-i686-mingw32/bin/../lib/gcc/nios2-elf/4.1.2/../../../../nios2-elf/lib\libc.a(lib_a-printf.o)
                0x000014ec                printf
                0x00001530                _printf_r
 .text          0x00001564     0x1f28 c:/altera/13.0sp1/nios2eds/bin/gnu/h-i686-mingw32/bin/../lib/gcc/nios2-elf/4.1.2/../../../../nios2-elf/lib\libc.a(lib_a-vfprintf.o)
                0x000015bc                ___vfprintf_internal_r
                0x00003468                __vfprintf_internal
 .text          0x0000348c      0x13c c:/altera/13.0sp1/nios2eds/bin/gnu/h-i686-mingw32/bin/../lib/gcc/nios2-elf/4.1.2/../../../../nios2-elf/lib\libc.a(lib_a-wsetup.o)
                0x0000348c                __swsetup_r
 .text          0x000035c8     0x17cc c:/altera/13.0sp1/nios2eds/bin/gnu/h-i686-mingw32/bin/../lib/gcc/nios2-elf/4.1.2/../../../../nios2-elf/lib\libc.a(lib_a-dtoa.o)
                0x000037e0                _dtoa_r
 .text          0x00004d94      0x230 c:/altera/13.0sp1/nios2eds/bin/gnu/h-i686-mingw32/bin/../lib/gcc/nios2-elf/4.1.2/../../../../nios2-elf/lib\libc.a(lib_a-fflush.o)
                0x00004d94                _fflush_r
                0x00004f90                fflush
 .text          0x00004fc4      0x2c0 c:/altera/13.0sp1/nios2eds/bin/gnu/h-i686-mingw32/bin/../lib/gcc/nios2-elf/4.1.2/../../../../nios2-elf/lib\libc.a(lib_a-findfp.o)
                0x0000501c                __sfp_lock_acquire
                0x00005020                __sfp_lock_release
                0x00005024                __sinit_lock_acquire
                0x00005028                __sinit_lock_release
                0x0000502c                __sinit
                0x000050e0                __fp_unlock_all
                0x000050f8                __fp_lock_all
                0x00005110                _cleanup_r
                0x0000511c                _cleanup
                0x0000512c                __sfmoreglue
                0x00005194                __sfp
 .text          0x00005284      0x440 c:/altera/13.0sp1/nios2eds/bin/gnu/h-i686-mingw32/bin/../lib/gcc/nios2-elf/4.1.2/../../../../nios2-elf/lib\libc.a(lib_a-freer.o)
                0x00005284                _malloc_trim_r
                0x000053b0                _free_r
 .text          0x000056c4      0x49c c:/altera/13.0sp1/nios2eds/bin/gnu/h-i686-mingw32/bin/../lib/gcc/nios2-elf/4.1.2/../../../../nios2-elf/lib\libc.a(lib_a-fvwrite.o)
                0x000056c4                __sfvwrite_r
 .text          0x00005b60      0x180 c:/altera/13.0sp1/nios2eds/bin/gnu/h-i686-mingw32/bin/../lib/gcc/nios2-elf/4.1.2/../../../../nios2-elf/lib\libc.a(lib_a-fwalk.o)
                0x00005b60                _fwalk_reent
                0x00005c28                _fwalk
 .text          0x00005ce0        0x0 c:/altera/13.0sp1/nios2eds/bin/gnu/h-i686-mingw32/bin/../lib/gcc/nios2-elf/4.1.2/../../../../nios2-elf/lib\libc.a(lib_a-impure.o)
 .text          0x00005ce0       0xc4 c:/altera/13.0sp1/nios2eds/bin/gnu/h-i686-mingw32/bin/../lib/gcc/nios2-elf/4.1.2/../../../../nios2-elf/lib\libc.a(lib_a-locale.o)
                0x00005ce0                __locale_charset
                0x00005ce8                _localeconv_r
                0x00005cf4                localeconv
                0x00005d04                _setlocale_r
                0x00005d88                setlocale
 .text          0x00005da4      0x194 c:/altera/13.0sp1/nios2eds/bin/gnu/h-i686-mingw32/bin/../lib/gcc/nios2-elf/4.1.2/../../../../nios2-elf/lib\libc.a(lib_a-makebuf.o)
                0x00005da4                __smakebuf_r
 .text          0x00005f38      0x740 c:/altera/13.0sp1/nios2eds/bin/gnu/h-i686-mingw32/bin/../lib/gcc/nios2-elf/4.1.2/../../../../nios2-elf/lib\libc.a(lib_a-mallocr.o)
                0x00005f38                _malloc_r
 .text          0x00006678       0xe4 c:/altera/13.0sp1/nios2eds/bin/gnu/h-i686-mingw32/bin/../lib/gcc/nios2-elf/4.1.2/../../../../nios2-elf/lib\libc.a(lib_a-memchr.o)
                0x00006678                memchr
 .text          0x0000675c       0xe0 c:/altera/13.0sp1/nios2eds/bin/gnu/h-i686-mingw32/bin/../lib/gcc/nios2-elf/4.1.2/../../../../nios2-elf/lib\libc.a(lib_a-memmove.o)
                0x0000675c                memmove
 .text          0x0000683c      0xff4 c:/altera/13.0sp1/nios2eds/bin/gnu/h-i686-mingw32/bin/../lib/gcc/nios2-elf/4.1.2/../../../../nios2-elf/lib\libc.a(lib_a-mprec.o)
                0x0000683c                _Bfree
                0x00006864                __hi0bits
                0x000068d4                __lo0bits
                0x00006998                __mcmp
                0x000069f8                __ulp
                0x00006a78                __b2d
                0x00006b98                __ratio
                0x00006c48                _mprec_log10
                0x00006cdc                __copybits
                0x00006d34                __any_on
                0x00006dbc                _Balloc
                0x00006e78                __d2b
                0x00006ff4                __mdiff
                0x00007180                __lshift
                0x000072cc                __multiply
                0x000074b4                __i2b
                0x000074f0                __multadd
                0x000075f0                __pow5mult
                0x00007710                __s2b
 .text          0x00007830      0x5f4 c:/altera/13.0sp1/nios2eds/bin/gnu/h-i686-mingw32/bin/../lib/gcc/nios2-elf/4.1.2/../../../../nios2-elf/lib\libc.a(lib_a-reallocr.o)
                0x00007830                _realloc_r
 .text          0x00007e24       0x40 c:/altera/13.0sp1/nios2eds/bin/gnu/h-i686-mingw32/bin/../lib/gcc/nios2-elf/4.1.2/../../../../nios2-elf/lib\libc.a(lib_a-s_isinfd.o)
                0x00007e24                __isinfd
 .text          0x00007e64       0x30 c:/altera/13.0sp1/nios2eds/bin/gnu/h-i686-mingw32/bin/../lib/gcc/nios2-elf/4.1.2/../../../../nios2-elf/lib\libc.a(lib_a-s_isnand.o)
                0x00007e64                __isnand
 .text          0x00007e94       0x70 c:/altera/13.0sp1/nios2eds/bin/gnu/h-i686-mingw32/bin/../lib/gcc/nios2-elf/4.1.2/../../../../nios2-elf/lib\libc.a(lib_a-sbrkr.o)
                0x00007e94                _sbrk_r
 .text          0x00007f04      0x14c c:/altera/13.0sp1/nios2eds/bin/gnu/h-i686-mingw32/bin/../lib/gcc/nios2-elf/4.1.2/../../../../nios2-elf/lib\libc.a(lib_a-stdio.o)
                0x00007f04                __sclose
                0x00007f0c                __sseek
                0x00007f74                __swrite
                0x00007ff0                __sread
 .text          0x00008050       0xbc c:/altera/13.0sp1/nios2eds/bin/gnu/h-i686-mingw32/bin/../lib/gcc/nios2-elf/4.1.2/../../../../nios2-elf/lib\libc.a(lib_a-strcmp.o)
                0x00008050                strcmp
 .text          0x0000810c       0x74 c:/altera/13.0sp1/nios2eds/bin/gnu/h-i686-mingw32/bin/../lib/gcc/nios2-elf/4.1.2/../../../../nios2-elf/lib\libc.a(lib_a-strlen.o)
                0x0000810c                strlen
 .text          0x00008180       0x78 c:/altera/13.0sp1/nios2eds/bin/gnu/h-i686-mingw32/bin/../lib/gcc/nios2-elf/4.1.2/../../../../nios2-elf/lib\libc.a(lib_a-writer.o)
                0x00008180                _write_r
 .text          0x000081f8       0xb4 c:/altera/13.0sp1/nios2eds/bin/gnu/h-i686-mingw32/bin/../lib/gcc/nios2-elf/4.1.2/../../../../nios2-elf/lib\libc.a(lib_a-callocr.o)
                0x000081f8                _calloc_r
 .text          0x000082ac       0x70 c:/altera/13.0sp1/nios2eds/bin/gnu/h-i686-mingw32/bin/../lib/gcc/nios2-elf/4.1.2/../../../../nios2-elf/lib\libc.a(lib_a-closer.o)
                0x000082ac                _close_r
 .text          0x0000831c      0x124 c:/altera/13.0sp1/nios2eds/bin/gnu/h-i686-mingw32/bin/../lib/gcc/nios2-elf/4.1.2/../../../../nios2-elf/lib\libc.a(lib_a-fclose.o)
                0x0000831c                _fclose_r
                0x0000842c                fclose
 .text          0x00008440       0x74 c:/altera/13.0sp1/nios2eds/bin/gnu/h-i686-mingw32/bin/../lib/gcc/nios2-elf/4.1.2/../../../../nios2-elf/lib\libc.a(lib_a-fstatr.o)
                0x00008440                _fstat_r
 .text          0x000084b4        0x0 c:/altera/13.0sp1/nios2eds/bin/gnu/h-i686-mingw32/bin/../lib/gcc/nios2-elf/4.1.2/../../../../nios2-elf/lib\libc.a(lib_a-int_errno.o)
 .text          0x000084b4       0x70 c:/altera/13.0sp1/nios2eds/bin/gnu/h-i686-mingw32/bin/../lib/gcc/nios2-elf/4.1.2/../../../../nios2-elf/lib\libc.a(lib_a-isattyr.o)
                0x000084b4                _isatty_r
 .text          0x00008524       0x78 c:/altera/13.0sp1/nios2eds/bin/gnu/h-i686-mingw32/bin/../lib/gcc/nios2-elf/4.1.2/../../../../nios2-elf/lib\libc.a(lib_a-lseekr.o)
                0x00008524                _lseek_r
 .text          0x0000859c       0x78 c:/altera/13.0sp1/nios2eds/bin/gnu/h-i686-mingw32/bin/../lib/gcc/nios2-elf/4.1.2/../../../../nios2-elf/lib\libc.a(lib_a-readr.o)
                0x0000859c                _read_r
 .text          0x00008614      0x5dc c:/altera/13.0sp1/nios2eds/bin/gnu/h-i686-mingw32/bin/../lib/gcc/nios2-elf/4.1.2\libgcc.a(_udivdi3.o)
                0x00008614                __udivdi3
 .text          0x00008bf0      0x5b0 c:/altera/13.0sp1/nios2eds/bin/gnu/h-i686-mingw32/bin/../lib/gcc/nios2-elf/4.1.2\libgcc.a(_umoddi3.o)
                0x00008bf0                __umoddi3
 .text          0x000091a0      0x504 c:/altera/13.0sp1/nios2eds/bin/gnu/h-i686-mingw32/bin/../lib/gcc/nios2-elf/4.1.2\libgcc.a(_addsub_df.o)
                0x000095b0                __subdf3
                0x00009630                __adddf3
 .text          0x000096a4      0x3c4 c:/altera/13.0sp1/nios2eds/bin/gnu/h-i686-mingw32/bin/../lib/gcc/nios2-elf/4.1.2\libgcc.a(_mul_df.o)
                0x000096a4                __muldf3
 .text          0x00009a68      0x258 c:/altera/13.0sp1/nios2eds/bin/gnu/h-i686-mingw32/bin/../lib/gcc/nios2-elf/4.1.2\libgcc.a(_div_df.o)
                0x00009a68                __divdf3
 .text          0x00009cc0       0x88 c:/altera/13.0sp1/nios2eds/bin/gnu/h-i686-mingw32/bin/../lib/gcc/nios2-elf/4.1.2\libgcc.a(_eq_df.o)
                0x00009cc0                __eqdf2
 .text          0x00009d48       0x88 c:/altera/13.0sp1/nios2eds/bin/gnu/h-i686-mingw32/bin/../lib/gcc/nios2-elf/4.1.2\libgcc.a(_ne_df.o)
                0x00009d48                __nedf2
 .text          0x00009dd0       0x88 c:/altera/13.0sp1/nios2eds/bin/gnu/h-i686-mingw32/bin/../lib/gcc/nios2-elf/4.1.2\libgcc.a(_gt_df.o)
                0x00009dd0                __gtdf2
 .text          0x00009e58       0x88 c:/altera/13.0sp1/nios2eds/bin/gnu/h-i686-mingw32/bin/../lib/gcc/nios2-elf/4.1.2\libgcc.a(_ge_df.o)
                0x00009e58                __gedf2
 .text          0x00009ee0       0x88 c:/altera/13.0sp1/nios2eds/bin/gnu/h-i686-mingw32/bin/../lib/gcc/nios2-elf/4.1.2\libgcc.a(_lt_df.o)
                0x00009ee0                __ltdf2
 .text          0x00009f68       0xf8 c:/altera/13.0sp1/nios2eds/bin/gnu/h-i686-mingw32/bin/../lib/gcc/nios2-elf/4.1.2\libgcc.a(_si_to_df.o)
                0x00009f68                __floatsidf
 .text          0x0000a060       0xd8 c:/altera/13.0sp1/nios2eds/bin/gnu/h-i686-mingw32/bin/../lib/gcc/nios2-elf/4.1.2\libgcc.a(_df_to_si.o)
                0x0000a060                __fixdfsi
 .text          0x0000a138        0x0 c:/altera/13.0sp1/nios2eds/bin/gnu/h-i686-mingw32/bin/../lib/gcc/nios2-elf/4.1.2\libgcc.a(_thenan_df.o)
 .text          0x0000a138      0x194 c:/altera/13.0sp1/nios2eds/bin/gnu/h-i686-mingw32/bin/../lib/gcc/nios2-elf/4.1.2\libgcc.a(_usi_to_df.o)
                0x0000a138                __floatunsidf
 .text          0x0000a2cc      0x14c c:/altera/13.0sp1/nios2eds/bin/gnu/h-i686-mingw32/bin/../lib/gcc/nios2-elf/4.1.2\libgcc.a(lib2-divmod.o)
                0x0000a348                __divsi3
                0x0000a3a8                __modsi3
                0x0000a408                __udivsi3
                0x0000a410                __umodsi3
 .text          0x0000a418       0x98 c:/altera/13.0sp1/nios2eds/bin/gnu/h-i686-mingw32/bin/../lib/gcc/nios2-elf/4.1.2\libgcc.a(_muldi3.o)
                0x0000a418                __muldi3
 .text          0x0000a4b0        0x0 c:/altera/13.0sp1/nios2eds/bin/gnu/h-i686-mingw32/bin/../lib/gcc/nios2-elf/4.1.2\libgcc.a(_clz.o)
 .text          0x0000a4b0       0x80 c:/altera/13.0sp1/nios2eds/bin/gnu/h-i686-mingw32/bin/../lib/gcc/nios2-elf/4.1.2\libgcc.a(_clzsi2.o)
                0x0000a4b0                __clzsi2
 .text          0x0000a530      0x314 c:/altera/13.0sp1/nios2eds/bin/gnu/h-i686-mingw32/bin/../lib/gcc/nios2-elf/4.1.2\libgcc.a(_pack_df.o)
                0x0000a530                __pack_d
 .text          0x0000a844      0x138 c:/altera/13.0sp1/nios2eds/bin/gnu/h-i686-mingw32/bin/../lib/gcc/nios2-elf/4.1.2\libgcc.a(_unpack_df.o)
                0x0000a844                __unpack_d
 .text          0x0000a97c       0xc8 c:/altera/13.0sp1/nios2eds/bin/gnu/h-i686-mingw32/bin/../lib/gcc/nios2-elf/4.1.2\libgcc.a(_fpcmp_parts_df.o)
                0x0000a97c                __fpcmp_parts_d
 .text          0x0000aa44      0x15c ../shabdolazim_bsp/\libhal_bsp.a(alt_close.o)
                0x0000aa44                close
 .text          0x0000aba0       0x2c ../shabdolazim_bsp/\libhal_bsp.a(alt_dev.o)
 .text          0x0000abcc        0x0 ../shabdolazim_bsp/\libhal_bsp.a(alt_errno.o)
 .text          0x0000abcc      0x134 ../shabdolazim_bsp/\libhal_bsp.a(alt_fstat.o)
                0x0000abcc                fstat
 .text          0x0000ad00      0x1c0 ../shabdolazim_bsp/\libhal_bsp.a(alt_irq_register.o)
                0x0000ad00                alt_irq_register
 .text          0x0000aec0        0x0 ../shabdolazim_bsp/\libhal_bsp.a(alt_irq_vars.o)
 .text          0x0000aec0      0x120 ../shabdolazim_bsp/\libhal_bsp.a(alt_isatty.o)
                0x0000aec0                isatty
 .text          0x0000afe0       0xec ../shabdolazim_bsp/\libhal_bsp.a(alt_load.o)
                0x0000afe0                alt_load
 .text          0x0000b0cc      0x150 ../shabdolazim_bsp/\libhal_bsp.a(alt_lseek.o)
                0x0000b0cc                lseek
 .text          0x0000b21c       0x6c ../shabdolazim_bsp/\libhal_bsp.a(alt_main.o)
                0x0000b21c                alt_main
 .text          0x0000b288       0x40 ../shabdolazim_bsp/\libhal_bsp.a(alt_malloc_lock.o)
                0x0000b288                __malloc_lock
                0x0000b2a8                __malloc_unlock
 .text          0x0000b2c8      0x258 ../shabdolazim_bsp/\libhal_bsp.a(alt_printf.o)
                0x0000b2c8                alt_printf
 .text          0x0000b520       0x40 ../shabdolazim_bsp/\libhal_bsp.a(alt_putchar.o)
                0x0000b520                alt_putchar
 .text          0x0000b560      0x180 ../shabdolazim_bsp/\libhal_bsp.a(alt_read.o)
                0x0000b560                read
 .text          0x0000b6e0       0x60 ../shabdolazim_bsp/\libhal_bsp.a(alt_release_fd.o)
                0x0000b6e0                alt_release_fd
 .text          0x0000b740       0xbc ../shabdolazim_bsp/\libhal_bsp.a(alt_sbrk.o)
                0x0000b740                sbrk
 .text          0x0000b7fc      0x180 ../shabdolazim_bsp/\libhal_bsp.a(alt_write.o)
                0x0000b7fc                write
 .text          0x0000b97c      0x46c ../shabdolazim_bsp/\libhal_bsp.a(alt_sys_init.o)
                0x0000b97c                alt_irq_init
                0x0000b9b0                alt_sys_init
 .text          0x0000bde8      0x148 ../shabdolazim_bsp/\libhal_bsp.a(altera_avalon_jtag_uart_fd.o)
                0x0000bde8                altera_avalon_jtag_uart_read_fd
                0x0000be40                altera_avalon_jtag_uart_write_fd
                0x0000be98                altera_avalon_jtag_uart_close_fd
                0x0000bee0                altera_avalon_jtag_uart_ioctl_fd
 .text          0x0000bf30      0x408 ../shabdolazim_bsp/\libhal_bsp.a(altera_avalon_jtag_uart_init.o)
                0x0000bf30                altera_avalon_jtag_uart_init
                0x0000c2c4                altera_avalon_jtag_uart_close
 .text          0x0000c338       0xf4 ../shabdolazim_bsp/\libhal_bsp.a(altera_avalon_jtag_uart_ioctl.o)
                0x0000c338                altera_avalon_jtag_uart_ioctl
 .text          0x0000c42c      0x224 ../shabdolazim_bsp/\libhal_bsp.a(altera_avalon_jtag_uart_read.o)
                0x0000c42c                altera_avalon_jtag_uart_read
 .text          0x0000c650      0x240 ../shabdolazim_bsp/\libhal_bsp.a(altera_avalon_jtag_uart_write.o)
                0x0000c650                altera_avalon_jtag_uart_write
 .text          0x0000c890       0xfc ../shabdolazim_bsp/\libhal_bsp.a(altera_avalon_timer_sc.o)
                0x0000c904                alt_avalon_timer_sc_init
 .text          0x0000c98c      0x80c ../shabdolazim_bsp/\libhal_bsp.a(altera_up_avalon_audio.o)
                0x0000c98c                alt_up_audio_open_dev
                0x0000c9cc                alt_up_audio_enable_read_interrupt
                0x0000ca18                alt_up_audio_disable_read_interrupt
                0x0000ca68                alt_up_audio_enable_write_interrupt
                0x0000cab4                alt_up_audio_disable_write_interrupt
                0x0000cb04                alt_up_audio_read_interrupt_pending
                0x0000cb40                alt_up_audio_write_interrupt_pending
                0x0000cb7c                alt_up_audio_reset_audio_core
                0x0000cc04                alt_up_audio_read_fifo_avail
                0x0000cc74                alt_up_audio_record_r
                0x0000cce4                alt_up_audio_record_l
                0x0000cd54                alt_up_audio_write_fifo_space
                0x0000cdc8                alt_up_audio_play_r
                0x0000ce38                alt_up_audio_play_l
                0x0000cea8                alt_up_audio_read_fifo
                0x0000cfac                alt_up_audio_write_fifo
                0x0000d0d8                alt_up_audio_read_fifo_head
                0x0000d138                alt_up_audio_write_fifo_head
 .text          0x0000d198      0x530 ../shabdolazim_bsp/\libhal_bsp.a(altera_up_avalon_character_lcd.o)
                0x0000d198                get_DDRAM_addr
                0x0000d214                alt_up_character_lcd_send_cmd
                0x0000d248                alt_up_character_lcd_init
                0x0000d27c                alt_up_character_lcd_open_dev
                0x0000d2bc                alt_up_character_lcd_write
                0x0000d334                alt_up_character_lcd_string
                0x0000d3ac                alt_up_character_lcd_write_fd
                0x0000d3f8                alt_up_character_lcd_set_cursor_pos
                0x0000d470                alt_up_character_lcd_shift_cursor
                0x0000d520                alt_up_character_lcd_shift_display
                0x0000d5d0                alt_up_character_lcd_erase_pos
                0x0000d660                alt_up_character_lcd_cursor_off
                0x0000d694                alt_up_character_lcd_cursor_blink_on
 .text          0x0000d6c8      0x150 ../shabdolazim_bsp/\libhal_bsp.a(altera_up_avalon_ethernet.o)
                0x0000d6c8                alt_up_ethernet_init
                0x0000d7d8                alt_up_ethernet_open_dev
 .text          0x0000d818      0x238 ../shabdolazim_bsp/\libhal_bsp.a(altera_up_avalon_ethernet_low_level_driver.o)
                0x0000d818                alt_up_ethernet_reg_read
                0x0000d854                alt_up_ethernet_reg_write
                0x0000d898                alt_up_ethernet_phy_reg_read
                0x0000d978                alt_up_ethernet_phy_reg_write
 .text          0x0000da50      0x394 ../shabdolazim_bsp/\libhal_bsp.a(altera_up_avalon_irda.o)
                0x0000da50                alt_up_irda_enable_read_interrupt
                0x0000daa4                alt_up_irda_disable_read_interrupt
                0x0000dafc                alt_up_irda_get_used_space_in_read_FIFO
                0x0000db38                alt_up_irda_get_available_space_in_write_FIFO
                0x0000db78                alt_up_irda_check_parity
                0x0000dbc8                alt_up_irda_write_data
                0x0000dc10                alt_up_irda_read_data
                0x0000dc84                alt_up_irda_read_fd
                0x0000dd14                alt_up_irda_write_fd
                0x0000dda4                alt_up_irda_open_dev
 .text          0x0000dde4       0x40 ../shabdolazim_bsp/\libhal_bsp.a(altera_up_avalon_parallel_port.o)
                0x0000dde4                alt_up_parallel_port_open_dev
 .text          0x0000de24      0x700 ../shabdolazim_bsp/\libhal_bsp.a(altera_up_avalon_ps2.o)
                0x0000de24                read_RI_bit
                0x0000de58                read_RE_bit
                0x0000de88                read_CE_bit
                0x0000debc                read_num_bytes_available
                0x0000def0                read_data_valid
                0x0000df24                read_data_byte
                0x0000df50                alt_up_ps2_init
                0x0000e01c                alt_up_ps2_enable_read_interrupt
                0x0000e070                alt_up_ps2_disable_read_interrupt
                0x0000e0c8                alt_up_ps2_write_data_byte
                0x0000e140                alt_up_ps2_wait_for_ack
                0x0000e1b0                alt_up_ps2_write_data_byte_with_ack
                0x0000e21c                alt_up_ps2_read_data_byte_timeout
                0x0000e2cc                alt_up_ps2_read_data_byte
                0x0000e348                alt_up_ps2_clear_fifo
                0x0000e3a0                alt_up_ps2_read_fd
                0x0000e43c                alt_up_ps2_write_fd
                0x0000e4e4                alt_up_ps2_open_dev
 .text          0x0000e524      0x398 ../shabdolazim_bsp/\libhal_bsp.a(altera_up_avalon_rs232.o)
                0x0000e524                alt_up_rs232_enable_read_interrupt
                0x0000e578                alt_up_rs232_disable_read_interrupt
                0x0000e5d0                alt_up_rs232_get_used_space_in_read_FIFO
                0x0000e60c                alt_up_rs232_get_available_space_in_write_FIFO
                0x0000e64c                alt_up_rs232_check_parity
                0x0000e69c                alt_up_rs232_write_data
                0x0000e6e4                alt_up_rs232_read_data
                0x0000e758                alt_up_rs232_read_fd
                0x0000e7e8                alt_up_rs232_write_fd
                0x0000e87c                alt_up_rs232_open_dev
 .text          0x0000e8bc      0x304 ../shabdolazim_bsp/\libhal_bsp.a(altera_up_avalon_video_character_buffer_with_dma.o)
                0x0000e8bc                alt_up_char_buffer_init
                0x0000e940                alt_up_char_buffer_open_dev
                0x0000e980                alt_up_char_buffer_draw
                0x0000ea50                alt_up_char_buffer_string
                0x0000eb64                alt_up_char_buffer_clear
 .text          0x0000ebc0     0x156c ../shabdolazim_bsp/\libhal_bsp.a(altera_up_avalon_video_pixel_buffer_dma.o)
                0x0000ebc0                alt_up_pixel_buffer_dma_open_dev
                0x0000ec00                alt_up_pixel_buffer_dma_draw
                0x0000eda0                alt_up_pixel_buffer_dma_change_back_buffer_address
                0x0000edf8                alt_up_pixel_buffer_dma_swap_buffers
                0x0000ee50                alt_up_pixel_buffer_dma_check_swap_buffers_status
                0x0000ee84                alt_up_pixel_buffer_dma_clear_screen
                0x0000efe8                alt_up_pixel_buffer_dma_draw_box
                0x0000f4dc                alt_up_pixel_buffer_dma_draw_hline
                0x0000f82c                alt_up_pixel_buffer_dma_draw_vline
                0x0000fbfc                alt_up_pixel_buffer_dma_draw_rectangle
                0x0000fcc0                helper_plot_pixel
                0x0000fd90                alt_up_pixel_buffer_dma_draw_line
 .text          0x0001012c      0x154 ../shabdolazim_bsp/\libhal_bsp.a(alt_alarm_start.o)
                0x0001012c                alt_alarm_start
 .text          0x00010280       0x1c ../shabdolazim_bsp/\libhal_bsp.a(alt_dcache_flush_all.o)
                0x00010280                alt_dcache_flush_all
 .text          0x0001029c      0x114 ../shabdolazim_bsp/\libhal_bsp.a(alt_dev_llist_insert.o)
                0x0001029c                alt_dev_llist_insert
 .text          0x000103b0       0x64 ../shabdolazim_bsp/\libhal_bsp.a(alt_do_ctors.o)
                0x000103b0                _do_ctors
 .text          0x00010414       0x64 ../shabdolazim_bsp/\libhal_bsp.a(alt_do_dtors.o)
                0x00010414                _do_dtors
 .text          0x00010478       0x94 ../shabdolazim_bsp/\libhal_bsp.a(alt_find_dev.o)
                0x00010478                alt_find_dev
 .text          0x0001050c       0x30 ../shabdolazim_bsp/\libhal_bsp.a(alt_icache_flush_all.o)
                0x0001050c                alt_icache_flush_all
 .text          0x0001053c      0x13c ../shabdolazim_bsp/\libhal_bsp.a(alt_io_redirect.o)
                0x00010600                alt_io_redirect
 .text          0x00010678        0x0 ../shabdolazim_bsp/\libhal_bsp.a(alt_irq_entry.o)
 .text          0x00010678        0x0 ../shabdolazim_bsp/\libhal_bsp.a(alt_irq_handler.o)
 .text          0x00010678      0x2c4 ../shabdolazim_bsp/\libhal_bsp.a(alt_open.o)
                0x00010754                open
 .text          0x0001093c      0x1a4 ../shabdolazim_bsp/\libhal_bsp.a(alt_tick.o)
                0x0001093c                alt_alarm_stop
                0x000109d4                alt_tick
 .text          0x00010ae0       0x30 ../shabdolazim_bsp/\libhal_bsp.a(alt_usleep.o)
                0x00010ae0                usleep
 .text          0x00010b10       0x20 ../shabdolazim_bsp/\libhal_bsp.a(altera_nios2_qsys_irq.o)
                0x00010b10                altera_nios2_qsys_irq_init
 .text          0x00010b30      0x12c ../shabdolazim_bsp/\libhal_bsp.a(alt_busy_sleep.o)
                0x00010b30                alt_busy_sleep
 .text          0x00010c5c        0x0 ../shabdolazim_bsp/\libhal_bsp.a(alt_exception_entry.o)
 .text          0x00010c5c      0x120 ../shabdolazim_bsp/\libhal_bsp.a(alt_find_file.o)
                0x00010c5c                alt_find_file
 .text          0x00010d7c       0xb8 ../shabdolazim_bsp/\libhal_bsp.a(alt_get_fd.o)
                0x00010d7c                alt_get_fd
 .text          0x00010e34       0x90 ../shabdolazim_bsp/\libhal_bsp.a(alt_icache_flush.o)
                0x00010e34                alt_icache_flush
 .text          0x00010ec4       0x14 c:/altera/13.0sp1/nios2eds/bin/gnu/h-i686-mingw32/bin/../lib/gcc/nios2-elf/4.1.2/../../../../nios2-elf/lib\libc.a(lib_a-atexit.o)
                0x00010ec4                atexit
 .text          0x00010ed8       0x38 c:/altera/13.0sp1/nios2eds/bin/gnu/h-i686-mingw32/bin/../lib/gcc/nios2-elf/4.1.2/../../../../nios2-elf/lib\libc.a(lib_a-exit.o)
                0x00010ed8                exit
 .text          0x00010f10       0x74 c:/altera/13.0sp1/nios2eds/bin/gnu/h-i686-mingw32/bin/../lib/gcc/nios2-elf/4.1.2/../../../../nios2-elf/lib\libc.a(lib_a-memcmp.o)
                0x00010f10                memcmp
 .text          0x00010f84      0x1ec c:/altera/13.0sp1/nios2eds/bin/gnu/h-i686-mingw32/bin/../lib/gcc/nios2-elf/4.1.2/../../../../nios2-elf/lib\libc.a(lib_a-putc.o)
                0x00010f84                putc
                0x00011088                _putc_r
 .text          0x00011170      0x14c c:/altera/13.0sp1/nios2eds/bin/gnu/h-i686-mingw32/bin/../lib/gcc/nios2-elf/4.1.2/../../../../nios2-elf/lib\libc.a(lib_a-wbuf.o)
                0x00011170                __swbuf_r
                0x000112a0                __swbuf
 .text          0x000112bc      0x134 c:/altera/13.0sp1/nios2eds/bin/gnu/h-i686-mingw32/bin/../lib/gcc/nios2-elf/4.1.2/../../../../nios2-elf/lib\libc.a(lib_a-__atexit.o)
                0x000112bc                __register_exitproc
 .text          0x000113f0      0x1b4 c:/altera/13.0sp1/nios2eds/bin/gnu/h-i686-mingw32/bin/../lib/gcc/nios2-elf/4.1.2/../../../../nios2-elf/lib\libc.a(lib_a-__call_atexit.o)
                0x000113f4                __call_exitprocs
 .text          0x000115a4       0x60 ../shabdolazim_bsp/\libhal_bsp.a(alt_exit.o)
                0x000115e4                _exit
 *(.gnu.warning.*)
 *(.fini)
                0x00011604                PROVIDE (__etext, ABSOLUTE (.))
                0x00011604                PROVIDE (_etext, ABSOLUTE (.))
                0x00011604                PROVIDE (etext, ABSOLUTE (.))
 *(.eh_frame_hdr)
                0x00011604                . = ALIGN (0x4)
                0x00011604                PROVIDE (__preinit_array_start, ABSOLUTE (.))
 *(.preinit_array)
                0x00011604                PROVIDE (__preinit_array_end, ABSOLUTE (.))
                0x00011604                PROVIDE (__init_array_start, ABSOLUTE (.))
 *(.init_array)
                0x00011604                PROVIDE (__init_array_end, ABSOLUTE (.))
                0x00011604                PROVIDE (__fini_array_start, ABSOLUTE (.))
 *(.fini_array)
                0x00011604                PROVIDE (__fini_array_end, ABSOLUTE (.))
 *(.eh_frame)
 *(.gcc_except_table)
 *(.dynamic)
                0x00011604                PROVIDE (__CTOR_LIST__, ABSOLUTE (.))
 *(.ctors)
 *(SORT(.ctors.*))
 .ctors.65535   0x00011604        0x4 c:/altera/13.0sp1/nios2eds/bin/gnu/h-i686-mingw32/bin/../lib/gcc/nios2-elf/4.1.2/../../../../nios2-elf/lib\libc.a(lib_a-__call_atexit.o)
                0x00011608                PROVIDE (__CTOR_END__, ABSOLUTE (.))
                0x00011608                PROVIDE (__DTOR_LIST__, ABSOLUTE (.))
 *(.dtors)
 *(SORT(.dtors.*))
                0x00011608                PROVIDE (__DTOR_END__, ABSOLUTE (.))
 *(.jcr)
                0x00011608                . = ALIGN (0x4)

.rodata         0x00011608      0x7e4
                0x00011608                PROVIDE (__ram_rodata_start, ABSOLUTE (.))
                0x00011608                . = ALIGN (0x4)
 *(.rodata .rodata.* .gnu.linkonce.r.*)
 .rodata        0x00011608      0x324 obj/default/media_interrupt_HAL.o
 .rodata.str1.4
                0x0001192c       0x5e c:/altera/13.0sp1/nios2eds/bin/gnu/h-i686-mingw32/bin/../lib/gcc/nios2-elf/4.1.2/../../../../nios2-elf/lib\libc.a(lib_a-vfprintf.o)
                                 0x60 (size before relaxing)
 .rodata        0x0001198a       0x20 c:/altera/13.0sp1/nios2eds/bin/gnu/h-i686-mingw32/bin/../lib/gcc/nios2-elf/4.1.2/../../../../nios2-elf/lib\libc.a(lib_a-vfprintf.o)
 *fill*         0x000119aa        0x2 00
 .rodata.str1.4
                0x000119ac       0x10 c:/altera/13.0sp1/nios2eds/bin/gnu/h-i686-mingw32/bin/../lib/gcc/nios2-elf/4.1.2/../../../../nios2-elf/lib\libc.a(lib_a-dtoa.o)
                                 0x14 (size before relaxing)
 .rodata.str1.4
                0x000119bc        0x2 c:/altera/13.0sp1/nios2eds/bin/gnu/h-i686-mingw32/bin/../lib/gcc/nios2-elf/4.1.2/../../../../nios2-elf/lib\libc.a(lib_a-impure.o)
                                  0x4 (size before relaxing)
 *fill*         0x000119be        0x2 00
 .rodata.str1.4
                0x000119c0       0x10 c:/altera/13.0sp1/nios2eds/bin/gnu/h-i686-mingw32/bin/../lib/gcc/nios2-elf/4.1.2/../../../../nios2-elf/lib\libc.a(lib_a-locale.o)
                                 0x18 (size before relaxing)
 .rodata        0x000119d0       0x30 c:/altera/13.0sp1/nios2eds/bin/gnu/h-i686-mingw32/bin/../lib/gcc/nios2-elf/4.1.2/../../../../nios2-elf/lib\libc.a(lib_a-locale.o)
 .rodata        0x00011a00      0x124 c:/altera/13.0sp1/nios2eds/bin/gnu/h-i686-mingw32/bin/../lib/gcc/nios2-elf/4.1.2/../../../../nios2-elf/lib\libc.a(lib_a-mprec.o)
                0x00011a00                __mprec_tens
                0x00011ac8                __mprec_bigtens
                0x00011af0                __mprec_tinytens
 .rodata        0x00011b24       0x14 c:/altera/13.0sp1/nios2eds/bin/gnu/h-i686-mingw32/bin/../lib/gcc/nios2-elf/4.1.2\libgcc.a(_thenan_df.o)
                0x00011b24                __thenan_df
 .rodata        0x00011b38      0x100 c:/altera/13.0sp1/nios2eds/bin/gnu/h-i686-mingw32/bin/../lib/gcc/nios2-elf/4.1.2\libgcc.a(_clz.o)
                0x00011b38                __clz_tab
 .rodata        0x00011c38        0xc ../shabdolazim_bsp/\libhal_bsp.a(alt_dev.o)
 .rodata        0x00011c44       0x10 ../shabdolazim_bsp/\libhal_bsp.a(alt_main.o)
 .rodata        0x00011c54      0x17c ../shabdolazim_bsp/\libhal_bsp.a(alt_sys_init.o)
 .rodata        0x00011dd0       0x1c ../shabdolazim_bsp/\libhal_bsp.a(altera_up_avalon_video_character_buffer_with_dma.o)
 *(.rodata1)
                0x00011dec                . = ALIGN (0x4)
                0x00011dec                PROVIDE (__ram_rodata_end, ABSOLUTE (.))
                0x00011608                PROVIDE (__flash_rodata_start, LOADADDR (.rodata))

.rwdata         0x00011dec     0x1e10 load address 0x00013bfc
                0x00011dec                PROVIDE (__ram_rwdata_start, ABSOLUTE (.))
                0x00011dec                . = ALIGN (0x4)
 *(.got.plt)
 *(.got)
 *(.data1)
 *(.data .data.* .gnu.linkonce.d.*)
 .data          0x00011dec        0x0 ../shabdolazim_bsp//obj/HAL/src/crt0.o
 .data          0x00011dec        0x0 obj/default/PS2_ISR.o
 .data          0x00011dec        0x0 obj/default/audio_ISR.o
 .data          0x00011dec        0x0 obj/default/globals.o
 .data          0x00011dec        0x0 obj/default/interval_timer_ISR.o
 .data          0x00011dec        0x0 obj/default/media_interrupt_HAL.o
 .data          0x00011dec        0x0 obj/default/pushbutton_ISR.o
 .data          0x00011dec        0x0 c:/altera/13.0sp1/nios2eds/bin/gnu/h-i686-mingw32/bin/../lib/gcc/nios2-elf/4.1.2/../../../../nios2-elf/lib\libc.a(lib_a-memcpy.o)
 .data          0x00011dec        0x0 c:/altera/13.0sp1/nios2eds/bin/gnu/h-i686-mingw32/bin/../lib/gcc/nios2-elf/4.1.2/../../../../nios2-elf/lib\libc.a(lib_a-memset.o)
 .data          0x00011dec        0x0 c:/altera/13.0sp1/nios2eds/bin/gnu/h-i686-mingw32/bin/../lib/gcc/nios2-elf/4.1.2/../../../../nios2-elf/lib\libc.a(lib_a-printf.o)
 .data          0x00011dec        0x0 c:/altera/13.0sp1/nios2eds/bin/gnu/h-i686-mingw32/bin/../lib/gcc/nios2-elf/4.1.2/../../../../nios2-elf/lib\libc.a(lib_a-vfprintf.o)
 .data          0x00011dec        0x0 c:/altera/13.0sp1/nios2eds/bin/gnu/h-i686-mingw32/bin/../lib/gcc/nios2-elf/4.1.2/../../../../nios2-elf/lib\libc.a(lib_a-wsetup.o)
 .data          0x00011dec        0x0 c:/altera/13.0sp1/nios2eds/bin/gnu/h-i686-mingw32/bin/../lib/gcc/nios2-elf/4.1.2/../../../../nios2-elf/lib\libc.a(lib_a-dtoa.o)
 .data          0x00011dec        0x0 c:/altera/13.0sp1/nios2eds/bin/gnu/h-i686-mingw32/bin/../lib/gcc/nios2-elf/4.1.2/../../../../nios2-elf/lib\libc.a(lib_a-fflush.o)
 .data          0x00011dec        0x0 c:/altera/13.0sp1/nios2eds/bin/gnu/h-i686-mingw32/bin/../lib/gcc/nios2-elf/4.1.2/../../../../nios2-elf/lib\libc.a(lib_a-findfp.o)
 .data          0x00011dec        0x0 c:/altera/13.0sp1/nios2eds/bin/gnu/h-i686-mingw32/bin/../lib/gcc/nios2-elf/4.1.2/../../../../nios2-elf/lib\libc.a(lib_a-freer.o)
 .data          0x00011dec        0x0 c:/altera/13.0sp1/nios2eds/bin/gnu/h-i686-mingw32/bin/../lib/gcc/nios2-elf/4.1.2/../../../../nios2-elf/lib\libc.a(lib_a-fvwrite.o)
 .data          0x00011dec        0x0 c:/altera/13.0sp1/nios2eds/bin/gnu/h-i686-mingw32/bin/../lib/gcc/nios2-elf/4.1.2/../../../../nios2-elf/lib\libc.a(lib_a-fwalk.o)
 .data          0x00011dec      0x400 c:/altera/13.0sp1/nios2eds/bin/gnu/h-i686-mingw32/bin/../lib/gcc/nios2-elf/4.1.2/../../../../nios2-elf/lib\libc.a(lib_a-impure.o)
 .data          0x000121ec        0xc c:/altera/13.0sp1/nios2eds/bin/gnu/h-i686-mingw32/bin/../lib/gcc/nios2-elf/4.1.2/../../../../nios2-elf/lib\libc.a(lib_a-locale.o)
                0x000121ec                __lc_ctype
 .data          0x000121f8        0x0 c:/altera/13.0sp1/nios2eds/bin/gnu/h-i686-mingw32/bin/../lib/gcc/nios2-elf/4.1.2/../../../../nios2-elf/lib\libc.a(lib_a-makebuf.o)
 .data          0x000121f8      0x408 c:/altera/13.0sp1/nios2eds/bin/gnu/h-i686-mingw32/bin/../lib/gcc/nios2-elf/4.1.2/../../../../nios2-elf/lib\libc.a(lib_a-mallocr.o)
                0x000121f8                __malloc_av_
 .data          0x00012600        0x0 c:/altera/13.0sp1/nios2eds/bin/gnu/h-i686-mingw32/bin/../lib/gcc/nios2-elf/4.1.2/../../../../nios2-elf/lib\libc.a(lib_a-memchr.o)
 .data          0x00012600        0x0 c:/altera/13.0sp1/nios2eds/bin/gnu/h-i686-mingw32/bin/../lib/gcc/nios2-elf/4.1.2/../../../../nios2-elf/lib\libc.a(lib_a-memmove.o)
 .data          0x00012600        0x0 c:/altera/13.0sp1/nios2eds/bin/gnu/h-i686-mingw32/bin/../lib/gcc/nios2-elf/4.1.2/../../../../nios2-elf/lib\libc.a(lib_a-mprec.o)
 .data          0x00012600        0x0 c:/altera/13.0sp1/nios2eds/bin/gnu/h-i686-mingw32/bin/../lib/gcc/nios2-elf/4.1.2/../../../../nios2-elf/lib\libc.a(lib_a-reallocr.o)
 .data          0x00012600        0x0 c:/altera/13.0sp1/nios2eds/bin/gnu/h-i686-mingw32/bin/../lib/gcc/nios2-elf/4.1.2/../../../../nios2-elf/lib\libc.a(lib_a-s_isinfd.o)
 .data          0x00012600        0x0 c:/altera/13.0sp1/nios2eds/bin/gnu/h-i686-mingw32/bin/../lib/gcc/nios2-elf/4.1.2/../../../../nios2-elf/lib\libc.a(lib_a-s_isnand.o)
 .data          0x00012600        0x0 c:/altera/13.0sp1/nios2eds/bin/gnu/h-i686-mingw32/bin/../lib/gcc/nios2-elf/4.1.2/../../../../nios2-elf/lib\libc.a(lib_a-sbrkr.o)
 .data          0x00012600        0x0 c:/altera/13.0sp1/nios2eds/bin/gnu/h-i686-mingw32/bin/../lib/gcc/nios2-elf/4.1.2/../../../../nios2-elf/lib\libc.a(lib_a-stdio.o)
 .data          0x00012600        0x0 c:/altera/13.0sp1/nios2eds/bin/gnu/h-i686-mingw32/bin/../lib/gcc/nios2-elf/4.1.2/../../../../nios2-elf/lib\libc.a(lib_a-strcmp.o)
 .data          0x00012600        0x0 c:/altera/13.0sp1/nios2eds/bin/gnu/h-i686-mingw32/bin/../lib/gcc/nios2-elf/4.1.2/../../../../nios2-elf/lib\libc.a(lib_a-strlen.o)
 .data          0x00012600        0x0 c:/altera/13.0sp1/nios2eds/bin/gnu/h-i686-mingw32/bin/../lib/gcc/nios2-elf/4.1.2/../../../../nios2-elf/lib\libc.a(lib_a-writer.o)
 .data          0x00012600        0x0 c:/altera/13.0sp1/nios2eds/bin/gnu/h-i686-mingw32/bin/../lib/gcc/nios2-elf/4.1.2/../../../../nios2-elf/lib\libc.a(lib_a-callocr.o)
 .data          0x00012600        0x0 c:/altera/13.0sp1/nios2eds/bin/gnu/h-i686-mingw32/bin/../lib/gcc/nios2-elf/4.1.2/../../../../nios2-elf/lib\libc.a(lib_a-closer.o)
 .data          0x00012600        0x0 c:/altera/13.0sp1/nios2eds/bin/gnu/h-i686-mingw32/bin/../lib/gcc/nios2-elf/4.1.2/../../../../nios2-elf/lib\libc.a(lib_a-fclose.o)
 .data          0x00012600        0x0 c:/altera/13.0sp1/nios2eds/bin/gnu/h-i686-mingw32/bin/../lib/gcc/nios2-elf/4.1.2/../../../../nios2-elf/lib\libc.a(lib_a-fstatr.o)
 .data          0x00012600        0x0 c:/altera/13.0sp1/nios2eds/bin/gnu/h-i686-mingw32/bin/../lib/gcc/nios2-elf/4.1.2/../../../../nios2-elf/lib\libc.a(lib_a-int_errno.o)
 .data          0x00012600        0x0 c:/altera/13.0sp1/nios2eds/bin/gnu/h-i686-mingw32/bin/../lib/gcc/nios2-elf/4.1.2/../../../../nios2-elf/lib\libc.a(lib_a-isattyr.o)
 .data          0x00012600        0x0 c:/altera/13.0sp1/nios2eds/bin/gnu/h-i686-mingw32/bin/../lib/gcc/nios2-elf/4.1.2/../../../../nios2-elf/lib\libc.a(lib_a-lseekr.o)
 .data          0x00012600        0x0 c:/altera/13.0sp1/nios2eds/bin/gnu/h-i686-mingw32/bin/../lib/gcc/nios2-elf/4.1.2/../../../../nios2-elf/lib\libc.a(lib_a-readr.o)
 .data          0x00012600        0x0 c:/altera/13.0sp1/nios2eds/bin/gnu/h-i686-mingw32/bin/../lib/gcc/nios2-elf/4.1.2\libgcc.a(_udivdi3.o)
 .data          0x00012600        0x0 c:/altera/13.0sp1/nios2eds/bin/gnu/h-i686-mingw32/bin/../lib/gcc/nios2-elf/4.1.2\libgcc.a(_umoddi3.o)
 .data          0x00012600        0x0 c:/altera/13.0sp1/nios2eds/bin/gnu/h-i686-mingw32/bin/../lib/gcc/nios2-elf/4.1.2\libgcc.a(_addsub_df.o)
 .data          0x00012600        0x0 c:/altera/13.0sp1/nios2eds/bin/gnu/h-i686-mingw32/bin/../lib/gcc/nios2-elf/4.1.2\libgcc.a(_mul_df.o)
 .data          0x00012600        0x0 c:/altera/13.0sp1/nios2eds/bin/gnu/h-i686-mingw32/bin/../lib/gcc/nios2-elf/4.1.2\libgcc.a(_div_df.o)
 .data          0x00012600        0x0 c:/altera/13.0sp1/nios2eds/bin/gnu/h-i686-mingw32/bin/../lib/gcc/nios2-elf/4.1.2\libgcc.a(_eq_df.o)
 .data          0x00012600        0x0 c:/altera/13.0sp1/nios2eds/bin/gnu/h-i686-mingw32/bin/../lib/gcc/nios2-elf/4.1.2\libgcc.a(_ne_df.o)
 .data          0x00012600        0x0 c:/altera/13.0sp1/nios2eds/bin/gnu/h-i686-mingw32/bin/../lib/gcc/nios2-elf/4.1.2\libgcc.a(_gt_df.o)
 .data          0x00012600        0x0 c:/altera/13.0sp1/nios2eds/bin/gnu/h-i686-mingw32/bin/../lib/gcc/nios2-elf/4.1.2\libgcc.a(_ge_df.o)
 .data          0x00012600        0x0 c:/altera/13.0sp1/nios2eds/bin/gnu/h-i686-mingw32/bin/../lib/gcc/nios2-elf/4.1.2\libgcc.a(_lt_df.o)
 .data          0x00012600        0x0 c:/altera/13.0sp1/nios2eds/bin/gnu/h-i686-mingw32/bin/../lib/gcc/nios2-elf/4.1.2\libgcc.a(_si_to_df.o)
 .data          0x00012600        0x0 c:/altera/13.0sp1/nios2eds/bin/gnu/h-i686-mingw32/bin/../lib/gcc/nios2-elf/4.1.2\libgcc.a(_df_to_si.o)
 .data          0x00012600        0x0 c:/altera/13.0sp1/nios2eds/bin/gnu/h-i686-mingw32/bin/../lib/gcc/nios2-elf/4.1.2\libgcc.a(_thenan_df.o)
 .data          0x00012600        0x0 c:/altera/13.0sp1/nios2eds/bin/gnu/h-i686-mingw32/bin/../lib/gcc/nios2-elf/4.1.2\libgcc.a(_usi_to_df.o)
 .data          0x00012600        0x0 c:/altera/13.0sp1/nios2eds/bin/gnu/h-i686-mingw32/bin/../lib/gcc/nios2-elf/4.1.2\libgcc.a(lib2-divmod.o)
 .data          0x00012600        0x0 c:/altera/13.0sp1/nios2eds/bin/gnu/h-i686-mingw32/bin/../lib/gcc/nios2-elf/4.1.2\libgcc.a(_muldi3.o)
 .data          0x00012600        0x0 c:/altera/13.0sp1/nios2eds/bin/gnu/h-i686-mingw32/bin/../lib/gcc/nios2-elf/4.1.2\libgcc.a(_clz.o)
 .data          0x00012600        0x0 c:/altera/13.0sp1/nios2eds/bin/gnu/h-i686-mingw32/bin/../lib/gcc/nios2-elf/4.1.2\libgcc.a(_clzsi2.o)
 .data          0x00012600        0x0 c:/altera/13.0sp1/nios2eds/bin/gnu/h-i686-mingw32/bin/../lib/gcc/nios2-elf/4.1.2\libgcc.a(_pack_df.o)
 .data          0x00012600        0x0 c:/altera/13.0sp1/nios2eds/bin/gnu/h-i686-mingw32/bin/../lib/gcc/nios2-elf/4.1.2\libgcc.a(_unpack_df.o)
 .data          0x00012600        0x0 c:/altera/13.0sp1/nios2eds/bin/gnu/h-i686-mingw32/bin/../lib/gcc/nios2-elf/4.1.2\libgcc.a(_fpcmp_parts_df.o)
 .data          0x00012600        0x0 ../shabdolazim_bsp/\libhal_bsp.a(alt_close.o)
 .data          0x00012600      0x1a8 ../shabdolazim_bsp/\libhal_bsp.a(alt_dev.o)
                0x00012600                alt_dev_null
                0x00012628                alt_fd_list
 .data          0x000127a8        0x0 ../shabdolazim_bsp/\libhal_bsp.a(alt_errno.o)
 .data          0x000127a8        0x0 ../shabdolazim_bsp/\libhal_bsp.a(alt_fstat.o)
 .data          0x000127a8        0x0 ../shabdolazim_bsp/\libhal_bsp.a(alt_irq_register.o)
 .data          0x000127a8        0x0 ../shabdolazim_bsp/\libhal_bsp.a(alt_irq_vars.o)
 .data          0x000127a8        0x0 ../shabdolazim_bsp/\libhal_bsp.a(alt_isatty.o)
 .data          0x000127a8        0x0 ../shabdolazim_bsp/\libhal_bsp.a(alt_load.o)
 .data          0x000127a8        0x0 ../shabdolazim_bsp/\libhal_bsp.a(alt_lseek.o)
 .data          0x000127a8        0x0 ../shabdolazim_bsp/\libhal_bsp.a(alt_main.o)
 .data          0x000127a8        0x0 ../shabdolazim_bsp/\libhal_bsp.a(alt_malloc_lock.o)
 .data          0x000127a8        0x0 ../shabdolazim_bsp/\libhal_bsp.a(alt_printf.o)
 .data          0x000127a8        0x0 ../shabdolazim_bsp/\libhal_bsp.a(alt_putchar.o)
 .data          0x000127a8        0x0 ../shabdolazim_bsp/\libhal_bsp.a(alt_read.o)
 .data          0x000127a8        0x0 ../shabdolazim_bsp/\libhal_bsp.a(alt_release_fd.o)
 .data          0x000127a8        0x0 ../shabdolazim_bsp/\libhal_bsp.a(alt_sbrk.o)
 .data          0x000127a8        0x0 ../shabdolazim_bsp/\libhal_bsp.a(alt_write.o)
 .data          0x000127a8     0x1414 ../shabdolazim_bsp/\libhal_bsp.a(alt_sys_init.o)
 .data          0x00013bbc        0x0 ../shabdolazim_bsp/\libhal_bsp.a(altera_avalon_jtag_uart_fd.o)
 .data          0x00013bbc        0x0 ../shabdolazim_bsp/\libhal_bsp.a(altera_avalon_jtag_uart_init.o)
 .data          0x00013bbc        0x0 ../shabdolazim_bsp/\libhal_bsp.a(altera_avalon_jtag_uart_ioctl.o)
 .data          0x00013bbc        0x0 ../shabdolazim_bsp/\libhal_bsp.a(altera_avalon_jtag_uart_read.o)
 .data          0x00013bbc        0x0 ../shabdolazim_bsp/\libhal_bsp.a(altera_avalon_jtag_uart_write.o)
 .data          0x00013bbc        0x0 ../shabdolazim_bsp/\libhal_bsp.a(altera_avalon_timer_sc.o)
 .data          0x00013bbc        0x0 ../shabdolazim_bsp/\libhal_bsp.a(altera_up_avalon_audio.o)
 .data          0x00013bbc        0x0 ../shabdolazim_bsp/\libhal_bsp.a(altera_up_avalon_character_lcd.o)
 .data          0x00013bbc        0x0 ../shabdolazim_bsp/\libhal_bsp.a(altera_up_avalon_ethernet.o)
 .data          0x00013bbc        0x0 ../shabdolazim_bsp/\libhal_bsp.a(altera_up_avalon_ethernet_low_level_driver.o)
 .data          0x00013bbc        0x0 ../shabdolazim_bsp/\libhal_bsp.a(altera_up_avalon_irda.o)
 .data          0x00013bbc        0x0 ../shabdolazim_bsp/\libhal_bsp.a(altera_up_avalon_parallel_port.o)
 .data          0x00013bbc        0x0 ../shabdolazim_bsp/\libhal_bsp.a(altera_up_avalon_ps2.o)
 .data          0x00013bbc        0x0 ../shabdolazim_bsp/\libhal_bsp.a(altera_up_avalon_rs232.o)
 .data          0x00013bbc        0x0 ../shabdolazim_bsp/\libhal_bsp.a(altera_up_avalon_video_character_buffer_with_dma.o)
 .data          0x00013bbc        0x0 ../shabdolazim_bsp/\libhal_bsp.a(altera_up_avalon_video_pixel_buffer_dma.o)
 .data          0x00013bbc        0x0 ../shabdolazim_bsp/\libhal_bsp.a(alt_alarm_start.o)
 .data          0x00013bbc        0x0 ../shabdolazim_bsp/\libhal_bsp.a(alt_dcache_flush_all.o)
 .data          0x00013bbc        0x0 ../shabdolazim_bsp/\libhal_bsp.a(alt_dev_llist_insert.o)
 .data          0x00013bbc        0x0 ../shabdolazim_bsp/\libhal_bsp.a(alt_do_ctors.o)
 .data          0x00013bbc        0x0 ../shabdolazim_bsp/\libhal_bsp.a(alt_do_dtors.o)
 .data          0x00013bbc        0x0 ../shabdolazim_bsp/\libhal_bsp.a(alt_find_dev.o)
 .data          0x00013bbc        0x0 ../shabdolazim_bsp/\libhal_bsp.a(alt_icache_flush_all.o)
 .data          0x00013bbc        0x0 ../shabdolazim_bsp/\libhal_bsp.a(alt_io_redirect.o)
 .data          0x00013bbc        0x0 ../shabdolazim_bsp/\libhal_bsp.a(alt_irq_entry.o)
 .data          0x00013bbc        0x0 ../shabdolazim_bsp/\libhal_bsp.a(alt_irq_handler.o)
 .data          0x00013bbc        0x0 ../shabdolazim_bsp/\libhal_bsp.a(alt_open.o)
 .data          0x00013bbc        0x0 ../shabdolazim_bsp/\libhal_bsp.a(alt_tick.o)
 .data          0x00013bbc        0x0 ../shabdolazim_bsp/\libhal_bsp.a(alt_usleep.o)
 .data          0x00013bbc        0x0 ../shabdolazim_bsp/\libhal_bsp.a(altera_nios2_qsys_irq.o)
 .data          0x00013bbc        0x0 ../shabdolazim_bsp/\libhal_bsp.a(alt_busy_sleep.o)
 .data          0x00013bbc        0x0 ../shabdolazim_bsp/\libhal_bsp.a(alt_exception_entry.o)
 .data          0x00013bbc        0x0 ../shabdolazim_bsp/\libhal_bsp.a(alt_find_file.o)
 .data          0x00013bbc        0x0 ../shabdolazim_bsp/\libhal_bsp.a(alt_get_fd.o)
 .data          0x00013bbc        0x0 ../shabdolazim_bsp/\libhal_bsp.a(alt_icache_flush.o)
 .data          0x00013bbc        0x0 c:/altera/13.0sp1/nios2eds/bin/gnu/h-i686-mingw32/bin/../lib/gcc/nios2-elf/4.1.2/../../../../nios2-elf/lib\libc.a(lib_a-atexit.o)
 .data          0x00013bbc        0x0 c:/altera/13.0sp1/nios2eds/bin/gnu/h-i686-mingw32/bin/../lib/gcc/nios2-elf/4.1.2/../../../../nios2-elf/lib\libc.a(lib_a-exit.o)
 .data          0x00013bbc        0x0 c:/altera/13.0sp1/nios2eds/bin/gnu/h-i686-mingw32/bin/../lib/gcc/nios2-elf/4.1.2/../../../../nios2-elf/lib\libc.a(lib_a-memcmp.o)
 .data          0x00013bbc        0x0 c:/altera/13.0sp1/nios2eds/bin/gnu/h-i686-mingw32/bin/../lib/gcc/nios2-elf/4.1.2/../../../../nios2-elf/lib\libc.a(lib_a-putc.o)
 .data          0x00013bbc        0x0 c:/altera/13.0sp1/nios2eds/bin/gnu/h-i686-mingw32/bin/../lib/gcc/nios2-elf/4.1.2/../../../../nios2-elf/lib\libc.a(lib_a-wbuf.o)
 .data          0x00013bbc        0x0 c:/altera/13.0sp1/nios2eds/bin/gnu/h-i686-mingw32/bin/../lib/gcc/nios2-elf/4.1.2/../../../../nios2-elf/lib\libc.a(lib_a-__atexit.o)
 .data          0x00013bbc        0x0 c:/altera/13.0sp1/nios2eds/bin/gnu/h-i686-mingw32/bin/../lib/gcc/nios2-elf/4.1.2/../../../../nios2-elf/lib\libc.a(lib_a-__call_atexit.o)
 .data          0x00013bbc        0x0 ../shabdolazim_bsp/\libhal_bsp.a(alt_exit.o)
                0x0001bbbc                _gp = ABSOLUTE ((. + 0x8000))
                0x0001bbbc                PROVIDE (gp, _gp)
 *(.rwdata .rwdata.*)
 *(.sdata .sdata.* .gnu.linkonce.s.*)
 .sdata         0x00013bbc        0x8 c:/altera/13.0sp1/nios2eds/bin/gnu/h-i686-mingw32/bin/../lib/gcc/nios2-elf/4.1.2/../../../../nios2-elf/lib\libc.a(lib_a-impure.o)
                0x00013bbc                _impure_ptr
                0x00013bc0                _global_impure_ptr
 .sdata         0x00013bc4        0x8 c:/altera/13.0sp1/nios2eds/bin/gnu/h-i686-mingw32/bin/../lib/gcc/nios2-elf/4.1.2/../../../../nios2-elf/lib\libc.a(lib_a-locale.o)
                0x00013bc4                __mb_cur_max
 .sdata         0x00013bcc        0x8 c:/altera/13.0sp1/nios2eds/bin/gnu/h-i686-mingw32/bin/../lib/gcc/nios2-elf/4.1.2/../../../../nios2-elf/lib\libc.a(lib_a-mallocr.o)
                0x00013bcc                __malloc_trim_threshold
                0x00013bd0                __malloc_sbrk_base
 .sdata         0x00013bd4       0x14 ../shabdolazim_bsp/\libhal_bsp.a(alt_dev.o)
                0x00013bd4                alt_fs_list
                0x00013bdc                alt_dev_list
                0x00013be4                alt_max_fd
 .sdata         0x00013be8        0x4 ../shabdolazim_bsp/\libhal_bsp.a(alt_errno.o)
                0x00013be8                alt_errno
 .sdata         0x00013bec        0x4 ../shabdolazim_bsp/\libhal_bsp.a(alt_irq_vars.o)
                0x00013bec                alt_priority_mask
 .sdata         0x00013bf0        0x4 ../shabdolazim_bsp/\libhal_bsp.a(alt_sbrk.o)
 .sdata         0x00013bf4        0x8 ../shabdolazim_bsp/\libhal_bsp.a(alt_tick.o)
                0x00013bf4                alt_alarm_list
 *(.sdata2 .sdata2.* .gnu.linkonce.s2.*)
                0x00013bfc                . = ALIGN (0x4)
                0x00013bfc                _edata = ABSOLUTE (.)
                0x00013bfc                PROVIDE (edata, ABSOLUTE (.))
                0x00013bfc                PROVIDE (__ram_rwdata_end, ABSOLUTE (.))
                0x00013bfc                PROVIDE (__flash_rwdata_start, LOADADDR (.rwdata))

.bss            0x00015a0c   0x3d0c1c
                0x00015a0c                __bss_start = ABSOLUTE (.)
                0x00015a0c                PROVIDE (__sbss_start, ABSOLUTE (.))
                0x00015a0c                PROVIDE (___sbss_start, ABSOLUTE (.))
 *(.dynsbss)
 *(.sbss .sbss.* .gnu.linkonce.sb.*)
 .sbss          0x00015a0c        0x4 obj/default/PS2_ISR.o
                0x00015a0c                flag
 .sbss          0x00015a10       0x10 obj/default/globals.o
                0x00015a10                byte2
                0x00015a11                byte3
                0x00015a12                byte1
                0x00015a14                timeout
                0x00015a18                buf_index_play
                0x00015a1c                buf_index_record
 .sbss          0x00015a20        0xc c:/altera/13.0sp1/nios2eds/bin/gnu/h-i686-mingw32/bin/../lib/gcc/nios2-elf/4.1.2/../../../../nios2-elf/lib\libc.a(lib_a-locale.o)
                0x00015a20                __nlocale_changed
                0x00015a24                __mlocale_changed
                0x00015a28                _PathLocale
 .sbss          0x00015a2c        0xc c:/altera/13.0sp1/nios2eds/bin/gnu/h-i686-mingw32/bin/../lib/gcc/nios2-elf/4.1.2/../../../../nios2-elf/lib\libc.a(lib_a-mallocr.o)
                0x00015a2c                __malloc_top_pad
                0x00015a30                __malloc_max_sbrked_mem
                0x00015a34                __malloc_max_total_mem
 .sbss          0x00015a38        0x4 c:/altera/13.0sp1/nios2eds/bin/gnu/h-i686-mingw32/bin/../lib/gcc/nios2-elf/4.1.2/../../../../nios2-elf/lib\libc.a(lib_a-int_errno.o)
                0x00015a38                errno
 .sbss          0x00015a3c        0x4 ../shabdolazim_bsp/\libhal_bsp.a(alt_irq_vars.o)
                0x00015a3c                alt_irq_active
 .sbss          0x00015a40        0xc ../shabdolazim_bsp/\libhal_bsp.a(alt_main.o)
                0x00015a40                alt_argc
                0x00015a44                alt_argv
                0x00015a48                alt_envp
 .sbss          0x00015a4c        0x8 ../shabdolazim_bsp/\libhal_bsp.a(alt_tick.o)
                0x00015a4c                _alt_tick_rate
                0x00015a50                _alt_nticks
 *(.sbss2 .sbss2.* .gnu.linkonce.sb2.*)
 *(.scommon)
                0x00015a54                PROVIDE (__sbss_end, ABSOLUTE (.))
                0x00015a54                PROVIDE (___sbss_end, ABSOLUTE (.))
 *(.dynbss)
 *(.bss .bss.* .gnu.linkonce.b.*)
 .bss           0x00015a54        0x0 ../shabdolazim_bsp//obj/HAL/src/crt0.o
 .bss           0x00015a54        0x0 obj/default/PS2_ISR.o
 .bss           0x00015a54        0x0 obj/default/audio_ISR.o
 .bss           0x00015a54        0x0 obj/default/globals.o
 .bss           0x00015a54        0x0 obj/default/interval_timer_ISR.o
 .bss           0x00015a54        0x0 obj/default/media_interrupt_HAL.o
 .bss           0x00015a54        0x0 obj/default/pushbutton_ISR.o
 .bss           0x00015a54        0x0 c:/altera/13.0sp1/nios2eds/bin/gnu/h-i686-mingw32/bin/../lib/gcc/nios2-elf/4.1.2/../../../../nios2-elf/lib\libc.a(lib_a-memcpy.o)
 .bss           0x00015a54        0x0 c:/altera/13.0sp1/nios2eds/bin/gnu/h-i686-mingw32/bin/../lib/gcc/nios2-elf/4.1.2/../../../../nios2-elf/lib\libc.a(lib_a-memset.o)
 .bss           0x00015a54        0x0 c:/altera/13.0sp1/nios2eds/bin/gnu/h-i686-mingw32/bin/../lib/gcc/nios2-elf/4.1.2/../../../../nios2-elf/lib\libc.a(lib_a-printf.o)
 .bss           0x00015a54        0x0 c:/altera/13.0sp1/nios2eds/bin/gnu/h-i686-mingw32/bin/../lib/gcc/nios2-elf/4.1.2/../../../../nios2-elf/lib\libc.a(lib_a-vfprintf.o)
 .bss           0x00015a54        0x0 c:/altera/13.0sp1/nios2eds/bin/gnu/h-i686-mingw32/bin/../lib/gcc/nios2-elf/4.1.2/../../../../nios2-elf/lib\libc.a(lib_a-wsetup.o)
 .bss           0x00015a54        0x0 c:/altera/13.0sp1/nios2eds/bin/gnu/h-i686-mingw32/bin/../lib/gcc/nios2-elf/4.1.2/../../../../nios2-elf/lib\libc.a(lib_a-dtoa.o)
 .bss           0x00015a54        0x0 c:/altera/13.0sp1/nios2eds/bin/gnu/h-i686-mingw32/bin/../lib/gcc/nios2-elf/4.1.2/../../../../nios2-elf/lib\libc.a(lib_a-fflush.o)
 .bss           0x00015a54        0x0 c:/altera/13.0sp1/nios2eds/bin/gnu/h-i686-mingw32/bin/../lib/gcc/nios2-elf/4.1.2/../../../../nios2-elf/lib\libc.a(lib_a-findfp.o)
 .bss           0x00015a54        0x0 c:/altera/13.0sp1/nios2eds/bin/gnu/h-i686-mingw32/bin/../lib/gcc/nios2-elf/4.1.2/../../../../nios2-elf/lib\libc.a(lib_a-freer.o)
 .bss           0x00015a54        0x0 c:/altera/13.0sp1/nios2eds/bin/gnu/h-i686-mingw32/bin/../lib/gcc/nios2-elf/4.1.2/../../../../nios2-elf/lib\libc.a(lib_a-fvwrite.o)
 .bss           0x00015a54        0x0 c:/altera/13.0sp1/nios2eds/bin/gnu/h-i686-mingw32/bin/../lib/gcc/nios2-elf/4.1.2/../../../../nios2-elf/lib\libc.a(lib_a-fwalk.o)
 .bss           0x00015a54        0x0 c:/altera/13.0sp1/nios2eds/bin/gnu/h-i686-mingw32/bin/../lib/gcc/nios2-elf/4.1.2/../../../../nios2-elf/lib\libc.a(lib_a-impure.o)
 .bss           0x00015a54        0x0 c:/altera/13.0sp1/nios2eds/bin/gnu/h-i686-mingw32/bin/../lib/gcc/nios2-elf/4.1.2/../../../../nios2-elf/lib\libc.a(lib_a-locale.o)
 .bss           0x00015a54        0x0 c:/altera/13.0sp1/nios2eds/bin/gnu/h-i686-mingw32/bin/../lib/gcc/nios2-elf/4.1.2/../../../../nios2-elf/lib\libc.a(lib_a-makebuf.o)
 .bss           0x00015a54       0x28 c:/altera/13.0sp1/nios2eds/bin/gnu/h-i686-mingw32/bin/../lib/gcc/nios2-elf/4.1.2/../../../../nios2-elf/lib\libc.a(lib_a-mallocr.o)
                0x00015a54                __malloc_current_mallinfo
 .bss           0x00015a7c        0x0 c:/altera/13.0sp1/nios2eds/bin/gnu/h-i686-mingw32/bin/../lib/gcc/nios2-elf/4.1.2/../../../../nios2-elf/lib\libc.a(lib_a-memchr.o)
 .bss           0x00015a7c        0x0 c:/altera/13.0sp1/nios2eds/bin/gnu/h-i686-mingw32/bin/../lib/gcc/nios2-elf/4.1.2/../../../../nios2-elf/lib\libc.a(lib_a-memmove.o)
 .bss           0x00015a7c        0x0 c:/altera/13.0sp1/nios2eds/bin/gnu/h-i686-mingw32/bin/../lib/gcc/nios2-elf/4.1.2/../../../../nios2-elf/lib\libc.a(lib_a-mprec.o)
 .bss           0x00015a7c        0x0 c:/altera/13.0sp1/nios2eds/bin/gnu/h-i686-mingw32/bin/../lib/gcc/nios2-elf/4.1.2/../../../../nios2-elf/lib\libc.a(lib_a-reallocr.o)
 .bss           0x00015a7c        0x0 c:/altera/13.0sp1/nios2eds/bin/gnu/h-i686-mingw32/bin/../lib/gcc/nios2-elf/4.1.2/../../../../nios2-elf/lib\libc.a(lib_a-s_isinfd.o)
 .bss           0x00015a7c        0x0 c:/altera/13.0sp1/nios2eds/bin/gnu/h-i686-mingw32/bin/../lib/gcc/nios2-elf/4.1.2/../../../../nios2-elf/lib\libc.a(lib_a-s_isnand.o)
 .bss           0x00015a7c        0x0 c:/altera/13.0sp1/nios2eds/bin/gnu/h-i686-mingw32/bin/../lib/gcc/nios2-elf/4.1.2/../../../../nios2-elf/lib\libc.a(lib_a-sbrkr.o)
 .bss           0x00015a7c        0x0 c:/altera/13.0sp1/nios2eds/bin/gnu/h-i686-mingw32/bin/../lib/gcc/nios2-elf/4.1.2/../../../../nios2-elf/lib\libc.a(lib_a-stdio.o)
 .bss           0x00015a7c        0x0 c:/altera/13.0sp1/nios2eds/bin/gnu/h-i686-mingw32/bin/../lib/gcc/nios2-elf/4.1.2/../../../../nios2-elf/lib\libc.a(lib_a-strcmp.o)
 .bss           0x00015a7c        0x0 c:/altera/13.0sp1/nios2eds/bin/gnu/h-i686-mingw32/bin/../lib/gcc/nios2-elf/4.1.2/../../../../nios2-elf/lib\libc.a(lib_a-strlen.o)
 .bss           0x00015a7c        0x0 c:/altera/13.0sp1/nios2eds/bin/gnu/h-i686-mingw32/bin/../lib/gcc/nios2-elf/4.1.2/../../../../nios2-elf/lib\libc.a(lib_a-writer.o)
 .bss           0x00015a7c        0x0 c:/altera/13.0sp1/nios2eds/bin/gnu/h-i686-mingw32/bin/../lib/gcc/nios2-elf/4.1.2/../../../../nios2-elf/lib\libc.a(lib_a-callocr.o)
 .bss           0x00015a7c        0x0 c:/altera/13.0sp1/nios2eds/bin/gnu/h-i686-mingw32/bin/../lib/gcc/nios2-elf/4.1.2/../../../../nios2-elf/lib\libc.a(lib_a-closer.o)
 .bss           0x00015a7c        0x0 c:/altera/13.0sp1/nios2eds/bin/gnu/h-i686-mingw32/bin/../lib/gcc/nios2-elf/4.1.2/../../../../nios2-elf/lib\libc.a(lib_a-fclose.o)
 .bss           0x00015a7c        0x0 c:/altera/13.0sp1/nios2eds/bin/gnu/h-i686-mingw32/bin/../lib/gcc/nios2-elf/4.1.2/../../../../nios2-elf/lib\libc.a(lib_a-fstatr.o)
 .bss           0x00015a7c        0x0 c:/altera/13.0sp1/nios2eds/bin/gnu/h-i686-mingw32/bin/../lib/gcc/nios2-elf/4.1.2/../../../../nios2-elf/lib\libc.a(lib_a-int_errno.o)
 .bss           0x00015a7c        0x0 c:/altera/13.0sp1/nios2eds/bin/gnu/h-i686-mingw32/bin/../lib/gcc/nios2-elf/4.1.2/../../../../nios2-elf/lib\libc.a(lib_a-isattyr.o)
 .bss           0x00015a7c        0x0 c:/altera/13.0sp1/nios2eds/bin/gnu/h-i686-mingw32/bin/../lib/gcc/nios2-elf/4.1.2/../../../../nios2-elf/lib\libc.a(lib_a-lseekr.o)
 .bss           0x00015a7c        0x0 c:/altera/13.0sp1/nios2eds/bin/gnu/h-i686-mingw32/bin/../lib/gcc/nios2-elf/4.1.2/../../../../nios2-elf/lib\libc.a(lib_a-readr.o)
 .bss           0x00015a7c        0x0 c:/altera/13.0sp1/nios2eds/bin/gnu/h-i686-mingw32/bin/../lib/gcc/nios2-elf/4.1.2\libgcc.a(_udivdi3.o)
 .bss           0x00015a7c        0x0 c:/altera/13.0sp1/nios2eds/bin/gnu/h-i686-mingw32/bin/../lib/gcc/nios2-elf/4.1.2\libgcc.a(_umoddi3.o)
 .bss           0x00015a7c        0x0 c:/altera/13.0sp1/nios2eds/bin/gnu/h-i686-mingw32/bin/../lib/gcc/nios2-elf/4.1.2\libgcc.a(_addsub_df.o)
 .bss           0x00015a7c        0x0 c:/altera/13.0sp1/nios2eds/bin/gnu/h-i686-mingw32/bin/../lib/gcc/nios2-elf/4.1.2\libgcc.a(_mul_df.o)
 .bss           0x00015a7c        0x0 c:/altera/13.0sp1/nios2eds/bin/gnu/h-i686-mingw32/bin/../lib/gcc/nios2-elf/4.1.2\libgcc.a(_div_df.o)
 .bss           0x00015a7c        0x0 c:/altera/13.0sp1/nios2eds/bin/gnu/h-i686-mingw32/bin/../lib/gcc/nios2-elf/4.1.2\libgcc.a(_eq_df.o)
 .bss           0x00015a7c        0x0 c:/altera/13.0sp1/nios2eds/bin/gnu/h-i686-mingw32/bin/../lib/gcc/nios2-elf/4.1.2\libgcc.a(_ne_df.o)
 .bss           0x00015a7c        0x0 c:/altera/13.0sp1/nios2eds/bin/gnu/h-i686-mingw32/bin/../lib/gcc/nios2-elf/4.1.2\libgcc.a(_gt_df.o)
 .bss           0x00015a7c        0x0 c:/altera/13.0sp1/nios2eds/bin/gnu/h-i686-mingw32/bin/../lib/gcc/nios2-elf/4.1.2\libgcc.a(_ge_df.o)
 .bss           0x00015a7c        0x0 c:/altera/13.0sp1/nios2eds/bin/gnu/h-i686-mingw32/bin/../lib/gcc/nios2-elf/4.1.2\libgcc.a(_lt_df.o)
 .bss           0x00015a7c        0x0 c:/altera/13.0sp1/nios2eds/bin/gnu/h-i686-mingw32/bin/../lib/gcc/nios2-elf/4.1.2\libgcc.a(_si_to_df.o)
 .bss           0x00015a7c        0x0 c:/altera/13.0sp1/nios2eds/bin/gnu/h-i686-mingw32/bin/../lib/gcc/nios2-elf/4.1.2\libgcc.a(_df_to_si.o)
 .bss           0x00015a7c        0x0 c:/altera/13.0sp1/nios2eds/bin/gnu/h-i686-mingw32/bin/../lib/gcc/nios2-elf/4.1.2\libgcc.a(_thenan_df.o)
 .bss           0x00015a7c        0x0 c:/altera/13.0sp1/nios2eds/bin/gnu/h-i686-mingw32/bin/../lib/gcc/nios2-elf/4.1.2\libgcc.a(_usi_to_df.o)
 .bss           0x00015a7c        0x0 c:/altera/13.0sp1/nios2eds/bin/gnu/h-i686-mingw32/bin/../lib/gcc/nios2-elf/4.1.2\libgcc.a(lib2-divmod.o)
 .bss           0x00015a7c        0x0 c:/altera/13.0sp1/nios2eds/bin/gnu/h-i686-mingw32/bin/../lib/gcc/nios2-elf/4.1.2\libgcc.a(_muldi3.o)
 .bss           0x00015a7c        0x0 c:/altera/13.0sp1/nios2eds/bin/gnu/h-i686-mingw32/bin/../lib/gcc/nios2-elf/4.1.2\libgcc.a(_clz.o)
 .bss           0x00015a7c        0x0 c:/altera/13.0sp1/nios2eds/bin/gnu/h-i686-mingw32/bin/../lib/gcc/nios2-elf/4.1.2\libgcc.a(_clzsi2.o)
 .bss           0x00015a7c        0x0 c:/altera/13.0sp1/nios2eds/bin/gnu/h-i686-mingw32/bin/../lib/gcc/nios2-elf/4.1.2\libgcc.a(_pack_df.o)
 .bss           0x00015a7c        0x0 c:/altera/13.0sp1/nios2eds/bin/gnu/h-i686-mingw32/bin/../lib/gcc/nios2-elf/4.1.2\libgcc.a(_unpack_df.o)
 .bss           0x00015a7c        0x0 c:/altera/13.0sp1/nios2eds/bin/gnu/h-i686-mingw32/bin/../lib/gcc/nios2-elf/4.1.2\libgcc.a(_fpcmp_parts_df.o)
 .bss           0x00015a7c        0x0 ../shabdolazim_bsp/\libhal_bsp.a(alt_close.o)
 .bss           0x00015a7c        0x0 ../shabdolazim_bsp/\libhal_bsp.a(alt_dev.o)
 .bss           0x00015a7c        0x0 ../shabdolazim_bsp/\libhal_bsp.a(alt_errno.o)
 .bss           0x00015a7c        0x0 ../shabdolazim_bsp/\libhal_bsp.a(alt_fstat.o)
 .bss           0x00015a7c        0x0 ../shabdolazim_bsp/\libhal_bsp.a(alt_irq_register.o)
 .bss           0x00015a7c        0x0 ../shabdolazim_bsp/\libhal_bsp.a(alt_irq_vars.o)
 .bss           0x00015a7c        0x0 ../shabdolazim_bsp/\libhal_bsp.a(alt_isatty.o)
 .bss           0x00015a7c        0x0 ../shabdolazim_bsp/\libhal_bsp.a(alt_load.o)
 .bss           0x00015a7c        0x0 ../shabdolazim_bsp/\libhal_bsp.a(alt_lseek.o)
 .bss           0x00015a7c        0x0 ../shabdolazim_bsp/\libhal_bsp.a(alt_main.o)
 .bss           0x00015a7c        0x0 ../shabdolazim_bsp/\libhal_bsp.a(alt_malloc_lock.o)
 .bss           0x00015a7c        0x0 ../shabdolazim_bsp/\libhal_bsp.a(alt_printf.o)
 .bss           0x00015a7c        0x0 ../shabdolazim_bsp/\libhal_bsp.a(alt_putchar.o)
 .bss           0x00015a7c        0x0 ../shabdolazim_bsp/\libhal_bsp.a(alt_read.o)
 .bss           0x00015a7c        0x0 ../shabdolazim_bsp/\libhal_bsp.a(alt_release_fd.o)
 .bss           0x00015a7c        0x0 ../shabdolazim_bsp/\libhal_bsp.a(alt_sbrk.o)
 .bss           0x00015a7c        0x0 ../shabdolazim_bsp/\libhal_bsp.a(alt_write.o)
 .bss           0x00015a7c        0x0 ../shabdolazim_bsp/\libhal_bsp.a(alt_sys_init.o)
 .bss           0x00015a7c        0x0 ../shabdolazim_bsp/\libhal_bsp.a(altera_avalon_jtag_uart_fd.o)
 .bss           0x00015a7c        0x0 ../shabdolazim_bsp/\libhal_bsp.a(altera_avalon_jtag_uart_init.o)
 .bss           0x00015a7c        0x0 ../shabdolazim_bsp/\libhal_bsp.a(altera_avalon_jtag_uart_ioctl.o)
 .bss           0x00015a7c        0x0 ../shabdolazim_bsp/\libhal_bsp.a(altera_avalon_jtag_uart_read.o)
 .bss           0x00015a7c        0x0 ../shabdolazim_bsp/\libhal_bsp.a(altera_avalon_jtag_uart_write.o)
 .bss           0x00015a7c        0x0 ../shabdolazim_bsp/\libhal_bsp.a(altera_avalon_timer_sc.o)
 .bss           0x00015a7c        0x0 ../shabdolazim_bsp/\libhal_bsp.a(altera_up_avalon_audio.o)
 .bss           0x00015a7c        0x0 ../shabdolazim_bsp/\libhal_bsp.a(altera_up_avalon_character_lcd.o)
 .bss           0x00015a7c        0x0 ../shabdolazim_bsp/\libhal_bsp.a(altera_up_avalon_ethernet.o)
 .bss           0x00015a7c        0x0 ../shabdolazim_bsp/\libhal_bsp.a(altera_up_avalon_ethernet_low_level_driver.o)
 .bss           0x00015a7c        0x0 ../shabdolazim_bsp/\libhal_bsp.a(altera_up_avalon_irda.o)
 .bss           0x00015a7c        0x0 ../shabdolazim_bsp/\libhal_bsp.a(altera_up_avalon_parallel_port.o)
 .bss           0x00015a7c        0x0 ../shabdolazim_bsp/\libhal_bsp.a(altera_up_avalon_ps2.o)
 .bss           0x00015a7c        0x0 ../shabdolazim_bsp/\libhal_bsp.a(altera_up_avalon_rs232.o)
 .bss           0x00015a7c        0x0 ../shabdolazim_bsp/\libhal_bsp.a(altera_up_avalon_video_character_buffer_with_dma.o)
 .bss           0x00015a7c        0x0 ../shabdolazim_bsp/\libhal_bsp.a(altera_up_avalon_video_pixel_buffer_dma.o)
 .bss           0x00015a7c        0x0 ../shabdolazim_bsp/\libhal_bsp.a(alt_alarm_start.o)
 .bss           0x00015a7c        0x0 ../shabdolazim_bsp/\libhal_bsp.a(alt_dcache_flush_all.o)
 .bss           0x00015a7c        0x0 ../shabdolazim_bsp/\libhal_bsp.a(alt_dev_llist_insert.o)
 .bss           0x00015a7c        0x0 ../shabdolazim_bsp/\libhal_bsp.a(alt_do_ctors.o)
 .bss           0x00015a7c        0x0 ../shabdolazim_bsp/\libhal_bsp.a(alt_do_dtors.o)
 .bss           0x00015a7c        0x0 ../shabdolazim_bsp/\libhal_bsp.a(alt_find_dev.o)
 .bss           0x00015a7c        0x0 ../shabdolazim_bsp/\libhal_bsp.a(alt_icache_flush_all.o)
 .bss           0x00015a7c        0x0 ../shabdolazim_bsp/\libhal_bsp.a(alt_io_redirect.o)
 .bss           0x00015a7c        0x0 ../shabdolazim_bsp/\libhal_bsp.a(alt_irq_entry.o)
 .bss           0x00015a7c        0x0 ../shabdolazim_bsp/\libhal_bsp.a(alt_irq_handler.o)
 .bss           0x00015a7c        0x0 ../shabdolazim_bsp/\libhal_bsp.a(alt_open.o)
 .bss           0x00015a7c        0x0 ../shabdolazim_bsp/\libhal_bsp.a(alt_tick.o)
 .bss           0x00015a7c        0x0 ../shabdolazim_bsp/\libhal_bsp.a(alt_usleep.o)
 .bss           0x00015a7c        0x0 ../shabdolazim_bsp/\libhal_bsp.a(altera_nios2_qsys_irq.o)
 .bss           0x00015a7c        0x0 ../shabdolazim_bsp/\libhal_bsp.a(alt_busy_sleep.o)
 .bss           0x00015a7c        0x0 ../shabdolazim_bsp/\libhal_bsp.a(alt_exception_entry.o)
 .bss           0x00015a7c        0x0 ../shabdolazim_bsp/\libhal_bsp.a(alt_find_file.o)
 .bss           0x00015a7c        0x0 ../shabdolazim_bsp/\libhal_bsp.a(alt_get_fd.o)
 .bss           0x00015a7c        0x0 ../shabdolazim_bsp/\libhal_bsp.a(alt_icache_flush.o)
 .bss           0x00015a7c        0x0 c:/altera/13.0sp1/nios2eds/bin/gnu/h-i686-mingw32/bin/../lib/gcc/nios2-elf/4.1.2/../../../../nios2-elf/lib\libc.a(lib_a-atexit.o)
 .bss           0x00015a7c        0x0 c:/altera/13.0sp1/nios2eds/bin/gnu/h-i686-mingw32/bin/../lib/gcc/nios2-elf/4.1.2/../../../../nios2-elf/lib\libc.a(lib_a-exit.o)
 .bss           0x00015a7c        0x0 c:/altera/13.0sp1/nios2eds/bin/gnu/h-i686-mingw32/bin/../lib/gcc/nios2-elf/4.1.2/../../../../nios2-elf/lib\libc.a(lib_a-memcmp.o)
 .bss           0x00015a7c        0x0 c:/altera/13.0sp1/nios2eds/bin/gnu/h-i686-mingw32/bin/../lib/gcc/nios2-elf/4.1.2/../../../../nios2-elf/lib\libc.a(lib_a-putc.o)
 .bss           0x00015a7c        0x0 c:/altera/13.0sp1/nios2eds/bin/gnu/h-i686-mingw32/bin/../lib/gcc/nios2-elf/4.1.2/../../../../nios2-elf/lib\libc.a(lib_a-wbuf.o)
 .bss           0x00015a7c        0x0 c:/altera/13.0sp1/nios2eds/bin/gnu/h-i686-mingw32/bin/../lib/gcc/nios2-elf/4.1.2/../../../../nios2-elf/lib\libc.a(lib_a-__atexit.o)
 .bss           0x00015a7c        0x0 c:/altera/13.0sp1/nios2eds/bin/gnu/h-i686-mingw32/bin/../lib/gcc/nios2-elf/4.1.2/../../../../nios2-elf/lib\libc.a(lib_a-__call_atexit.o)
 .bss           0x00015a7c        0x0 ../shabdolazim_bsp/\libhal_bsp.a(alt_exit.o)
 *(COMMON)
 COMMON         0x00015a7c   0x3d0900 obj/default/PS2_ISR.o
                0x00015a7c                le_buf
                0x00109cbc                r_buf
                0x001fdefc                re_buf
                0x002f213c                l_buf
 COMMON         0x003e637c       0x1c obj/default/globals.o
                0x003e637c                up_dev
 COMMON         0x003e6398      0x100 ../shabdolazim_bsp/\libhal_bsp.a(alt_irq_handler.o)
                0x003e6398                alt_irq
 COMMON         0x003e6498      0x190 c:/altera/13.0sp1/nios2eds/bin/gnu/h-i686-mingw32/bin/../lib/gcc/nios2-elf/4.1.2/../../../../nios2-elf/lib\libc.a(lib_a-atexit.o)
                0x003e6498                _atexit0
                0x003e6628                . = ALIGN (0x4)
                0x003e6628                __bss_end = ABSOLUTE (.)

.SDRAM          0x003e6628        0x0
                0x003e6628                PROVIDE (_alt_partition_SDRAM_start, ABSOLUTE (.))
 *(.SDRAM. SDRAM.*)
                0x003e6628                . = ALIGN (0x4)
                0x003e6628                PROVIDE (_alt_partition_SDRAM_end, ABSOLUTE (.))
                0x003e6628                _end = ABSOLUTE (.)
                0x003e6628                end = ABSOLUTE (.)
                0x003e6628                __alt_stack_base = ABSOLUTE (.)
                0x003e6628                PROVIDE (_alt_partition_SDRAM_load_addr, LOADADDR (.SDRAM))

.Flash_flash_data
                0x0c000000        0x0 load address 0x003e6628
                0x0c000000                PROVIDE (_alt_partition_Flash_flash_data_start, ABSOLUTE (.))
 *(.Flash_flash_data. Flash_flash_data.*)
                0x0c000000                . = ALIGN (0x4)
                0x0c000000                PROVIDE (_alt_partition_Flash_flash_data_end, ABSOLUTE (.))
                0x003e6628                PROVIDE (_alt_partition_Flash_flash_data_load_addr, LOADADDR (.Flash_flash_data))

.stab
 *(.stab)

.stabstr
 *(.stabstr)

.stab.excl
 *(.stab.excl)

.stab.exclstr
 *(.stab.exclstr)

.stab.index
 *(.stab.index)

.stab.indexstr
 *(.stab.indexstr)

.comment        0x00000000       0x26
 *(.comment)
 .comment       0x00000000       0x26 obj/default/PS2_ISR.o
                                 0x27 (size before relaxing)
 .comment       0x00000000       0x27 obj/default/audio_ISR.o
 .comment       0x00000000       0x27 obj/default/globals.o
 .comment       0x00000000       0x27 obj/default/interval_timer_ISR.o
 .comment       0x00000000       0x27 obj/default/media_interrupt_HAL.o
 .comment       0x00000000       0x27 obj/default/pushbutton_ISR.o
 .comment       0x00000000       0x27 c:/altera/13.0sp1/nios2eds/bin/gnu/h-i686-mingw32/bin/../lib/gcc/nios2-elf/4.1.2/../../../../nios2-elf/lib\libc.a(lib_a-memcpy.o)
 .comment       0x00000000       0x27 c:/altera/13.0sp1/nios2eds/bin/gnu/h-i686-mingw32/bin/../lib/gcc/nios2-elf/4.1.2/../../../../nios2-elf/lib\libc.a(lib_a-memset.o)
 .comment       0x00000000       0x27 c:/altera/13.0sp1/nios2eds/bin/gnu/h-i686-mingw32/bin/../lib/gcc/nios2-elf/4.1.2/../../../../nios2-elf/lib\libc.a(lib_a-printf.o)
 .comment       0x00000000       0x27 c:/altera/13.0sp1/nios2eds/bin/gnu/h-i686-mingw32/bin/../lib/gcc/nios2-elf/4.1.2/../../../../nios2-elf/lib\libc.a(lib_a-vfprintf.o)
 .comment       0x00000000       0x27 c:/altera/13.0sp1/nios2eds/bin/gnu/h-i686-mingw32/bin/../lib/gcc/nios2-elf/4.1.2/../../../../nios2-elf/lib\libc.a(lib_a-wsetup.o)
 .comment       0x00000000       0x27 c:/altera/13.0sp1/nios2eds/bin/gnu/h-i686-mingw32/bin/../lib/gcc/nios2-elf/4.1.2/../../../../nios2-elf/lib\libc.a(lib_a-dtoa.o)
 .comment       0x00000000       0x27 c:/altera/13.0sp1/nios2eds/bin/gnu/h-i686-mingw32/bin/../lib/gcc/nios2-elf/4.1.2/../../../../nios2-elf/lib\libc.a(lib_a-fflush.o)
 .comment       0x00000000       0x27 c:/altera/13.0sp1/nios2eds/bin/gnu/h-i686-mingw32/bin/../lib/gcc/nios2-elf/4.1.2/../../../../nios2-elf/lib\libc.a(lib_a-findfp.o)
 .comment       0x00000000       0x27 c:/altera/13.0sp1/nios2eds/bin/gnu/h-i686-mingw32/bin/../lib/gcc/nios2-elf/4.1.2/../../../../nios2-elf/lib\libc.a(lib_a-freer.o)
 .comment       0x00000000       0x27 c:/altera/13.0sp1/nios2eds/bin/gnu/h-i686-mingw32/bin/../lib/gcc/nios2-elf/4.1.2/../../../../nios2-elf/lib\libc.a(lib_a-fvwrite.o)
 .comment       0x00000000       0x27 c:/altera/13.0sp1/nios2eds/bin/gnu/h-i686-mingw32/bin/../lib/gcc/nios2-elf/4.1.2/../../../../nios2-elf/lib\libc.a(lib_a-fwalk.o)
 .comment       0x00000000       0x27 c:/altera/13.0sp1/nios2eds/bin/gnu/h-i686-mingw32/bin/../lib/gcc/nios2-elf/4.1.2/../../../../nios2-elf/lib\libc.a(lib_a-impure.o)
 .comment       0x00000000       0x27 c:/altera/13.0sp1/nios2eds/bin/gnu/h-i686-mingw32/bin/../lib/gcc/nios2-elf/4.1.2/../../../../nios2-elf/lib\libc.a(lib_a-locale.o)
 .comment       0x00000000       0x27 c:/altera/13.0sp1/nios2eds/bin/gnu/h-i686-mingw32/bin/../lib/gcc/nios2-elf/4.1.2/../../../../nios2-elf/lib\libc.a(lib_a-makebuf.o)
 .comment       0x00000000       0x27 c:/altera/13.0sp1/nios2eds/bin/gnu/h-i686-mingw32/bin/../lib/gcc/nios2-elf/4.1.2/../../../../nios2-elf/lib\libc.a(lib_a-mallocr.o)
 .comment       0x00000000       0x27 c:/altera/13.0sp1/nios2eds/bin/gnu/h-i686-mingw32/bin/../lib/gcc/nios2-elf/4.1.2/../../../../nios2-elf/lib\libc.a(lib_a-memchr.o)
 .comment       0x00000000       0x27 c:/altera/13.0sp1/nios2eds/bin/gnu/h-i686-mingw32/bin/../lib/gcc/nios2-elf/4.1.2/../../../../nios2-elf/lib\libc.a(lib_a-memmove.o)
 .comment       0x00000000       0x27 c:/altera/13.0sp1/nios2eds/bin/gnu/h-i686-mingw32/bin/../lib/gcc/nios2-elf/4.1.2/../../../../nios2-elf/lib\libc.a(lib_a-mprec.o)
 .comment       0x00000000       0x27 c:/altera/13.0sp1/nios2eds/bin/gnu/h-i686-mingw32/bin/../lib/gcc/nios2-elf/4.1.2/../../../../nios2-elf/lib\libc.a(lib_a-reallocr.o)
 .comment       0x00000000       0x27 c:/altera/13.0sp1/nios2eds/bin/gnu/h-i686-mingw32/bin/../lib/gcc/nios2-elf/4.1.2/../../../../nios2-elf/lib\libc.a(lib_a-s_isinfd.o)
 .comment       0x00000000       0x27 c:/altera/13.0sp1/nios2eds/bin/gnu/h-i686-mingw32/bin/../lib/gcc/nios2-elf/4.1.2/../../../../nios2-elf/lib\libc.a(lib_a-s_isnand.o)
 .comment       0x00000000       0x27 c:/altera/13.0sp1/nios2eds/bin/gnu/h-i686-mingw32/bin/../lib/gcc/nios2-elf/4.1.2/../../../../nios2-elf/lib\libc.a(lib_a-sbrkr.o)
 .comment       0x00000000       0x27 c:/altera/13.0sp1/nios2eds/bin/gnu/h-i686-mingw32/bin/../lib/gcc/nios2-elf/4.1.2/../../../../nios2-elf/lib\libc.a(lib_a-stdio.o)
 .comment       0x00000000       0x27 c:/altera/13.0sp1/nios2eds/bin/gnu/h-i686-mingw32/bin/../lib/gcc/nios2-elf/4.1.2/../../../../nios2-elf/lib\libc.a(lib_a-strcmp.o)
 .comment       0x00000000       0x27 c:/altera/13.0sp1/nios2eds/bin/gnu/h-i686-mingw32/bin/../lib/gcc/nios2-elf/4.1.2/../../../../nios2-elf/lib\libc.a(lib_a-strlen.o)
 .comment       0x00000000       0x27 c:/altera/13.0sp1/nios2eds/bin/gnu/h-i686-mingw32/bin/../lib/gcc/nios2-elf/4.1.2/../../../../nios2-elf/lib\libc.a(lib_a-writer.o)
 .comment       0x00000000       0x27 c:/altera/13.0sp1/nios2eds/bin/gnu/h-i686-mingw32/bin/../lib/gcc/nios2-elf/4.1.2/../../../../nios2-elf/lib\libc.a(lib_a-callocr.o)
 .comment       0x00000000       0x27 c:/altera/13.0sp1/nios2eds/bin/gnu/h-i686-mingw32/bin/../lib/gcc/nios2-elf/4.1.2/../../../../nios2-elf/lib\libc.a(lib_a-closer.o)
 .comment       0x00000000       0x27 c:/altera/13.0sp1/nios2eds/bin/gnu/h-i686-mingw32/bin/../lib/gcc/nios2-elf/4.1.2/../../../../nios2-elf/lib\libc.a(lib_a-fclose.o)
 .comment       0x00000000       0x27 c:/altera/13.0sp1/nios2eds/bin/gnu/h-i686-mingw32/bin/../lib/gcc/nios2-elf/4.1.2/../../../../nios2-elf/lib\libc.a(lib_a-fstatr.o)
 .comment       0x00000000       0x27 c:/altera/13.0sp1/nios2eds/bin/gnu/h-i686-mingw32/bin/../lib/gcc/nios2-elf/4.1.2/../../../../nios2-elf/lib\libc.a(lib_a-int_errno.o)
 .comment       0x00000000       0x27 c:/altera/13.0sp1/nios2eds/bin/gnu/h-i686-mingw32/bin/../lib/gcc/nios2-elf/4.1.2/../../../../nios2-elf/lib\libc.a(lib_a-isattyr.o)
 .comment       0x00000000       0x27 c:/altera/13.0sp1/nios2eds/bin/gnu/h-i686-mingw32/bin/../lib/gcc/nios2-elf/4.1.2/../../../../nios2-elf/lib\libc.a(lib_a-lseekr.o)
 .comment       0x00000000       0x27 c:/altera/13.0sp1/nios2eds/bin/gnu/h-i686-mingw32/bin/../lib/gcc/nios2-elf/4.1.2/../../../../nios2-elf/lib\libc.a(lib_a-readr.o)
 .comment       0x00000000       0x27 c:/altera/13.0sp1/nios2eds/bin/gnu/h-i686-mingw32/bin/../lib/gcc/nios2-elf/4.1.2\libgcc.a(_udivdi3.o)
 .comment       0x00000000       0x27 c:/altera/13.0sp1/nios2eds/bin/gnu/h-i686-mingw32/bin/../lib/gcc/nios2-elf/4.1.2\libgcc.a(_umoddi3.o)
 .comment       0x00000000       0x27 c:/altera/13.0sp1/nios2eds/bin/gnu/h-i686-mingw32/bin/../lib/gcc/nios2-elf/4.1.2\libgcc.a(_addsub_df.o)
 .comment       0x00000000       0x27 c:/altera/13.0sp1/nios2eds/bin/gnu/h-i686-mingw32/bin/../lib/gcc/nios2-elf/4.1.2\libgcc.a(_mul_df.o)
 .comment       0x00000000       0x27 c:/altera/13.0sp1/nios2eds/bin/gnu/h-i686-mingw32/bin/../lib/gcc/nios2-elf/4.1.2\libgcc.a(_div_df.o)
 .comment       0x00000000       0x27 c:/altera/13.0sp1/nios2eds/bin/gnu/h-i686-mingw32/bin/../lib/gcc/nios2-elf/4.1.2\libgcc.a(_eq_df.o)
 .comment       0x00000000       0x27 c:/altera/13.0sp1/nios2eds/bin/gnu/h-i686-mingw32/bin/../lib/gcc/nios2-elf/4.1.2\libgcc.a(_ne_df.o)
 .comment       0x00000000       0x27 c:/altera/13.0sp1/nios2eds/bin/gnu/h-i686-mingw32/bin/../lib/gcc/nios2-elf/4.1.2\libgcc.a(_gt_df.o)
 .comment       0x00000000       0x27 c:/altera/13.0sp1/nios2eds/bin/gnu/h-i686-mingw32/bin/../lib/gcc/nios2-elf/4.1.2\libgcc.a(_ge_df.o)
 .comment       0x00000000       0x27 c:/altera/13.0sp1/nios2eds/bin/gnu/h-i686-mingw32/bin/../lib/gcc/nios2-elf/4.1.2\libgcc.a(_lt_df.o)
 .comment       0x00000000       0x27 c:/altera/13.0sp1/nios2eds/bin/gnu/h-i686-mingw32/bin/../lib/gcc/nios2-elf/4.1.2\libgcc.a(_si_to_df.o)
 .comment       0x00000000       0x27 c:/altera/13.0sp1/nios2eds/bin/gnu/h-i686-mingw32/bin/../lib/gcc/nios2-elf/4.1.2\libgcc.a(_df_to_si.o)
 .comment       0x00000000       0x27 c:/altera/13.0sp1/nios2eds/bin/gnu/h-i686-mingw32/bin/../lib/gcc/nios2-elf/4.1.2\libgcc.a(_thenan_df.o)
 .comment       0x00000000       0x27 c:/altera/13.0sp1/nios2eds/bin/gnu/h-i686-mingw32/bin/../lib/gcc/nios2-elf/4.1.2\libgcc.a(_usi_to_df.o)
 .comment       0x00000000       0x27 c:/altera/13.0sp1/nios2eds/bin/gnu/h-i686-mingw32/bin/../lib/gcc/nios2-elf/4.1.2\libgcc.a(lib2-divmod.o)
 .comment       0x00000000       0x27 c:/altera/13.0sp1/nios2eds/bin/gnu/h-i686-mingw32/bin/../lib/gcc/nios2-elf/4.1.2\libgcc.a(_muldi3.o)
 .comment       0x00000000       0x27 c:/altera/13.0sp1/nios2eds/bin/gnu/h-i686-mingw32/bin/../lib/gcc/nios2-elf/4.1.2\libgcc.a(_clz.o)
 .comment       0x00000000       0x27 c:/altera/13.0sp1/nios2eds/bin/gnu/h-i686-mingw32/bin/../lib/gcc/nios2-elf/4.1.2\libgcc.a(_clzsi2.o)
 .comment       0x00000000       0x27 c:/altera/13.0sp1/nios2eds/bin/gnu/h-i686-mingw32/bin/../lib/gcc/nios2-elf/4.1.2\libgcc.a(_pack_df.o)
 .comment       0x00000000       0x27 c:/altera/13.0sp1/nios2eds/bin/gnu/h-i686-mingw32/bin/../lib/gcc/nios2-elf/4.1.2\libgcc.a(_unpack_df.o)
 .comment       0x00000000       0x27 c:/altera/13.0sp1/nios2eds/bin/gnu/h-i686-mingw32/bin/../lib/gcc/nios2-elf/4.1.2\libgcc.a(_fpcmp_parts_df.o)
 .comment       0x00000000       0x27 ../shabdolazim_bsp/\libhal_bsp.a(alt_close.o)
 .comment       0x00000000       0x27 ../shabdolazim_bsp/\libhal_bsp.a(alt_dev.o)
 .comment       0x00000000       0x27 ../shabdolazim_bsp/\libhal_bsp.a(alt_errno.o)
 .comment       0x00000000       0x27 ../shabdolazim_bsp/\libhal_bsp.a(alt_fstat.o)
 .comment       0x00000000       0x27 ../shabdolazim_bsp/\libhal_bsp.a(alt_irq_register.o)
 .comment       0x00000000       0x27 ../shabdolazim_bsp/\libhal_bsp.a(alt_irq_vars.o)
 .comment       0x00000000       0x27 ../shabdolazim_bsp/\libhal_bsp.a(alt_isatty.o)
 .comment       0x00000000       0x27 ../shabdolazim_bsp/\libhal_bsp.a(alt_load.o)
 .comment       0x00000000       0x27 ../shabdolazim_bsp/\libhal_bsp.a(alt_lseek.o)
 .comment       0x00000000       0x27 ../shabdolazim_bsp/\libhal_bsp.a(alt_main.o)
 .comment       0x00000000       0x27 ../shabdolazim_bsp/\libhal_bsp.a(alt_malloc_lock.o)
 .comment       0x00000000       0x27 ../shabdolazim_bsp/\libhal_bsp.a(alt_printf.o)
 .comment       0x00000000       0x27 ../shabdolazim_bsp/\libhal_bsp.a(alt_putchar.o)
 .comment       0x00000000       0x27 ../shabdolazim_bsp/\libhal_bsp.a(alt_read.o)
 .comment       0x00000000       0x27 ../shabdolazim_bsp/\libhal_bsp.a(alt_release_fd.o)
 .comment       0x00000000       0x27 ../shabdolazim_bsp/\libhal_bsp.a(alt_sbrk.o)
 .comment       0x00000000       0x27 ../shabdolazim_bsp/\libhal_bsp.a(alt_write.o)
 .comment       0x00000000       0x27 ../shabdolazim_bsp/\libhal_bsp.a(alt_sys_init.o)
 .comment       0x00000000       0x27 ../shabdolazim_bsp/\libhal_bsp.a(altera_avalon_jtag_uart_fd.o)
 .comment       0x00000000       0x27 ../shabdolazim_bsp/\libhal_bsp.a(altera_avalon_jtag_uart_init.o)
 .comment       0x00000000       0x27 ../shabdolazim_bsp/\libhal_bsp.a(altera_avalon_jtag_uart_ioctl.o)
 .comment       0x00000000       0x27 ../shabdolazim_bsp/\libhal_bsp.a(altera_avalon_jtag_uart_read.o)
 .comment       0x00000000       0x27 ../shabdolazim_bsp/\libhal_bsp.a(altera_avalon_jtag_uart_write.o)
 .comment       0x00000000       0x27 ../shabdolazim_bsp/\libhal_bsp.a(altera_avalon_timer_sc.o)
 .comment       0x00000000       0x27 ../shabdolazim_bsp/\libhal_bsp.a(altera_up_avalon_audio.o)
 .comment       0x00000000       0x27 ../shabdolazim_bsp/\libhal_bsp.a(altera_up_avalon_character_lcd.o)
 .comment       0x00000000       0x27 ../shabdolazim_bsp/\libhal_bsp.a(altera_up_avalon_ethernet.o)
 .comment       0x00000000       0x27 ../shabdolazim_bsp/\libhal_bsp.a(altera_up_avalon_ethernet_low_level_driver.o)
 .comment       0x00000000       0x27 ../shabdolazim_bsp/\libhal_bsp.a(altera_up_avalon_irda.o)
 .comment       0x00000000       0x27 ../shabdolazim_bsp/\libhal_bsp.a(altera_up_avalon_parallel_port.o)
 .comment       0x00000000       0x27 ../shabdolazim_bsp/\libhal_bsp.a(altera_up_avalon_ps2.o)
 .comment       0x00000000       0x27 ../shabdolazim_bsp/\libhal_bsp.a(altera_up_avalon_rs232.o)
 .comment       0x00000000       0x27 ../shabdolazim_bsp/\libhal_bsp.a(altera_up_avalon_video_character_buffer_with_dma.o)
 .comment       0x00000000       0x27 ../shabdolazim_bsp/\libhal_bsp.a(altera_up_avalon_video_pixel_buffer_dma.o)
 .comment       0x00000000       0x27 ../shabdolazim_bsp/\libhal_bsp.a(alt_alarm_start.o)
 .comment       0x00000000       0x27 ../shabdolazim_bsp/\libhal_bsp.a(alt_dcache_flush_all.o)
 .comment       0x00000000       0x27 ../shabdolazim_bsp/\libhal_bsp.a(alt_dev_llist_insert.o)
 .comment       0x00000000       0x27 ../shabdolazim_bsp/\libhal_bsp.a(alt_do_ctors.o)
 .comment       0x00000000       0x27 ../shabdolazim_bsp/\libhal_bsp.a(alt_do_dtors.o)
 .comment       0x00000000       0x27 ../shabdolazim_bsp/\libhal_bsp.a(alt_find_dev.o)
 .comment       0x00000000       0x27 ../shabdolazim_bsp/\libhal_bsp.a(alt_icache_flush_all.o)
 .comment       0x00000000       0x27 ../shabdolazim_bsp/\libhal_bsp.a(alt_io_redirect.o)
 .comment       0x00000000       0x27 ../shabdolazim_bsp/\libhal_bsp.a(alt_irq_handler.o)
 .comment       0x00000000       0x27 ../shabdolazim_bsp/\libhal_bsp.a(alt_open.o)
 .comment       0x00000000       0x27 ../shabdolazim_bsp/\libhal_bsp.a(alt_tick.o)
 .comment       0x00000000       0x27 ../shabdolazim_bsp/\libhal_bsp.a(alt_usleep.o)
 .comment       0x00000000       0x27 ../shabdolazim_bsp/\libhal_bsp.a(altera_nios2_qsys_irq.o)
 .comment       0x00000000       0x27 ../shabdolazim_bsp/\libhal_bsp.a(alt_busy_sleep.o)
 .comment       0x00000000       0x27 ../shabdolazim_bsp/\libhal_bsp.a(alt_find_file.o)
 .comment       0x00000000       0x27 ../shabdolazim_bsp/\libhal_bsp.a(alt_get_fd.o)
 .comment       0x00000000       0x27 ../shabdolazim_bsp/\libhal_bsp.a(alt_icache_flush.o)
 .comment       0x00000000       0x27 c:/altera/13.0sp1/nios2eds/bin/gnu/h-i686-mingw32/bin/../lib/gcc/nios2-elf/4.1.2/../../../../nios2-elf/lib\libc.a(lib_a-atexit.o)
 .comment       0x00000000       0x27 c:/altera/13.0sp1/nios2eds/bin/gnu/h-i686-mingw32/bin/../lib/gcc/nios2-elf/4.1.2/../../../../nios2-elf/lib\libc.a(lib_a-exit.o)
 .comment       0x00000000       0x27 c:/altera/13.0sp1/nios2eds/bin/gnu/h-i686-mingw32/bin/../lib/gcc/nios2-elf/4.1.2/../../../../nios2-elf/lib\libc.a(lib_a-memcmp.o)
 .comment       0x00000000       0x27 c:/altera/13.0sp1/nios2eds/bin/gnu/h-i686-mingw32/bin/../lib/gcc/nios2-elf/4.1.2/../../../../nios2-elf/lib\libc.a(lib_a-putc.o)
 .comment       0x00000000       0x27 c:/altera/13.0sp1/nios2eds/bin/gnu/h-i686-mingw32/bin/../lib/gcc/nios2-elf/4.1.2/../../../../nios2-elf/lib\libc.a(lib_a-wbuf.o)
 .comment       0x00000000       0x27 c:/altera/13.0sp1/nios2eds/bin/gnu/h-i686-mingw32/bin/../lib/gcc/nios2-elf/4.1.2/../../../../nios2-elf/lib\libc.a(lib_a-__atexit.o)
 .comment       0x00000000       0x27 c:/altera/13.0sp1/nios2eds/bin/gnu/h-i686-mingw32/bin/../lib/gcc/nios2-elf/4.1.2/../../../../nios2-elf/lib\libc.a(lib_a-__call_atexit.o)
 .comment       0x00000000       0x27 ../shabdolazim_bsp/\libhal_bsp.a(alt_exit.o)

.debug
 *(.debug)

.line
 *(.line)

.debug_srcinfo
 *(.debug_srcinfo)

.debug_sfnames
 *(.debug_sfnames)

.debug_aranges  0x00000000      0xeb8
 *(.debug_aranges)
 .debug_aranges
                0x00000000       0x28 ../shabdolazim_bsp//obj/HAL/src/crt0.o
 .debug_aranges