Archive member included because of file (symbol)

c:/altera/13.0sp1/nios2eds/bin/gnu/h-i686-mingw32/bin/../lib/gcc/nios2-elf/4.1.2/../../../../nios2-elf/lib\libc.a(lib_a-memcpy.o)
                              obj/default/media_interrupt_HAL.o (memcpy)
c:/altera/13.0sp1/nios2eds/bin/gnu/h-i686-mingw32/bin/../lib/gcc/nios2-elf/4.1.2/../../../../nios2-elf/lib\libc.a(lib_a-memset.o)
                              obj/default/media_interrupt_HAL.o (memset)
../gad_bsp/\libhal_bsp.a(alt_irq_register.o)
                              obj/default/media_interrupt_HAL.o (alt_irq_register)
../gad_bsp/\libhal_bsp.a(alt_irq_vars.o)
                              ../gad_bsp/\libhal_bsp.a(alt_irq_register.o) (alt_irq_active)
../gad_bsp/\libhal_bsp.a(alt_load.o)
                              ../gad_bsp//obj/HAL/src/crt0.o (alt_load)
../gad_bsp/\libhal_bsp.a(alt_main.o)
                              ../gad_bsp//obj/HAL/src/crt0.o (alt_main)
../gad_bsp/\libhal_bsp.a(alt_printf.o)
                              obj/default/media_interrupt_HAL.o (alt_printf)
../gad_bsp/\libhal_bsp.a(alt_putchar.o)
                              ../gad_bsp/\libhal_bsp.a(alt_printf.o) (alt_putchar)
../gad_bsp/\libhal_bsp.a(alt_sys_init.o)
                              ../gad_bsp/\libhal_bsp.a(alt_main.o) (alt_irq_init)
../gad_bsp/\libhal_bsp.a(altera_avalon_jtag_uart_fd.o)
                              ../gad_bsp/\libhal_bsp.a(alt_sys_init.o) (altera_avalon_jtag_uart_read_fd)
../gad_bsp/\libhal_bsp.a(altera_avalon_jtag_uart_init.o)
                              ../gad_bsp/\libhal_bsp.a(alt_sys_init.o) (altera_avalon_jtag_uart_init)
../gad_bsp/\libhal_bsp.a(altera_avalon_jtag_uart_ioctl.o)
                              ../gad_bsp/\libhal_bsp.a(altera_avalon_jtag_uart_fd.o) (altera_avalon_jtag_uart_ioctl)
../gad_bsp/\libhal_bsp.a(altera_avalon_jtag_uart_read.o)
                              ../gad_bsp/\libhal_bsp.a(altera_avalon_jtag_uart_fd.o) (altera_avalon_jtag_uart_read)
../gad_bsp/\libhal_bsp.a(altera_avalon_jtag_uart_write.o)
                              ../gad_bsp/\libhal_bsp.a(altera_avalon_jtag_uart_fd.o) (altera_avalon_jtag_uart_write)
../gad_bsp/\libhal_bsp.a(altera_avalon_timer_sc.o)
                              ../gad_bsp/\libhal_bsp.a(alt_sys_init.o) (alt_avalon_timer_sc_init)
../gad_bsp/\libhal_bsp.a(altera_up_avalon_audio.o)
                              obj/default/media_interrupt_HAL.o (alt_up_audio_open_dev)
../gad_bsp/\libhal_bsp.a(altera_up_avalon_character_lcd.o)
                              ../gad_bsp/\libhal_bsp.a(alt_sys_init.o) (alt_up_character_lcd_init)
../gad_bsp/\libhal_bsp.a(altera_up_avalon_ethernet.o)
                              ../gad_bsp/\libhal_bsp.a(alt_sys_init.o) (alt_up_ethernet_init)
../gad_bsp/\libhal_bsp.a(altera_up_avalon_ethernet_low_level_driver.o)
                              ../gad_bsp/\libhal_bsp.a(altera_up_avalon_ethernet.o) (alt_up_ethernet_reg_write)
../gad_bsp/\libhal_bsp.a(altera_up_avalon_irda.o)
                              ../gad_bsp/\libhal_bsp.a(alt_sys_init.o) (alt_up_irda_read_fd)
../gad_bsp/\libhal_bsp.a(altera_up_avalon_parallel_port.o)
                              obj/default/media_interrupt_HAL.o (alt_up_parallel_port_open_dev)
../gad_bsp/\libhal_bsp.a(altera_up_avalon_ps2.o)
                              ../gad_bsp/\libhal_bsp.a(alt_sys_init.o) (alt_up_ps2_init)
../gad_bsp/\libhal_bsp.a(altera_up_avalon_rs232.o)
                              ../gad_bsp/\libhal_bsp.a(alt_sys_init.o) (alt_up_rs232_read_fd)
../gad_bsp/\libhal_bsp.a(altera_up_avalon_video_character_buffer_with_dma.o)
                              ../gad_bsp/\libhal_bsp.a(alt_sys_init.o) (alt_up_char_buffer_init)
../gad_bsp/\libhal_bsp.a(altera_up_avalon_video_pixel_buffer_dma.o)
                              obj/default/media_interrupt_HAL.o (alt_up_pixel_buffer_dma_open_dev)
../gad_bsp/\libhal_bsp.a(alt_alarm_start.o)
                              ../gad_bsp/\libhal_bsp.a(altera_avalon_jtag_uart_init.o) (alt_alarm_start)
../gad_bsp/\libhal_bsp.a(alt_close.o)
                              ../gad_bsp/\libhal_bsp.a(alt_main.o) (close)
../gad_bsp/\libhal_bsp.a(alt_dcache_flush_all.o)
                              ../gad_bsp/\libhal_bsp.a(alt_load.o) (alt_dcache_flush_all)
../gad_bsp/\libhal_bsp.a(alt_dev.o)
                              ../gad_bsp/\libhal_bsp.a(alt_sys_init.o) (alt_dev_list)
../gad_bsp/\libhal_bsp.a(alt_dev_llist_insert.o)
                              ../gad_bsp/\libhal_bsp.a(alt_sys_init.o) (alt_dev_llist_insert)
../gad_bsp/\libhal_bsp.a(alt_do_ctors.o)
                              ../gad_bsp/\libhal_bsp.a(alt_main.o) (_do_ctors)
../gad_bsp/\libhal_bsp.a(alt_do_dtors.o)
                              ../gad_bsp/\libhal_bsp.a(alt_main.o) (_do_dtors)
../gad_bsp/\libhal_bsp.a(alt_errno.o)
                              ../gad_bsp/\libhal_bsp.a(alt_close.o) (alt_errno)
../gad_bsp/\libhal_bsp.a(alt_find_dev.o)
[...]
Memory Configuration

Name             Origin             Length             Attributes
reset            0x00000000         0x00000020
SDRAM            0x00000020         0x007fffe0
Flash_flash_data 0x0c000000         0x00400000
*default*        0x00000000         0xffffffff

Linker script and memory map

LOAD ../gad_bsp//obj/HAL/src/crt0.o
LOAD obj/default/PS2_ISR.o
LOAD obj/default/audio_ISR.o
LOAD obj/default/globals.o
LOAD obj/default/interval_timer_ISR.o
LOAD obj/default/media_interrupt_HAL.o
LOAD obj/default/pushbutton_ISR.o
LOAD c:/altera/13.0sp1/nios2eds/bin/gnu/h-i686-mingw32/bin/../lib/gcc/nios2-elf/4.1.2/../../../../nios2-elf/lib\libstdc++.a
LOAD c:/altera/13.0sp1/nios2eds/bin/gnu/h-i686-mingw32/bin/../lib/gcc/nios2-elf/4.1.2/../../../../nios2-elf/lib\libm.a
LOAD c:/altera/13.0sp1/nios2eds/bin/gnu/h-i686-mingw32/bin/../lib/gcc/nios2-elf/4.1.2\libgcc.a
START GROUP
LOAD c:/altera/13.0sp1/nios2eds/bin/gnu/h-i686-mingw32/bin/../lib/gcc/nios2-elf/4.1.2/../../../../nios2-elf/lib\libc.a
LOAD c:/altera/13.0sp1/nios2eds/bin/gnu/h-i686-mingw32/bin/../lib/gcc/nios2-elf/4.1.2\libgcc.a
LOAD ../gad_bsp/\libhal_bsp.a
END GROUP
LOAD c:/altera/13.0sp1/nios2eds/bin/gnu/h-i686-mingw32/bin/../lib/gcc/nios2-elf/4.1.2\libgcc.a
                0x00000000                __alt_mem_SDRAM = 0x0
                0x0c000000                __alt_mem_Flash_flash_data = 0xc000000

.entry          0x00000000       0x20
 *(.entry)
 .entry         0x00000000       0x20 ../gad_bsp//obj/HAL/src/crt0.o
                0x00000000                __reset

.exceptions     0x00000020      0x198
                0x00000020                PROVIDE (__ram_exceptions_start, ABSOLUTE (.))
                0x00000020                . = ALIGN (0x20)
 *(.irq)
 *(.exceptions.entry.label)
 .exceptions.entry.label
                0x00000020        0x0 ../gad_bsp/\libhal_bsp.a(alt_irq_entry.o)
                0x00000020                alt_irq_entry
 .exceptions.entry.label
                0x00000020        0x0 ../gad_bsp/\libhal_bsp.a(alt_exception_entry.o)
                0x00000020                alt_exception
 *(.exceptions.entry.user)
 *(.exceptions.entry)
 .exceptions.entry
                0x00000020       0x54 ../gad_bsp/\libhal_bsp.a(alt_exception_entry.o)
 *(.exceptions.irqtest.user)
 *(.exceptions.irqtest)
 .exceptions.irqtest
                0x00000074       0x10 ../gad_bsp/\libhal_bsp.a(alt_irq_entry.o)
 *(.exceptions.irqhandler.user)
 *(.exceptions.irqhandler)
 .exceptions.irqhandler
                0x00000084        0x4 ../gad_bsp/\libhal_bsp.a(alt_irq_entry.o)
 *(.exceptions.irqreturn.user)
 *(.exceptions.irqreturn)
 .exceptions.irqreturn
                0x00000088        0x4 ../gad_bsp/\libhal_bsp.a(alt_irq_entry.o)
 *(.exceptions.notirq.label)
 .exceptions.notirq.label
                0x0000008c        0x0 ../gad_bsp/\libhal_bsp.a(alt_irq_entry.o)
 *(.exceptions.notirq.user)
 *(.exceptions.notirq)
 .exceptions.notirq
                0x0000008c        0x8 ../gad_bsp/\libhal_bsp.a(alt_exception_entry.o)
 *(.exceptions.soft.user)
 *(.exceptions.soft)
 *(.exceptions.unknown.user)
 *(.exceptions.unknown)
 .exceptions.unknown
                0x00000094        0x4 ../gad_bsp/\libhal_bsp.a(alt_exception_entry.o)
 *(.exceptions.exit.label)
 .exceptions.exit.label
                0x00000098        0x0 ../gad_bsp/\libhal_bsp.a(alt_irq_entry.o)
 .exceptions.exit.label
                0x00000098        0x0 ../gad_bsp/\libhal_bsp.a(alt_exception_entry.o)
 *(.exceptions.exit.user)
 *(.exceptions.exit)
 .exceptions.exit
                0x00000098       0x54 ../gad_bsp/\libhal_bsp.a(alt_exception_entry.o)
 *(.exceptions)
 .exceptions    0x000000ec       0xcc ../gad_bsp/\libhal_bsp.a(alt_irq_handler.o)
                0x000000ec                alt_irq_handler
                0x000001b8                PROVIDE (__ram_exceptions_end, ABSOLUTE (.))
                0x00000020                PROVIDE (__flash_exceptions_start, LOADADDR (.exceptions))

.text           0x000001b8     0x961c
                0x000001b8                PROVIDE (stext, ABSOLUTE (.))
 *(.interp)
 *(.hash)
 *(.dynsym)
 *(.dynstr)
 *(.gnu.version)
 *(.gnu.version_d)
 *(.gnu.version_r)
 *(.rel.init)
 *(.rela.init)
 *(.rel.text .rel.text.* .rel.gnu.linkonce.t.*)
 *(.rela.text .rela.text.* .rela.gnu.linkonce.t.*)
 *(.rel.fini)
 *(.rela.fini)
 *(.rel.rodata .rel.rodata.* .rel.gnu.linkonce.r.*)
 *(.rela.rodata .rela.rodata.* .rela.gnu.linkonce.r.*)
 *(.rel.data .rel.data.* .rel.gnu.linkonce.d.*)
 *(.rela.data .rela.data.* .rela.gnu.linkonce.d.*)
 *(.rel.tdata .rel.tdata.* .rel.gnu.linkonce.td.*)
 *(.rela.tdata .rela.tdata.* .rela.gnu.linkonce.td.*)
 *(.rel.tbss .rel.tbss.* .rel.gnu.linkonce.tb.*)
 *(.rela.tbss .rela.tbss.* .rela.gnu.linkonce.tb.*)
 *(.rel.ctors)
 *(.rela.ctors)
 *(.rel.dtors)
 *(.rela.dtors)
 *(.rel.got)
 *(.rela.got)
 *(.rel.sdata .rel.sdata.* .rel.gnu.linkonce.s.*)
 *(.rela.sdata .rela.sdata.* .rela.gnu.linkonce.s.*)
 *(.rel.sbss .rel.sbss.* .rel.gnu.linkonce.sb.*)
 *(.rela.sbss .rela.sbss.* .rela.gnu.linkonce.sb.*)
 *(.rel.sdata2 .rel.sdata2.* .rel.gnu.linkonce.s2.*)
 *(.rela.sdata2 .rela.sdata2.* .rela.gnu.linkonce.s2.*)
 *(.rel.sbss2 .rel.sbss2.* .rel.gnu.linkonce.sb2.*)
 *(.rela.sbss2 .rela.sbss2.* .rela.gnu.linkonce.sb2.*)
 *(.rel.bss .rel.bss.* .rel.gnu.linkonce.b.*)
 *(.rela.bss .rela.bss.* .rela.gnu.linkonce.b.*)
 *(.rel.plt)
 *(.rela.plt)
 *(.rel.dyn)
 *(.init)
 *(.plt)
 *(.text .stub .text.* .gnu.linkonce.t.*)
 .text          0x000001b8       0x3c ../gad_bsp//obj/HAL/src/crt0.o
                0x000001b8                _start
 .text          0x000001f4       0xc4 obj/default/PS2_ISR.o
                0x000001f4                PS2_ISR
 .text          0x000002b8      0x2b8 obj/default/audio_ISR.o
                0x000002b8                audio_ISR
 .text          0x00000570        0x0 obj/default/globals.o
 .text          0x00000570       0x60 obj/default/interval_timer_ISR.o
                0x00000570                interval_timer_ISR
 .text          0x000005d0      0x8c4 obj/default/media_interrupt_HAL.o
                0x000005d0                main
                0x00000d70                HEX_PS2
 .text          0x00000e94       0xb8 obj/default/pushbutton_ISR.o
                0x00000e94                pushbutton_ISR
 .text          0x00000f4c       0xa0 c:/altera/13.0sp1/nios2eds/bin/gnu/h-i686-mingw32/bin/../lib/gcc/nios2-elf/4.1.2/../../../../nios2-elf/lib\libc.a(lib_a-memcpy.o)
                0x00000f4c                memcpy
 .text          0x00000fec       0x98 c:/altera/13.0sp1/nios2eds/bin/gnu/h-i686-mingw32/bin/../lib/gcc/nios2-elf/4.1.2/../../../../nios2-elf/lib\libc.a(lib_a-memset.o)
                0x00000fec                memset
 .text          0x00001084      0x1c0 ../gad_bsp/\libhal_bsp.a(alt_irq_register.o)
                0x00001084                alt_irq_register
 .text          0x00001244        0x0 ../gad_bsp/\libhal_bsp.a(alt_irq_vars.o)
 .text          0x00001244       0xec ../gad_bsp/\libhal_bsp.a(alt_load.o)
                0x00001244                alt_load
 .text          0x00001330       0x6c ../gad_bsp/\libhal_bsp.a(alt_main.o)
                0x00001330                alt_main
 .text          0x0000139c      0x258 ../gad_bsp/\libhal_bsp.a(alt_printf.o)
                0x0000139c                alt_printf
 .text          0x000015f4       0x40 ../gad_bsp/\libhal_bsp.a(alt_putchar.o)
                0x000015f4                alt_putchar
 .text          0x00001634      0x46c ../gad_bsp/\libhal_bsp.a(alt_sys_init.o)
                0x00001634                alt_irq_init
                0x00001668                alt_sys_init
 .text          0x00001aa0      0x148 ../gad_bsp/\libhal_bsp.a(altera_avalon_jtag_uart_fd.o)
                0x00001aa0                altera_avalon_jtag_uart_read_fd
                0x00001af8                altera_avalon_jtag_uart_write_fd
                0x00001b50                altera_avalon_jtag_uart_close_fd
                0x00001b98                altera_avalon_jtag_uart_ioctl_fd
 .text          0x00001be8      0x408 ../gad_bsp/\libhal_bsp.a(altera_avalon_jtag_uart_init.o)
                0x00001be8                altera_avalon_jtag_uart_init
                0x00001f7c                altera_avalon_jtag_uart_close
 .text          0x00001ff0       0xf4 ../gad_bsp/\libhal_bsp.a(altera_avalon_jtag_uart_ioctl.o)
                0x00001ff0                altera_avalon_jtag_uart_ioctl
 .text          0x000020e4      0x224 ../gad_bsp/\libhal_bsp.a(altera_avalon_jtag_uart_read.o)
                0x000020e4                altera_avalon_jtag_uart_read
 .text          0x00002308      0x240 ../gad_bsp/\libhal_bsp.a(altera_avalon_jtag_uart_write.o)
                0x00002308                altera_avalon_jtag_uart_write
 .text          0x00002548       0xfc ../gad_bsp/\libhal_bsp.a(altera_avalon_timer_sc.o)
                0x000025bc                alt_avalon_timer_sc_init
 .text          0x00002644      0x80c ../gad_bsp/\libhal_bsp.a(altera_up_avalon_audio.o)
                0x00002644                alt_up_audio_open_dev
                0x00002684                alt_up_audio_enable_read_interrupt
                0x000026d0                alt_up_audio_disable_read_interrupt
                0x00002720                alt_up_audio_enable_write_interrupt
                0x0000276c                alt_up_audio_disable_write_interrupt
                0x000027bc                alt_up_audio_read_interrupt_pending
                0x000027f8                alt_up_audio_write_interrupt_pending
                0x00002834                alt_up_audio_reset_audio_core
                0x000028bc                alt_up_audio_read_fifo_avail
                0x0000292c                alt_up_audio_record_r
                0x0000299c                alt_up_audio_record_l
                0x00002a0c                alt_up_audio_write_fifo_space
                0x00002a80                alt_up_audio_play_r
                0x00002af0                alt_up_audio_play_l
                0x00002b60                alt_up_audio_read_fifo
                0x00002c64                alt_up_audio_write_fifo
                0x00002d90                alt_up_audio_read_fifo_head
                0x00002df0                alt_up_audio_write_fifo_head
 .text          0x00002e50      0x530 ../gad_bsp/\libhal_bsp.a(altera_up_avalon_character_lcd.o)
                0x00002e50                get_DDRAM_addr
                0x00002ecc                alt_up_character_lcd_send_cmd
                0x00002f00                alt_up_character_lcd_init
                0x00002f34                alt_up_character_lcd_open_dev
                0x00002f74                alt_up_character_lcd_write
                0x00002fec                alt_up_character_lcd_string
                0x00003064                alt_up_character_lcd_write_fd
                0x000030b0                alt_up_character_lcd_set_cursor_pos
                0x00003128                alt_up_character_lcd_shift_cursor
                0x000031d8                alt_up_character_lcd_shift_display
                0x00003288                alt_up_character_lcd_erase_pos
                0x00003318                alt_up_character_lcd_cursor_off
                0x0000334c                alt_up_character_lcd_cursor_blink_on
 .text          0x00003380      0x150 ../gad_bsp/\libhal_bsp.a(altera_up_avalon_ethernet.o)
                0x00003380                alt_up_ethernet_init
                0x00003490                alt_up_ethernet_open_dev
 .text          0x000034d0      0x238 ../gad_bsp/\libhal_bsp.a(altera_up_avalon_ethernet_low_level_driver.o)
                0x000034d0                alt_up_ethernet_reg_read
                0x0000350c                alt_up_ethernet_reg_write
                0x00003550                alt_up_ethernet_phy_reg_read
                0x00003630                alt_up_ethernet_phy_reg_write
 .text          0x00003708      0x394 ../gad_bsp/\libhal_bsp.a(altera_up_avalon_irda.o)
                0x00003708                alt_up_irda_enable_read_interrupt
                0x0000375c                alt_up_irda_disable_read_interrupt
                0x000037b4                alt_up_irda_get_used_space_in_read_FIFO
                0x000037f0                alt_up_irda_get_available_space_in_write_FIFO
                0x00003830                alt_up_irda_check_parity
                0x00003880                alt_up_irda_write_data
                0x000038c8                alt_up_irda_read_data
                0x0000393c                alt_up_irda_read_fd
                0x000039cc                alt_up_irda_write_fd
                0x00003a5c                alt_up_irda_open_dev
 .text          0x00003a9c       0x40 ../gad_bsp/\libhal_bsp.a(altera_up_avalon_parallel_port.o)
                0x00003a9c                alt_up_parallel_port_open_dev
 .text          0x00003adc      0x700 ../gad_bsp/\libhal_bsp.a(altera_up_avalon_ps2.o)
                0x00003adc                read_RI_bit
                0x00003b10                read_RE_bit
                0x00003b40                read_CE_bit
                0x00003b74                read_num_bytes_available
                0x00003ba8                read_data_valid
                0x00003bdc                read_data_byte
                0x00003c08                alt_up_ps2_init
                0x00003cd4                alt_up_ps2_enable_read_interrupt
                0x00003d28                alt_up_ps2_disable_read_interrupt
                0x00003d80                alt_up_ps2_write_data_byte
                0x00003df8                alt_up_ps2_wait_for_ack
                0x00003e68                alt_up_ps2_write_data_byte_with_ack
                0x00003ed4                alt_up_ps2_read_data_byte_timeout
                0x00003f84                alt_up_ps2_read_data_byte
                0x00004000                alt_up_ps2_clear_fifo
                0x00004058                alt_up_ps2_read_fd
                0x000040f4                alt_up_ps2_write_fd
                0x0000419c                alt_up_ps2_open_dev
 .text          0x000041dc      0x398 ../gad_bsp/\libhal_bsp.a(altera_up_avalon_rs232.o)
                0x000041dc                alt_up_rs232_enable_read_interrupt
                0x00004230                alt_up_rs232_disable_read_interrupt
                0x00004288                alt_up_rs232_get_used_space_in_read_FIFO
                0x000042c4                alt_up_rs232_get_available_space_in_write_FIFO
                0x00004304                alt_up_rs232_check_parity
                0x00004354                alt_up_rs232_write_data
                0x0000439c                alt_up_rs232_read_data
                0x00004410                alt_up_rs232_read_fd
                0x000044a0                alt_up_rs232_write_fd
                0x00004534                alt_up_rs232_open_dev
 .text          0x00004574      0x304 ../gad_bsp/\libhal_bsp.a(altera_up_avalon_video_character_buffer_with_dma.o)
                0x00004574                alt_up_char_buffer_init
                0x000045f8                alt_up_char_buffer_open_dev
                0x00004638                alt_up_char_buffer_draw
                0x00004708                alt_up_char_buffer_string
                0x0000481c                alt_up_char_buffer_clear
 .text          0x00004878     0x156c ../gad_bsp/\libhal_bsp.a(altera_up_avalon_video_pixel_buffer_dma.o)
                0x00004878                alt_up_pixel_buffer_dma_open_dev
                0x000048b8                alt_up_pixel_buffer_dma_draw
                0x00004a58                alt_up_pixel_buffer_dma_change_back_buffer_address
                0x00004ab0                alt_up_pixel_buffer_dma_swap_buffers
                0x00004b08                alt_up_pixel_buffer_dma_check_swap_buffers_status
                0x00004b3c                alt_up_pixel_buffer_dma_clear_screen
                0x00004ca0                alt_up_pixel_buffer_dma_draw_box
                0x00005194                alt_up_pixel_buffer_dma_draw_hline
                0x000054e4                alt_up_pixel_buffer_dma_draw_vline
                0x000058b4                alt_up_pixel_buffer_dma_draw_rectangle
                0x00005978                helper_plot_pixel
                0x00005a48                alt_up_pixel_buffer_dma_draw_line
 .text          0x00005de4      0x154 ../gad_bsp/\libhal_bsp.a(alt_alarm_start.o)
                0x00005de4                alt_alarm_start
 .text          0x00005f38      0x15c ../gad_bsp/\libhal_bsp.a(alt_close.o)
                0x00005f38                close
 .text          0x00006094       0x1c ../gad_bsp/\libhal_bsp.a(alt_dcache_flush_all.o)
                0x00006094                alt_dcache_flush_all
 .text          0x000060b0       0x2c ../gad_bsp/\libhal_bsp.a(alt_dev.o)
 .text          0x000060dc      0x114 ../gad_bsp/\libhal_bsp.a(alt_dev_llist_insert.o)
                0x000060dc                alt_dev_llist_insert
 .text          0x000061f0       0x64 ../gad_bsp/\libhal_bsp.a(alt_do_ctors.o)
                0x000061f0                _do_ctors
 .text          0x00006254       0x64 ../gad_bsp/\libhal_bsp.a(alt_do_dtors.o)
                0x00006254                _do_dtors
 .text          0x000062b8        0x0 ../gad_bsp/\libhal_bsp.a(alt_errno.o)
 .text          0x000062b8       0x94 ../gad_bsp/\libhal_bsp.a(alt_find_dev.o)
                0x000062b8                alt_find_dev
 .text          0x0000634c       0x30 ../gad_bsp/\libhal_bsp.a(alt_icache_flush_all.o)
                0x0000634c                alt_icache_flush_all
 .text          0x0000637c      0x13c ../gad_bsp/\libhal_bsp.a(alt_io_redirect.o)
                0x00006440                alt_io_redirect
 .text          0x000064b8        0x0 ../gad_bsp/\libhal_bsp.a(alt_irq_entry.o)
 .text          0x000064b8        0x0 ../gad_bsp/\libhal_bsp.a(alt_irq_handler.o)
 .text          0x000064b8      0x2c4 ../gad_bsp/\libhal_bsp.a(alt_open.o)
                0x00006594                open
 .text          0x0000677c       0x60 ../gad_bsp/\libhal_bsp.a(alt_release_fd.o)
                0x0000677c                alt_release_fd
 .text          0x000067dc      0x1a4 ../gad_bsp/\libhal_bsp.a(alt_tick.o)
                0x000067dc                alt_alarm_stop
                0x00006874                alt_tick
 .text          0x00006980       0x30 ../gad_bsp/\libhal_bsp.a(alt_usleep.o)
                0x00006980                usleep
 .text          0x000069b0       0x20 ../gad_bsp/\libhal_bsp.a(altera_nios2_qsys_irq.o)
                0x000069b0                altera_nios2_qsys_irq_init
 .text          0x000069d0      0x12c ../gad_bsp/\libhal_bsp.a(alt_busy_sleep.o)
                0x000069d0                alt_busy_sleep
 .text          0x00006afc        0x0 ../gad_bsp/\libhal_bsp.a(alt_exception_entry.o)
 .text          0x00006afc      0x120 ../gad_bsp/\libhal_bsp.a(alt_find_file.o)
                0x00006afc                alt_find_file
 .text          0x00006c1c       0xb8 ../gad_bsp/\libhal_bsp.a(alt_get_fd.o)
                0x00006c1c                alt_get_fd
 .text          0x00006cd4       0x90 ../gad_bsp/\libhal_bsp.a(alt_icache_flush.o)
                0x00006cd4                alt_icache_flush
 .text          0x00006d64       0x14 c:/altera/13.0sp1/nios2eds/bin/gnu/h-i686-mingw32/bin/../lib/gcc/nios2-elf/4.1.2/../../../../nios2-elf/lib\libc.a(lib_a-atexit.o)
                0x00006d64                atexit
 .text          0x00006d78       0x38 c:/altera/13.0sp1/nios2eds/bin/gnu/h-i686-mingw32/bin/../lib/gcc/nios2-elf/4.1.2/../../../../nios2-elf/lib\libc.a(lib_a-exit.o)
                0x00006d78                exit
 .text          0x00006db0        0x0 c:/altera/13.0sp1/nios2eds/bin/gnu/h-i686-mingw32/bin/../lib/gcc/nios2-elf/4.1.2/../../../../nios2-elf/lib\libc.a(lib_a-impure.o)
 .text          0x00006db0        0x0 c:/altera/13.0sp1/nios2eds/bin/gnu/h-i686-mingw32/bin/../lib/gcc/nios2-elf/4.1.2/../../../../nios2-elf/lib\libc.a(lib_a-int_errno.o)
 .text          0x00006db0       0x74 c:/altera/13.0sp1/nios2eds/bin/gnu/h-i686-mingw32/bin/../lib/gcc/nios2-elf/4.1.2/../../../../nios2-elf/lib\libc.a(lib_a-memcmp.o)
                0x00006db0                memcmp
 .text          0x00006e24      0x1ec c:/altera/13.0sp1/nios2eds/bin/gnu/h-i686-mingw32/bin/../lib/gcc/nios2-elf/4.1.2/../../../../nios2-elf/lib\libc.a(lib_a-putc.o)
                0x00006e24                putc
                0x00006f28                _putc_r
 .text          0x00007010       0xbc c:/altera/13.0sp1/nios2eds/bin/gnu/h-i686-mingw32/bin/../lib/gcc/nios2-elf/4.1.2/../../../../nios2-elf/lib\libc.a(lib_a-strcmp.o)
                0x00007010                strcmp
 .text          0x000070cc       0x74 c:/altera/13.0sp1/nios2eds/bin/gnu/h-i686-mingw32/bin/../lib/gcc/nios2-elf/4.1.2/../../../../nios2-elf/lib\libc.a(lib_a-strlen.o)
                0x000070cc                strlen
 .text          0x00007140      0x14c c:/altera/13.0sp1/nios2eds/bin/gnu/h-i686-mingw32/bin/../lib/gcc/nios2-elf/4.1.2/../../../../nios2-elf/lib\libc.a(lib_a-wbuf.o)
                0x00007140                __swbuf_r
                0x00007270                __swbuf
 .text          0x0000728c      0x13c c:/altera/13.0sp1/nios2eds/bin/gnu/h-i686-mingw32/bin/../lib/gcc/nios2-elf/4.1.2/../../../../nios2-elf/lib\libc.a(lib_a-wsetup.o)
                0x0000728c                __swsetup_r
 .text          0x000073c8      0x134 c:/altera/13.0sp1/nios2eds/bin/gnu/h-i686-mingw32/bin/../lib/gcc/nios2-elf/4.1.2/../../../../nios2-elf/lib\libc.a(lib_a-__atexit.o)
                0x000073c8                __register_exitproc
 .text          0x000074fc      0x1b4 c:/altera/13.0sp1/nios2eds/bin/gnu/h-i686-mingw32/bin/../lib/gcc/nios2-elf/4.1.2/../../../../nios2-elf/lib\libc.a(lib_a-__call_atexit.o)
                0x00007500                __call_exitprocs
 .text          0x000076b0      0x230 c:/altera/13.0sp1/nios2eds/bin/gnu/h-i686-mingw32/bin/../lib/gcc/nios2-elf/4.1.2/../../../../nios2-elf/lib\libc.a(lib_a-fflush.o)
                0x000076b0                _fflush_r
                0x000078ac                fflush
 .text          0x000078e0      0x2c0 c:/altera/13.0sp1/nios2eds/bin/gnu/h-i686-mingw32/bin/../lib/gcc/nios2-elf/4.1.2/../../../../nios2-elf/lib\libc.a(lib_a-findfp.o)
                0x00007938                __sfp_lock_acquire
                0x0000793c                __sfp_lock_release
                0x00007940                __sinit_lock_acquire
                0x00007944                __sinit_lock_release
                0x00007948                __sinit
                0x000079fc                __fp_unlock_all
                0x00007a14                __fp_lock_all
                0x00007a2c                _cleanup_r
                0x00007a38                _cleanup
                0x00007a48                __sfmoreglue
                0x00007ab0                __sfp
 .text          0x00007ba0      0x440 c:/altera/13.0sp1/nios2eds/bin/gnu/h-i686-mingw32/bin/../lib/gcc/nios2-elf/4.1.2/../../../../nios2-elf/lib\libc.a(lib_a-freer.o)
                0x00007ba0                _malloc_trim_r
                0x00007ccc                _free_r
 .text          0x00007fe0      0x180 c:/altera/13.0sp1/nios2eds/bin/gnu/h-i686-mingw32/bin/../lib/gcc/nios2-elf/4.1.2/../../../../nios2-elf/lib\libc.a(lib_a-fwalk.o)
                0x00007fe0                _fwalk_reent
                0x000080a8                _fwalk
 .text          0x00008160      0x194 c:/altera/13.0sp1/nios2eds/bin/gnu/h-i686-mingw32/bin/../lib/gcc/nios2-elf/4.1.2/../../../../nios2-elf/lib\libc.a(lib_a-makebuf.o)
                0x00008160                __smakebuf_r
 .text          0x000082f4      0x740 c:/altera/13.0sp1/nios2eds/bin/gnu/h-i686-mingw32/bin/../lib/gcc/nios2-elf/4.1.2/../../../../nios2-elf/lib\libc.a(lib_a-mallocr.o)
                0x000082f4                _malloc_r
 .text          0x00008a34       0x70 c:/altera/13.0sp1/nios2eds/bin/gnu/h-i686-mingw32/bin/../lib/gcc/nios2-elf/4.1.2/../../../../nios2-elf/lib\libc.a(lib_a-sbrkr.o)
                0x00008a34                _sbrk_r
 .text          0x00008aa4      0x14c c:/altera/13.0sp1/nios2eds/bin/gnu/h-i686-mingw32/bin/../lib/gcc/nios2-elf/4.1.2/../../../../nios2-elf/lib\libc.a(lib_a-stdio.o)
                0x00008aa4                __sclose
                0x00008aac                __sseek
                0x00008b14                __swrite
                0x00008b90                __sread
 .text          0x00008bf0       0x78 c:/altera/13.0sp1/nios2eds/bin/gnu/h-i686-mingw32/bin/../lib/gcc/nios2-elf/4.1.2/../../../../nios2-elf/lib\libc.a(lib_a-writer.o)
                0x00008bf0                _write_r
 .text          0x00008c68       0x70 c:/altera/13.0sp1/nios2eds/bin/gnu/h-i686-mingw32/bin/../lib/gcc/nios2-elf/4.1.2/../../../../nios2-elf/lib\libc.a(lib_a-closer.o)
                0x00008c68                _close_r
 .text          0x00008cd8      0x124 c:/altera/13.0sp1/nios2eds/bin/gnu/h-i686-mingw32/bin/../lib/gcc/nios2-elf/4.1.2/../../../../nios2-elf/lib\libc.a(lib_a-fclose.o)
                0x00008cd8                _fclose_r
                0x00008de8                fclose
 .text          0x00008dfc       0x74 c:/altera/13.0sp1/nios2eds/bin/gnu/h-i686-mingw32/bin/../lib/gcc/nios2-elf/4.1.2/../../../../nios2-elf/lib\libc.a(lib_a-fstatr.o)
                0x00008dfc                _fstat_r
 .text          0x00008e70       0x70 c:/altera/13.0sp1/nios2eds/bin/gnu/h-i686-mingw32/bin/../lib/gcc/nios2-elf/4.1.2/../../../../nios2-elf/lib\libc.a(lib_a-isattyr.o)
                0x00008e70                _isatty_r
 .text          0x00008ee0       0x78 c:/altera/13.0sp1/nios2eds/bin/gnu/h-i686-mingw32/bin/../lib/gcc/nios2-elf/4.1.2/../../../../nios2-elf/lib\libc.a(lib_a-lseekr.o)
                0x00008ee0                _lseek_r
 .text          0x00008f58       0x78 c:/altera/13.0sp1/nios2eds/bin/gnu/h-i686-mingw32/bin/../lib/gcc/nios2-elf/4.1.2/../../../../nios2-elf/lib\libc.a(lib_a-readr.o)
                0x00008f58                _read_r
 .text          0x00008fd0       0x60 ../gad_bsp/\libhal_bsp.a(alt_exit.o)
                0x00009010                _exit
 .text          0x00009030      0x134 ../gad_bsp/\libhal_bsp.a(alt_fstat.o)
                0x00009030                fstat
 .text          0x00009164      0x120 ../gad_bsp/\libhal_bsp.a(alt_isatty.o)
                0x00009164                isatty
 .text          0x00009284      0x150 ../gad_bsp/\libhal_bsp.a(alt_lseek.o)
                0x00009284                lseek
 .text          0x000093d4       0x40 ../gad_bsp/\libhal_bsp.a(alt_malloc_lock.o)
                0x000093d4                __malloc_lock
                0x000093f4                __malloc_unlock
 .text          0x00009414      0x180 ../gad_bsp/\libhal_bsp.a(alt_read.o)
                0x00009414                read
 .text          0x00009594       0xbc ../gad_bsp/\libhal_bsp.a(alt_sbrk.o)
                0x00009594                sbrk
 .text          0x00009650      0x180 ../gad_bsp/\libhal_bsp.a(alt_write.o)
                0x00009650                write
 *(.gnu.warning.*)
 *(.fini)
                0x000097d0                PROVIDE (__etext, ABSOLUTE (.))
                0x000097d0                PROVIDE (_etext, ABSOLUTE (.))
                0x000097d0                PROVIDE (etext, ABSOLUTE (.))
 *(.eh_frame_hdr)
                0x000097d0                . = ALIGN (0x4)
                0x000097d0                PROVIDE (__preinit_array_start, ABSOLUTE (.))
 *(.preinit_array)
                0x000097d0                PROVIDE (__preinit_array_end, ABSOLUTE (.))
                0x000097d0                PROVIDE (__init_array_start, ABSOLUTE (.))
 *(.init_array)
                0x000097d0                PROVIDE (__init_array_end, ABSOLUTE (.))
                0x000097d0                PROVIDE (__fini_array_start, ABSOLUTE (.))
 *(.fini_array)
                0x000097d0                PROVIDE (__fini_array_end, ABSOLUTE (.))
 *(.eh_frame)
 *(.gcc_except_table)
 *(.dynamic)
                0x000097d0                PROVIDE (__CTOR_LIST__, ABSOLUTE (.))
 *(.ctors)
 *(SORT(.ctors.*))
 .ctors.65535   0x000097d0        0x4 c:/altera/13.0sp1/nios2eds/bin/gnu/h-i686-mingw32/bin/../lib/gcc/nios2-elf/4.1.2/../../../../nios2-elf/lib\libc.a(lib_a-__call_atexit.o)
                0x000097d4                PROVIDE (__CTOR_END__, ABSOLUTE (.))
                0x000097d4                PROVIDE (__DTOR_LIST__, ABSOLUTE (.))
 *(.dtors)
 *(SORT(.dtors.*))
                0x000097d4                PROVIDE (__DTOR_END__, ABSOLUTE (.))
 *(.jcr)
                0x000097d4                . = ALIGN (0x4)

.rodata         0x000097d4      0x4cc
                0x000097d4                PROVIDE (__ram_rodata_start, ABSOLUTE (.))
                0x000097d4                . = ALIGN (0x4)
 *(.rodata .rodata.* .gnu.linkonce.r.*)
 .rodata        0x000097d4      0x314 obj/default/media_interrupt_HAL.o
 .rodata        0x00009ae8       0x10 ../gad_bsp/\libhal_bsp.a(alt_main.o)
 .rodata        0x00009af8      0x17c ../gad_bsp/\libhal_bsp.a(alt_sys_init.o)
 .rodata        0x00009c74       0x1c ../gad_bsp/\libhal_bsp.a(altera_up_avalon_video_character_buffer_with_dma.o)
 .rodata        0x00009c90        0xc ../gad_bsp/\libhal_bsp.a(alt_dev.o)
 .rodata.str1.4
                0x00009c9c        0x4 c:/altera/13.0sp1/nios2eds/bin/gnu/h-i686-mingw32/bin/../lib/gcc/nios2-elf/4.1.2/../../../../nios2-elf/lib\libc.a(lib_a-impure.o)
 *(.rodata1)
                0x00009ca0                . = ALIGN (0x4)
                0x00009ca0                PROVIDE (__ram_rodata_end, ABSOLUTE (.))
                0x000097d4                PROVIDE (__flash_rodata_start, LOADADDR (.rodata))

.rwdata         0x00009ca0     0x1dfc load address 0x0000ba9c
                0x00009ca0                PROVIDE (__ram_rwdata_start, ABSOLUTE (.))
                0x00009ca0                . = ALIGN (0x4)
 *(.got.plt)
 *(.got)
 *(.data1)
 *(.data .data.* .gnu.linkonce.d.*)
 .data          0x00009ca0        0x0 ../gad_bsp//obj/HAL/src/crt0.o
 .data          0x00009ca0        0x0 obj/default/PS2_ISR.o
 .data          0x00009ca0        0x0 obj/default/audio_ISR.o
 .data          0x00009ca0        0x0 obj/default/globals.o
 .data          0x00009ca0        0x0 obj/default/interval_timer_ISR.o
 .data          0x00009ca0        0x0 obj/default/media_interrupt_HAL.o
 .data          0x00009ca0        0x0 obj/default/pushbutton_ISR.o
 .data          0x00009ca0        0x0 c:/altera/13.0sp1/nios2eds/bin/gnu/h-i686-mingw32/bin/../lib/gcc/nios2-elf/4.1.2/../../../../nios2-elf/lib\libc.a(lib_a-memcpy.o)
 .data          0x00009ca0        0x0 c:/altera/13.0sp1/nios2eds/bin/gnu/h-i686-mingw32/bin/../lib/gcc/nios2-elf/4.1.2/../../../../nios2-elf/lib\libc.a(lib_a-memset.o)
 .data          0x00009ca0        0x0 ../gad_bsp/\libhal_bsp.a(alt_irq_register.o)
 .data          0x00009ca0        0x0 ../gad_bsp/\libhal_bsp.a(alt_irq_vars.o)
 .data          0x00009ca0        0x0 ../gad_bsp/\libhal_bsp.a(alt_load.o)
 .data          0x00009ca0        0x0 ../gad_bsp/\libhal_bsp.a(alt_main.o)
 .data          0x00009ca0        0x0 ../gad_bsp/\libhal_bsp.a(alt_printf.o)
 .data          0x00009ca0        0x0 ../gad_bsp/\libhal_bsp.a(alt_putchar.o)
 .data          0x00009ca0     0x1414 ../gad_bsp/\libhal_bsp.a(alt_sys_init.o)
 .data          0x0000b0b4        0x0 ../gad_bsp/\libhal_bsp.a(altera_avalon_jtag_uart_fd.o)
 .data          0x0000b0b4        0x0 ../gad_bsp/\libhal_bsp.a(altera_avalon_jtag_uart_init.o)
 .data          0x0000b0b4        0x0 ../gad_bsp/\libhal_bsp.a(altera_avalon_jtag_uart_ioctl.o)
 .data          0x0000b0b4        0x0 ../gad_bsp/\libhal_bsp.a(altera_avalon_jtag_uart_read.o)
 .data          0x0000b0b4        0x0 ../gad_bsp/\libhal_bsp.a(altera_avalon_jtag_uart_write.o)
 .data          0x0000b0b4        0x0 ../gad_bsp/\libhal_bsp.a(altera_avalon_timer_sc.o)
 .data          0x0000b0b4        0x0 ../gad_bsp/\libhal_bsp.a(altera_up_avalon_audio.o)
 .data          0x0000b0b4        0x0 ../gad_bsp/\libhal_bsp.a(altera_up_avalon_character_lcd.o)
 .data          0x0000b0b4        0x0 ../gad_bsp/\libhal_bsp.a(altera_up_avalon_ethernet.o)
 .data          0x0000b0b4        0x0 ../gad_bsp/\libhal_bsp.a(altera_up_avalon_ethernet_low_level_driver.o)
 .data          0x0000b0b4        0x0 ../gad_bsp/\libhal_bsp.a(altera_up_avalon_irda.o)
 .data          0x0000b0b4        0x0 ../gad_bsp/\libhal_bsp.a(altera_up_avalon_parallel_port.o)
 .data          0x0000b0b4        0x0 ../gad_bsp/\libhal_bsp.a(altera_up_avalon_ps2.o)
 .data          0x0000b0b4        0x0 ../gad_bsp/\libhal_bsp.a(altera_up_avalon_rs232.o)
 .data          0x0000b0b4        0x0 ../gad_bsp/\libhal_bsp.a(altera_up_avalon_video_character_buffer_with_dma.o)
 .data          0x0000b0b4        0x0 ../gad_bsp/\libhal_bsp.a(altera_up_avalon_video_pixel_buffer_dma.o)
 .data          0x0000b0b4        0x0 ../gad_bsp/\libhal_bsp.a(alt_alarm_start.o)
 .data          0x0000b0b4        0x0 ../gad_bsp/\libhal_bsp.a(alt_close.o)
 .data          0x0000b0b4        0x0 ../gad_bsp/\libhal_bsp.a(alt_dcache_flush_all.o)
 .data          0x0000b0b4      0x1a8 ../gad_bsp/\libhal_bsp.a(alt_dev.o)
                0x0000b0b4                alt_dev_null
                0x0000b0dc                alt_fd_list
 .data          0x0000b25c        0x0 ../gad_bsp/\libhal_bsp.a(alt_dev_llist_insert.o)
 .data          0x0000b25c        0x0 ../gad_bsp/\libhal_bsp.a(alt_do_ctors.o)
 .data          0x0000b25c        0x0 ../gad_bsp/\libhal_bsp.a(alt_do_dtors.o)
 .data          0x0000b25c        0x0 ../gad_bsp/\libhal_bsp.a(alt_errno.o)
 .data          0x0000b25c        0x0 ../gad_bsp/\libhal_bsp.a(alt_find_dev.o)
 .data          0x0000b25c        0x0 ../gad_bsp/\libhal_bsp.a(alt_icache_flush_all.o)
 .data          0x0000b25c        0x0 ../gad_bsp/\libhal_bsp.a(alt_io_redirect.o)
 .data          0x0000b25c        0x0 ../gad_bsp/\libhal_bsp.a(alt_irq_entry.o)
 .data          0x0000b25c        0x0 ../gad_bsp/\libhal_bsp.a(alt_irq_handler.o)
 .data          0x0000b25c        0x0 ../gad_bsp/\libhal_bsp.a(alt_open.o)
 .data          0x0000b25c        0x0 ../gad_bsp/\libhal_bsp.a(alt_release_fd.o)
 .data          0x0000b25c        0x0 ../gad_bsp/\libhal_bsp.a(alt_tick.o)
 .data          0x0000b25c        0x0 ../gad_bsp/\libhal_bsp.a(alt_usleep.o)
 .data          0x0000b25c        0x0 ../gad_bsp/\libhal_bsp.a(altera_nios2_qsys_irq.o)
 .data          0x0000b25c        0x0 ../gad_bsp/\libhal_bsp.a(alt_busy_sleep.o)
 .data          0x0000b25c        0x0 ../gad_bsp/\libhal_bsp.a(alt_exception_entry.o)
 .data          0x0000b25c        0x0 ../gad_bsp/\libhal_bsp.a(alt_find_file.o)
 .data          0x0000b25c        0x0 ../gad_bsp/\libhal_bsp.a(alt_get_fd.o)
 .data          0x0000b25c        0x0 ../gad_bsp/\libhal_bsp.a(alt_icache_flush.o)
 .data          0x0000b25c        0x0 c:/altera/13.0sp1/nios2eds/bin/gnu/h-i686-mingw32/bin/../lib/gcc/nios2-elf/4.1.2/../../../../nios2-elf/lib\libc.a(lib_a-atexit.o)
 .data          0x0000b25c        0x0 c:/altera/13.0sp1/nios2eds/bin/gnu/h-i686-mingw32/bin/../lib/gcc/nios2-elf/4.1.2/../../../../nios2-elf/lib\libc.a(lib_a-exit.o)
 .data          0x0000b25c      0x400 c:/altera/13.0sp1/nios2eds/bin/gnu/h-i686-mingw32/bin/../lib/gcc/nios2-elf/4.1.2/../../../../nios2-elf/lib\libc.a(lib_a-impure.o)
 .data          0x0000b65c        0x0 c:/altera/13.0sp1/nios2eds/bin/gnu/h-i686-mingw32/bin/../lib/gcc/nios2-elf/4.1.2/../../../../nios2-elf/lib\libc.a(lib_a-int_errno.o)
 .data          0x0000b65c        0x0 c:/altera/13.0sp1/nios2eds/bin/gnu/h-i686-mingw32/bin/../lib/gcc/nios2-elf/4.1.2/../../../../nios2-elf/lib\libc.a(lib_a-memcmp.o)
 .data          0x0000b65c        0x0 c:/altera/13.0sp1/nios2eds/bin/gnu/h-i686-mingw32/bin/../lib/gcc/nios2-elf/4.1.2/../../../../nios2-elf/lib\libc.a(lib_a-putc.o)
 .data          0x0000b65c        0x0 c:/altera/13.0sp1/nios2eds/bin/gnu/h-i686-mingw32/bin/../lib/gcc/nios2-elf/4.1.2/../../../../nios2-elf/lib\libc.a(lib_a-strcmp.o)
 .data          0x0000b65c        0x0 c:/altera/13.0sp1/nios2eds/bin/gnu/h-i686-mingw32/bin/../lib/gcc/nios2-elf/4.1.2/../../../../nios2-elf/lib\libc.a(lib_a-strlen.o)
 .data          0x0000b65c        0x0 c:/altera/13.0sp1/nios2eds/bin/gnu/h-i686-mingw32/bin/../lib/gcc/nios2-elf/4.1.2/../../../../nios2-elf/lib\libc.a(lib_a-wbuf.o)
 .data          0x0000b65c        0x0 c:/altera/13.0sp1/nios2eds/bin/gnu/h-i686-mingw32/bin/../lib/gcc/nios2-elf/4.1.2/../../../../nios2-elf/lib\libc.a(lib_a-wsetup.o)
 .data          0x0000b65c        0x0 c:/altera/13.0sp1/nios2eds/bin/gnu/h-i686-mingw32/bin/../lib/gcc/nios2-elf/4.1.2/../../../../nios2-elf/lib\libc.a(lib_a-__atexit.o)
 .data          0x0000b65c        0x0 c:/altera/13.0sp1/nios2eds/bin/gnu/h-i686-mingw32/bin/../lib/gcc/nios2-elf/4.1.2/../../../../nios2-elf/lib\libc.a(lib_a-__call_atexit.o)
 .data          0x0000b65c        0x0 c:/altera/13.0sp1/nios2eds/bin/gnu/h-i686-mingw32/bin/../lib/gcc/nios2-elf/4.1.2/../../../../nios2-elf/lib\libc.a(lib_a-fflush.o)
 .data          0x0000b65c        0x0 c:/altera/13.0sp1/nios2eds/bin/gnu/h-i686-mingw32/bin/../lib/gcc/nios2-elf/4.1.2/../../../../nios2-elf/lib\libc.a(lib_a-findfp.o)
 .data          0x0000b65c        0x0 c:/altera/13.0sp1/nios2eds/bin/gnu/h-i686-mingw32/bin/../lib/gcc/nios2-elf/4.1.2/../../../../nios2-elf/lib\libc.a(lib_a-freer.o)
 .data          0x0000b65c        0x0 c:/altera/13.0sp1/nios2eds/bin/gnu/h-i686-mingw32/bin/../lib/gcc/nios2-elf/4.1.2/../../../../nios2-elf/lib\libc.a(lib_a-fwalk.o)
 .data          0x0000b65c        0x0 c:/altera/13.0sp1/nios2eds/bin/gnu/h-i686-mingw32/bin/../lib/gcc/nios2-elf/4.1.2/../../../../nios2-elf/lib\libc.a(lib_a-makebuf.o)
 .data          0x0000b65c      0x408 c:/altera/13.0sp1/nios2eds/bin/gnu/h-i686-mingw32/bin/../lib/gcc/nios2-elf/4.1.2/../../../../nios2-elf/lib\libc.a(lib_a-mallocr.o)
                0x0000b65c                __malloc_av_
 .data          0x0000ba64        0x0 c:/altera/13.0sp1/nios2eds/bin/gnu/h-i686-mingw32/bin/../lib/gcc/nios2-elf/4.1.2/../../../../nios2-elf/lib\libc.a(lib_a-sbrkr.o)
 .data          0x0000ba64        0x0 c:/altera/13.0sp1/nios2eds/bin/gnu/h-i686-mingw32/bin/../lib/gcc/nios2-elf/4.1.2/../../../../nios2-elf/lib\libc.a(lib_a-stdio.o)
 .data          0x0000ba64        0x0 c:/altera/13.0sp1/nios2eds/bin/gnu/h-i686-mingw32/bin/../lib/gcc/nios2-elf/4.1.2/../../../../nios2-elf/lib\libc.a(lib_a-writer.o)
 .data          0x0000ba64        0x0 c:/altera/13.0sp1/nios2eds/bin/gnu/h-i686-mingw32/bin/../lib/gcc/nios2-elf/4.1.2/../../../../nios2-elf/lib\libc.a(lib_a-closer.o)
 .data          0x0000ba64        0x0 c:/altera/13.0sp1/nios2eds/bin/gnu/h-i686-mingw32/bin/../lib/gcc/nios2-elf/4.1.2/../../../../nios2-elf/lib\libc.a(lib_a-fclose.o)
 .data          0x0000ba64        0x0 c:/altera/13.0sp1/nios2eds/bin/gnu/h-i686-mingw32/bin/../lib/gcc/nios2-elf/4.1.2/../../../../nios2-elf/lib\libc.a(lib_a-fstatr.o)
 .data          0x0000ba64        0x0 c:/altera/13.0sp1/nios2eds/bin/gnu/h-i686-mingw32/bin/../lib/gcc/nios2-elf/4.1.2/../../../../nios2-elf/lib\libc.a(lib_a-isattyr.o)
 .data          0x0000ba64        0x0 c:/altera/13.0sp1/nios2eds/bin/gnu/h-i686-mingw32/bin/../lib/gcc/nios2-elf/4.1.2/../../../../nios2-elf/lib\libc.a(lib_a-lseekr.o)
 .data          0x0000ba64        0x0 c:/altera/13.0sp1/nios2eds/bin/gnu/h-i686-mingw32/bin/../lib/gcc/nios2-elf/4.1.2/../../../../nios2-elf/lib\libc.a(lib_a-readr.o)
 .data          0x0000ba64        0x0 ../gad_bsp/\libhal_bsp.a(alt_exit.o)
 .data          0x0000ba64        0x0 ../gad_bsp/\libhal_bsp.a(alt_fstat.o)
 .data          0x0000ba64        0x0 ../gad_bsp/\libhal_bsp.a(alt_isatty.o)
 .data          0x0000ba64        0x0 ../gad_bsp/\libhal_bsp.a(alt_lseek.o)
 .data          0x0000ba64        0x0 ../gad_bsp/\libhal_bsp.a(alt_malloc_lock.o)
 .data          0x0000ba64        0x0 ../gad_bsp/\libhal_bsp.a(alt_read.o)
 .data          0x0000ba64        0x0 ../gad_bsp/\libhal_bsp.a(alt_sbrk.o)
 .data          0x0000ba64        0x0 ../gad_bsp/\libhal_bsp.a(alt_write.o)
                0x00013a64                _gp = ABSOLUTE ((. + 0x8000))
                0x00013a64                PROVIDE (gp, _gp)
 *(.rwdata .rwdata.*)
 *(.sdata .sdata.* .gnu.linkonce.s.*)
 .sdata         0x0000ba64        0x4 ../gad_bsp/\libhal_bsp.a(alt_irq_vars.o)
                0x0000ba64                alt_priority_mask
 .sdata         0x0000ba68       0x14 ../gad_bsp/\libhal_bsp.a(alt_dev.o)
                0x0000ba68                alt_fs_list
                0x0000ba70                alt_dev_list
                0x0000ba78                alt_max_fd
 .sdata         0x0000ba7c        0x4 ../gad_bsp/\libhal_bsp.a(alt_errno.o)
                0x0000ba7c                alt_errno
 .sdata         0x0000ba80        0x8 ../gad_bsp/\libhal_bsp.a(alt_tick.o)
                0x0000ba80                alt_alarm_list
 .sdata         0x0000ba88        0x8 c:/altera/13.0sp1/nios2eds/bin/gnu/h-i686-mingw32/bin/../lib/gcc/nios2-elf/4.1.2/../../../../nios2-elf/lib\libc.a(lib_a-impure.o)
                0x0000ba88                _impure_ptr
                0x0000ba8c                _global_impure_ptr
 .sdata         0x0000ba90        0x8 c:/altera/13.0sp1/nios2eds/bin/gnu/h-i686-mingw32/bin/../lib/gcc/nios2-elf/4.1.2/../../../../nios2-elf/lib\libc.a(lib_a-mallocr.o)
                0x0000ba90                __malloc_trim_threshold
                0x0000ba94                __malloc_sbrk_base
 .sdata         0x0000ba98        0x4 ../gad_bsp/\libhal_bsp.a(alt_sbrk.o)
 *(.sdata2 .sdata2.* .gnu.linkonce.s2.*)
                0x0000ba9c                . = ALIGN (0x4)
                0x0000ba9c                _edata = ABSOLUTE (.)
                0x0000ba9c                PROVIDE (edata, ABSOLUTE (.))
                0x0000ba9c                PROVIDE (__ram_rwdata_end, ABSOLUTE (.))
                0x0000ba9c                PROVIDE (__flash_rwdata_start, LOADADDR (.rwdata))

.bss            0x0000d898   0x3d0cb4
                0x0000d898                __bss_start = ABSOLUTE (.)
                0x0000d898                PROVIDE (__sbss_start, ABSOLUTE (.))
                0x0000d898                PROVIDE (___sbss_start, ABSOLUTE (.))
 *(.dynsbss)
 *(.sbss .sbss.* .gnu.linkonce.sb.*)
 .sbss          0x0000d898        0x8 obj/default/PS2_ISR.o
                0x0000d898                flag
                0x0000d89c                flag1
 .sbss          0x0000d8a0       0x10 obj/default/globals.o
                0x0000d8a0                byte2
                0x0000d8a1                byte3
                0x0000d8a2                byte1
                0x0000d8a4                timeout
                0x0000d8a8                buf_index_play
                0x0000d8ac                buf_index_record
 .sbss          0x0000d8b0        0x4 ../gad_bsp/\libhal_bsp.a(alt_irq_vars.o)
                0x0000d8b0                alt_irq_active
 .sbss          0x0000d8b4        0xc ../gad_bsp/\libhal_bsp.a(alt_main.o)
                0x0000d8b4                alt_argc
                0x0000d8b8                alt_argv
                0x0000d8bc                alt_envp
 .sbss          0x0000d8c0        0x8 ../gad_bsp/\libhal_bsp.a(alt_tick.o)
                0x0000d8c0                _alt_tick_rate
                0x0000d8c4                _alt_nticks
 .sbss          0x0000d8c8        0x4 c:/altera/13.0sp1/nios2eds/bin/gnu/h-i686-mingw32/bin/../lib/gcc/nios2-elf/4.1.2/../../../../nios2-elf/lib\libc.a(lib_a-int_errno.o)
                0x0000d8c8                errno
 .sbss          0x0000d8cc        0xc c:/altera/13.0sp1/nios2eds/bin/gnu/h-i686-mingw32/bin/../lib/gcc/nios2-elf/4.1.2/../../../../nios2-elf/lib\libc.a(lib_a-mallocr.o)
                0x0000d8cc                __malloc_top_pad
                0x0000d8d0                __malloc_max_sbrked_mem
                0x0000d8d4                __malloc_max_total_mem
 *(.sbss2 .sbss2.* .gnu.linkonce.sb2.*)
 *(.scommon)
                0x0000d8d8                PROVIDE (__sbss_end, ABSOLUTE (.))
                0x0000d8d8                PROVIDE (___sbss_end, ABSOLUTE (.))
 *(.dynbss)
 *(.bss .bss.* .gnu.linkonce.b.*)
 .bss           0x0000d8d8        0x0 ../gad_bsp//obj/HAL/src/crt0.o
 .bss           0x0000d8d8        0x0 obj/default/PS2_ISR.o
 .bss           0x0000d8d8        0x0 obj/default/audio_ISR.o
 .bss           0x0000d8d8        0x0 obj/default/globals.o
 .bss           0x0000d8d8        0x0 obj/default/interval_timer_ISR.o
 .bss           0x0000d8d8        0x0 obj/default/media_interrupt_HAL.o
 .bss           0x0000d8d8        0x0 obj/default/pushbutton_ISR.o
 .bss           0x0000d8d8        0x0 c:/altera/13.0sp1/nios2eds/bin/gnu/h-i686-mingw32/bin/../lib/gcc/nios2-elf/4.1.2/../../../../nios2-elf/lib\libc.a(lib_a-memcpy.o)
 .bss           0x0000d8d8        0x0 c:/altera/13.0sp1/nios2eds/bin/gnu/h-i686-mingw32/bin/../lib/gcc/nios2-elf/4.1.2/../../../../nios2-elf/lib\libc.a(lib_a-memset.o)
 .bss           0x0000d8d8        0x0 ../gad_bsp/\libhal_bsp.a(alt_irq_register.o)
 .bss           0x0000d8d8        0x0 ../gad_bsp/\libhal_bsp.a(alt_irq_vars.o)
 .bss           0x0000d8d8        0x0 ../gad_bsp/\libhal_bsp.a(alt_load.o)
 .bss           0x0000d8d8        0x0 ../gad_bsp/\libhal_bsp.a(alt_main.o)
 .bss           0x0000d8d8        0x0 ../gad_bsp/\libhal_bsp.a(alt_printf.o)
 .bss           0x0000d8d8        0x0 ../gad_bsp/\libhal_bsp.a(alt_putchar.o)
 .bss           0x0000d8d8        0x0 ../gad_bsp/\libhal_bsp.a(alt_sys_init.o)
 .bss           0x0000d8d8        0x0 ../gad_bsp/\libhal_bsp.a(altera_avalon_jtag_uart_fd.o)
 .bss           0x0000d8d8        0x0 ../gad_bsp/\libhal_bsp.a(altera_avalon_jtag_uart_init.o)
 .bss           0x0000d8d8        0x0 ../gad_bsp/\libhal_bsp.a(altera_avalon_jtag_uart_ioctl.o)
 .bss           0x0000d8d8        0x0 ../gad_bsp/\libhal_bsp.a(altera_avalon_jtag_uart_read.o)
 .bss           0x0000d8d8        0x0 ../gad_bsp/\libhal_bsp.a(altera_avalon_jtag_uart_write.o)
 .bss           0x0000d8d8        0x0 ../gad_bsp/\libhal_bsp.a(altera_avalon_timer_sc.o)
 .bss           0x0000d8d8        0x0 ../gad_bsp/\libhal_bsp.a(altera_up_avalon_audio.o)
 .bss           0x0000d8d8        0x0 ../gad_bsp/\libhal_bsp.a(altera_up_avalon_character_lcd.o)
 .bss           0x0000d8d8        0x0 ../gad_bsp/\libhal_bsp.a(altera_up_avalon_ethernet.o)
 .bss           0x0000d8d8        0x0 ../gad_bsp/\libhal_bsp.a(altera_up_avalon_ethernet_low_level_driver.o)
 .bss           0x0000d8d8        0x0 ../gad_bsp/\libhal_bsp.a(altera_up_avalon_irda.o)
 .bss           0x0000d8d8        0x0 ../gad_bsp/\libhal_bsp.a(altera_up_avalon_parallel_port.o)
 .bss           0x0000d8d8        0x0 ../gad_bsp/\libhal_bsp.a(altera_up_avalon_ps2.o)
 .bss           0x0000d8d8        0x0 ../gad_bsp/\libhal_bsp.a(altera_up_avalon_rs232.o)
 .bss           0x0000d8d8        0x0 ../gad_bsp/\libhal_bsp.a(altera_up_avalon_video_character_buffer_with_dma.o)
 .bss           0x0000d8d8        0x0 ../gad_bsp/\libhal_bsp.a(altera_up_avalon_video_pixel_buffer_dma.o)
 .bss           0x0000d8d8        0x0 ../gad_bsp/\libhal_bsp.a(alt_alarm_start.o)
 .bss           0x0000d8d8        0x0 ../gad_bsp/\libhal_bsp.a(alt_close.o)
 .bss           0x0000d8d8        0x0 ../gad_bsp/\libhal_bsp.a(alt_dcache_flush_all.o)
 .bss           0x0000d8d8        0x0 ../gad_bsp/\libhal_bsp.a(alt_dev.o)
 .bss           0x0000d8d8        0x0 ../gad_bsp/\libhal_bsp.a(alt_dev_llist_insert.o)
 .bss           0x0000d8d8        0x0 ../gad_bsp/\libhal_bsp.a(alt_do_ctors.o)
 .bss           0x0000d8d8        0x0 ../gad_bsp/\libhal_bsp.a(alt_do_dtors.o)
 .bss           0x0000d8d8        0x0 ../gad_bsp/\libhal_bsp.a(alt_errno.o)
 .bss           0x0000d8d8        0x0 ../gad_bsp/\libhal_bsp.a(alt_find_dev.o)
 .bss           0x0000d8d8        0x0 ../gad_bsp/\libhal_bsp.a(alt_icache_flush_all.o)
 .bss           0x0000d8d8        0x0 ../gad_bsp/\libhal_bsp.a(alt_io_redirect.o)
 .bss           0x0000d8d8        0x0 ../gad_bsp/\libhal_bsp.a(alt_irq_entry.o)
 .bss           0x0000d8d8        0x0 ../gad_bsp/\libhal_bsp.a(alt_irq_handler.o)
 .bss           0x0000d8d8        0x0 ../gad_bsp/\libhal_bsp.a(alt_open.o)
 .bss           0x0000d8d8        0x0 ../gad_bsp/\libhal_bsp.a(alt_release_fd.o)
 .bss           0x0000d8d8        0x0 ../gad_bsp/\libhal_bsp.a(alt_tick.o)
 .bss           0x0000d8d8        0x0 ../gad_bsp/\libhal_bsp.a(alt_usleep.o)
 .bss           0x0000d8d8        0x0 ../gad_bsp/\libhal_bsp.a(altera_nios2_qsys_irq.o)
 .bss           0x0000d8d8        0x0 ../gad_bsp/\libhal_bsp.a(alt_busy_sleep.o)
 .bss           0x0000d8d8        0x0 ../gad_bsp/\libhal_bsp.a(alt_exception_entry.o)
 .bss           0x0000d8d8        0x0 ../gad_bsp/\libhal_bsp.a(alt_find_file.o)
 .bss           0x0000d8d8        0x0 ../gad_bsp/\libhal_bsp.a(alt_get_fd.o)
 .bss           0x0000d8d8        0x0 ../gad_bsp/\libhal_bsp.a(alt_icache_flush.o)
 .bss           0x0000d8d8        0x0 c:/altera/13.0sp1/nios2eds/bin/gnu/h-i686-mingw32/bin/../lib/gcc/nios2-elf/4.1.2/../../../../nios2-elf/lib\libc.a(lib_a-atexit.o)
 .bss           0x0000d8d8        0x0 c:/altera/13.0sp1/nios2eds/bin/gnu/h-i686-mingw32/bin/../lib/gcc/nios2-elf/4.1.2/../../../../nios2-elf/lib\libc.a(lib_a-exit.o)
 .bss           0x0000d8d8        0x0 c:/altera/13.0sp1/nios2eds/bin/gnu/h-i686-mingw32/bin/../lib/gcc/nios2-elf/4.1.2/../../../../nios2-elf/lib\libc.a(lib_a-impure.o)
 .bss           0x0000d8d8        0x0 c:/altera/13.0sp1/nios2eds/bin/gnu/h-i686-mingw32/bin/../lib/gcc/nios2-elf/4.1.2/../../../../nios2-elf/lib\libc.a(lib_a-int_errno.o)
 .bss           0x0000d8d8        0x0 c:/altera/13.0sp1/nios2eds/bin/gnu/h-i686-mingw32/bin/../lib/gcc/nios2-elf/4.1.2/../../../../nios2-elf/lib\libc.a(lib_a-memcmp.o)
 .bss           0x0000d8d8        0x0 c:/altera/13.0sp1/nios2eds/bin/gnu/h-i686-mingw32/bin/../lib/gcc/nios2-elf/4.1.2/../../../../nios2-elf/lib\libc.a(lib_a-putc.o)
 .bss           0x0000d8d8        0x0 c:/altera/13.0sp1/nios2eds/bin/gnu/h-i686-mingw32/bin/../lib/gcc/nios2-elf/4.1.2/../../../../nios2-elf/lib\libc.a(lib_a-strcmp.o)
 .bss           0x0000d8d8        0x0 c:/altera/13.0sp1/nios2eds/bin/gnu/h-i686-mingw32/bin/../lib/gcc/nios2-elf/4.1.2/../../../../nios2-elf/lib\libc.a(lib_a-strlen.o)
 .bss           0x0000d8d8        0x0 c:/altera/13.0sp1/nios2eds/bin/gnu/h-i686-mingw32/bin/../lib/gcc/nios2-elf/4.1.2/../../../../nios2-elf/lib\libc.a(lib_a-wbuf.o)
 .bss           0x0000d8d8        0x0 c:/altera/13.0sp1/nios2eds/bin/gnu/h-i686-mingw32/bin/../lib/gcc/nios2-elf/4.1.2/../../../../nios2-elf/lib\libc.a(lib_a-wsetup.o)
 .bss           0x0000d8d8        0x0 c:/altera/13.0sp1/nios2eds/bin/gnu/h-i686-mingw32/bin/../lib/gcc/nios2-elf/4.1.2/../../../../nios2-elf/lib\libc.a(lib_a-__atexit.o)
 .bss           0x0000d8d8        0x0 c:/altera/13.0sp1/nios2eds/bin/gnu/h-i686-mingw32/bin/../lib/gcc/nios2-elf/4.1.2/../../../../nios2-elf/lib\libc.a(lib_a-__call_atexit.o)
 .bss           0x0000d8d8        0x0 c:/altera/13.0sp1/nios2eds/bin/gnu/h-i686-mingw32/bin/../lib/gcc/nios2-elf/4.1.2/../../../../nios2-elf/lib\libc.a(lib_a-fflush.o)
 .bss           0x0000d8d8        0x0 c:/altera/13.0sp1/nios2eds/bin/gnu/h-i686-mingw32/bin/../lib/gcc/nios2-elf/4.1.2/../../../../nios2-elf/lib\libc.a(lib_a-findfp.o)
 .bss           0x0000d8d8        0x0 c:/altera/13.0sp1/nios2eds/bin/gnu/h-i686-mingw32/bin/../lib/gcc/nios2-elf/4.1.2/../../../../nios2-elf/lib\libc.a(lib_a-freer.o)
 .bss           0x0000d8d8        0x0 c:/altera/13.0sp1/nios2eds/bin/gnu/h-i686-mingw32/bin/../lib/gcc/nios2-elf/4.1.2/../../../../nios2-elf/lib\libc.a(lib_a-fwalk.o)
 .bss           0x0000d8d8        0x0 c:/altera/13.0sp1/nios2eds/bin/gnu/h-i686-mingw32/bin/../lib/gcc/nios2-elf/4.1.2/../../../../nios2-elf/lib\libc.a(lib_a-makebuf.o)
 .bss           0x0000d8d8       0x28 c:/altera/13.0sp1/nios2eds/bin/gnu/h-i686-mingw32/bin/../lib/gcc/nios2-elf/4.1.2/../../../../nios2-elf/lib\libc.a(lib_a-mallocr.o)
                0x0000d8d8                __malloc_current_mallinfo
 .bss           0x0000d900        0x0 c:/altera/13.0sp1/nios2eds/bin/gnu/h-i686-mingw32/bin/../lib/gcc/nios2-elf/4.1.2/../../../../nios2-elf/lib\libc.a(lib_a-sbrkr.o)
 .bss           0x0000d900        0x0 c:/altera/13.0sp1/nios2eds/bin/gnu/h-i686-mingw32/bin/../lib/gcc/nios2-elf/4.1.2/../../../../nios2-elf/lib\libc.a(lib_a-stdio.o)
 .bss           0x0000d900        0x0 c:/altera/13.0sp1/nios2eds/bin/gnu/h-i686-mingw32/bin/../lib/gcc/nios2-elf/4.1.2/../../../../nios2-elf/lib\libc.a(lib_a-writer.o)
 .bss           0x0000d900        0x0 c:/altera/13.0sp1/nios2eds/bin/gnu/h-i686-mingw32/bin/../lib/gcc/nios2-elf/4.1.2/../../../../nios2-elf/lib\libc.a(lib_a-closer.o)
 .bss           0x0000d900        0x0 c:/altera/13.0sp1/nios2eds/bin/gnu/h-i686-mingw32/bin/../lib/gcc/nios2-elf/4.1.2/../../../../nios2-elf/lib\libc.a(lib_a-fclose.o)
 .bss           0x0000d900        0x0 c:/altera/13.0sp1/nios2eds/bin/gnu/h-i686-mingw32/bin/../lib/gcc/nios2-elf/4.1.2/../../../../nios2-elf/lib\libc.a(lib_a-fstatr.o)
 .bss           0x0000d900        0x0 c:/altera/13.0sp1/nios2eds/bin/gnu/h-i686-mingw32/bin/../lib/gcc/nios2-elf/4.1.2/../../../../nios2-elf/lib\libc.a(lib_a-isattyr.o)
 .bss           0x0000d900        0x0 c:/altera/13.0sp1/nios2eds/bin/gnu/h-i686-mingw32/bin/../lib/gcc/nios2-elf/4.1.2/../../../../nios2-elf/lib\libc.a(lib_a-lseekr.o)
 .bss           0x0000d900        0x0 c:/altera/13.0sp1/nios2eds/bin/gnu/h-i686-mingw32/bin/../lib/gcc/nios2-elf/4.1.2/../../../../nios2-elf/lib\libc.a(lib_a-readr.o)
 .bss           0x0000d900        0x0 ../gad_bsp/\libhal_bsp.a(alt_exit.o)
 .bss           0x0000d900        0x0 ../gad_bsp/\libhal_bsp.a(alt_fstat.o)
 .bss           0x0000d900        0x0 ../gad_bsp/\libhal_bsp.a(alt_isatty.o)
 .bss           0x0000d900        0x0 ../gad_bsp/\libhal_bsp.a(alt_lseek.o)
 .bss           0x0000d900        0x0 ../gad_bsp/\libhal_bsp.a(alt_malloc_lock.o)
 .bss           0x0000d900        0x0 ../gad_bsp/\libhal_bsp.a(alt_read.o)
 .bss           0x0000d900        0x0 ../gad_bsp/\libhal_bsp.a(alt_sbrk.o)
 .bss           0x0000d900        0x0 ../gad_bsp/\libhal_bsp.a(alt_write.o)
 *(COMMON)
 COMMON         0x0000d900   0x3d09a0 obj/default/PS2_ISR.o
                0x0000d900                average
                0x0000d9a0                r_buf
                0x001f5e20                l_buf
 COMMON         0x003de2a0       0x1c obj/default/globals.o
                0x003de2a0                up_dev
 COMMON         0x003de2bc      0x100 ../gad_bsp/\libhal_bsp.a(alt_irq_handler.o)
                0x003de2bc                alt_irq
 COMMON         0x003de3bc      0x190 c:/altera/13.0sp1/nios2eds/bin/gnu/h-i686-mingw32/bin/../lib/gcc/nios2-elf/4.1.2/../../../../nios2-elf/lib\libc.a(lib_a-atexit.o)
                0x003de3bc                _atexit0
                0x003de54c                . = ALIGN (0x4)
                0x003de54c                __bss_end = ABSOLUTE (.)

.SDRAM          0x003de54c        0x0
                0x003de54c                PROVIDE (_alt_partition_SDRAM_start, ABSOLUTE (.))
 *(.SDRAM. SDRAM.*)
                0x003de54c                . = ALIGN (0x4)
                0x003de54c                PROVIDE (_alt_partition_SDRAM_end, ABSOLUTE (.))
                0x003de54c                _end = ABSOLUTE (.)
                0x003de54c                end = ABSOLUTE (.)
                0x003de54c                __alt_stack_base = ABSOLUTE (.)
                0x003de54c                PROVIDE (_alt_partition_SDRAM_load_addr, LOADADDR (.SDRAM))

.Flash_flash_data
                0x0c000000        0x0 load address 0x003de54c
                0x0c000000                PROVIDE (_alt_partition_Flash_flash_data_start, ABSOLUTE (.))
 *(.Flash_flash_data. Flash_flash_data.*)
                0x0c000000                . = ALIGN (0x4)
                0x0c000000                PROVIDE (_alt_partition_Flash_flash_data_end, ABSOLUTE (.))
                0x003de54c                PROVIDE (_alt_partition_Flash_flash_data_load_addr, LOADADDR (.Flash_flash_data))

.stab
 *(.stab)

.stabstr
 *(.stabstr)

.stab.excl
 *(.stab.excl)

.stab.exclstr
 *(.stab.exclstr)

.stab.index
 *(.stab.index)

.stab.indexstr
 *(.stab.indexstr)

.comment        0x00000000       0x26
 *(.comment)
 .comment       0x00000000       0x26 obj/default/PS2_ISR.o
                                 0x27 (size before relaxing)
 .comment       0x00000000       0x27 obj/default/audio_ISR.o
 .comment       0x00000000       0x27 obj/default/globals.o
 .comment       0x00000000       0x27 obj/default/interval_timer_ISR.o
 .comment       0x00000000       0x27 obj/default/media_interrupt_HAL.o
 .comment       0x00000000       0x27 obj/default/pushbutton_ISR.o
 .comment       0x00000000       0x27 c:/altera/13.0sp1/nios2eds/bin/gnu/h-i686-mingw32/bin/../lib/gcc/nios2-elf/4.1.2/../../../../nios2-elf/lib\libc.a(lib_a-memcpy.o)
 .comment       0x00000000       0x27 c:/altera/13.0sp1/nios2eds/bin/gnu/h-i686-mingw32/bin/../lib/gcc/nios2-elf/4.1.2/../../../../nios2-elf/lib\libc.a(lib_a-memset.o)
 .comment       0x00000000       0x27 ../gad_bsp/\libhal_bsp.a(alt_irq_register.o)
 .comment       0x00000000       0x27 ../gad_bsp/\libhal_bsp.a(alt_irq_vars.o)
 .comment       0x00000000       0x27 ../gad_bsp/\libhal_bsp.a(alt_load.o)
 .comment       0x00000000       0x27 ../gad_bsp/\libhal_bsp.a(alt_main.o)
 .comment       0x00000000       0x27 ../gad_bsp/\libhal_bsp.a(alt_printf.o)
 .comment       0x00000000       0x27 ../gad_bsp/\libhal_bsp.a(alt_putchar.o)
 .comment       0x00000000       0x27 ../gad_bsp/\libhal_bsp.a(alt_sys_init.o)
 .comment       0x00000000       0x27 ../gad_bsp/\libhal_bsp.a(altera_avalon_jtag_uart_fd.o)
 .comment       0x00000000       0x27 ../gad_bsp/\libhal_bsp.a(altera_avalon_jtag_uart_init.o)
 .comment       0x00000000       0x27 ../gad_bsp/\libhal_bsp.a(altera_avalon_jtag_uart_ioctl.o)
 .comment       0x00000000       0x27 ../gad_bsp/\libhal_bsp.a(altera_avalon_jtag_uart_read.o)
 .comment       0x00000000       0x27 ../gad_bsp/\libhal_bsp.a(altera_avalon_jtag_uart_write.o)
 .comment       0x00000000       0x27 ../gad_bsp/\libhal_bsp.a(altera_avalon_timer_sc.o)
 .comment       0x00000000       0x27 ../gad_bsp/\libhal_bsp.a(altera_up_avalon_audio.o)
 .comment       0x00000000       0x27 ../gad_bsp/\libhal_bsp.a(altera_up_avalon_character_lcd.o)
 .comment       0x00000000       0x27 ../gad_bsp/\libhal_bsp.a(altera_up_avalon_ethernet.o)
 .comment       0x00000000       0x27 ../gad_bsp/\libhal_bsp.a(altera_up_avalon_ethernet_low_level_driver.o)
 .comment       0x00000000       0x27 ../gad_bsp/\libhal_bsp.a(altera_up_avalon_irda.o)
 .comment       0x00000000       0x27 ../gad_bsp/\libhal_bsp.a(altera_up_avalon_parallel_port.o)
 .comment       0x00000000       0x27 ../gad_bsp/\libhal_bsp.a(altera_up_avalon_ps2.o)
 .comment       0x00000000       0x27 ../gad_bsp/\libhal_bsp.a(altera_up_avalon_rs232.o)
 .comment       0x00000000       0x27 ../gad_bsp/\libhal_bsp.a(altera_up_avalon_video_character_buffer_with_dma.o)
 .comment       0x00000000       0x27 ../gad_bsp/\libhal_bsp.a(altera_up_avalon_video_pixel_buffer_dma.o)
 .comment       0x00000000       0x27 ../gad_bsp/\libhal_bsp.a(alt_alarm_start.o)
 .comment       0x00000000       0x27 ../gad_bsp/\libhal_bsp.a(alt_close.o)
 .comment       0x00000000       0x27 ../gad_bsp/\libhal_bsp.a(alt_dcache_flush_all.o)
 .comment       0x00000000       0x27 ../gad_bsp/\libhal_bsp.a(alt_dev.o)
 .comment       0x00000000       0x27 ../gad_bsp/\libhal_bsp.a(alt_dev_llist_insert.o)
 .comment       0x00000000       0x27 ../gad_bsp/\libhal_bsp.a(alt_do_ctors.o)
 .comment       0x00000000       0x27 ../gad_bsp/\libhal_bsp.a(alt_do_dtors.o)
 .comment       0x00000000       0x27 ../gad_bsp/\libhal_bsp.a(alt_errno.o)
 .comment       0x00000000       0x27 ../gad_bsp/\libhal_bsp.a(alt_find_dev.o)
 .comment       0x00000000       0x27 ../gad_bsp/\libhal_bsp.a(alt_icache_flush_all.o)
 .comment       0x00000000       0x27 ../gad_bsp/\libhal_bsp.a(alt_io_redirect.o)
 .comment       0x00000000       0x27 ../gad_bsp/\libhal_bsp.a(alt_irq_handler.o)
 .comment       0x00000000       0x27 ../gad_bsp/\libhal_bsp.a(alt_open.o)
 .comment       0x00000000       0x27 ../gad_bsp/\libhal_bsp.a(alt_release_fd.o)
 .comment       0x00000000       0x27 ../gad_bsp/\libhal_bsp.a(alt_tick.o)
 .comment       0x00000000       0x27 ../gad_bsp/\libhal_bsp.a(alt_usleep.o)
 .comment       0x00000000       0x27 ../gad_bsp/\libhal_bsp.a(altera_nios2_qsys_irq.o)
 .comment       0x00000000       0x27 ../gad_bsp/\libhal_bsp.a(alt_busy_sleep.o)
 .comment       0x00000000       0x27 ../gad_bsp/\libhal_bsp.a(alt_find_file.o)
 .comment       0x00000000       0x27 ../gad_bsp/\libhal_bsp.a(alt_get_fd.o)
 .comment       0x00000000       0x27 ../gad_bsp/\libhal_bsp.a(alt_icache_flush.o)
 .comment       0x00000000       0x27 c:/altera/13.0sp1/nios2eds/bin/gnu/h-i686-mingw32/bin/../lib/gcc/nios2-elf/4.1.2/../../../../nios2-elf/lib\libc.a(lib_a-atexit.o)
 .comment       0x00000000       0x27 c:/altera/13.0sp1/nios2eds/bin/gnu/h-i686-mingw32/bin/../lib/gcc/nios2-elf/4.1.2/../../../../nios2-elf/lib\libc.a(lib_a-exit.o)
 .comment       0x00000000       0x27 c:/altera/13.0sp1/nios2eds/bin/gnu/h-i686-mingw32/bin/../lib/gcc/nios2-elf/4.1.2/../../../../nios2-elf/lib\libc.a(lib_a-impure.o)
 .comment       0x00000000       0x27 c:/altera/13.0sp1/nios2eds/bin/gnu/h-i686-mingw32/bin/../lib/gcc/nios2-elf/4.1.2/../../../../nios2-elf/lib\libc.a(lib_a-int_errno.o)
 .comment       0x00000000       0x27 c:/altera/13.0sp1/nios2eds/bin/gnu/h-i686-mingw32/bin/../lib/gcc/nios2-elf/4.1.2/../../../../nios2-elf/lib\libc.a(lib_a-memcmp.o)
 .comment       0x00000000       0x27 c:/altera/13.0sp1/nios2eds/bin/gnu/h-i686-mingw32/bin/../lib/gcc/nios2-elf/4.1.2/../../../../nios2-elf/lib\libc.a(lib_a-putc.o)
 .comment       0x00000000       0x27 c:/altera/13.0sp1/nios2eds/bin/gnu/h-i686-mingw32/bin/../lib/gcc/nios2-elf/4.1.2/../../../../nios2-elf/lib\libc.a(lib_a-strcmp.o)
 .comment       0x00000000       0x27 c:/altera/13.0sp1/nios2eds/bin/gnu/h-i686-mingw32/bin/../lib/gcc/nios2-elf/4.1.2/../../../../nios2-elf/lib\libc.a(lib_a-strlen.o)
 .comment       0x00000000       0x27 c:/altera/13.0sp1/nios2eds/bin/gnu/h-i686-mingw32/bin/../lib/gcc/nios2-elf/4.1.2/../../../../nios2-elf/lib\libc.a(lib_a-wbuf.o)
 .comment       0x00000000       0x27 c:/altera/13.0sp1/nios2eds/bin/gnu/h-i686-mingw32/bin/../lib/gcc/nios2-elf/4.1.2/../../../../nios2-elf/lib\libc.a(lib_a-wsetup.o)
 .comment       0x00000000       0x27 c:/altera/13.0sp1/nios2eds/bin/gnu/h-i686-mingw32/bin/../lib/gcc/nios2-elf/4.1.2/../../../../nios2-elf/lib\libc.a(lib_a-__atexit.o)
 .comment       0x00000000       0x27 c:/altera/13.0sp1/nios2eds/bin/gnu/h-i686-mingw32/bin/../lib/gcc/nios2-elf/4.1.2/../../../../nios2-elf/lib\libc.a(lib_a-__call_atexit.o)
 .comment       0x00000000       0x27 c:/altera/13.0sp1/nios2eds/bin/gnu/h-i686-mingw32/bin/../lib/gcc/nios2-elf/4.1.2/../../../../nios2-elf/lib\libc.a(lib_a-fflush.o)
 .comment       0x00000000       0x27 c:/altera/13.0sp1/nios2eds/bin/gnu/h-i686-mingw32/bin/../lib/gcc/nios2-elf/4.1.2/../../../../nios2-elf/lib\libc.a(lib_a-findfp.o)
 .comment       0x00000000       0x27 c:/altera/13.0sp1/nios2eds/bin/gnu/h-i686-mingw32/bin/../lib/gcc/nios2-elf/4.1.2/../../../../nios2-elf/lib\libc.a(lib_a-freer.o)
 .comment       0x00000000       0x27 c:/altera/13.0sp1/nios2eds/bin/gnu/h-i686-mingw32/bin/../lib/gcc/nios2-elf/4.1.2/../../../../nios2-elf/lib\libc.a(lib_a-fwalk.o)
 .comment       0x00000000       0x27 c:/altera/13.0sp1/nios2eds/bin/gnu/h-i686-mingw32/bin/../lib/gcc/nios2-elf/4.1.2/../../../../nios2-elf/lib\libc.a(lib_a-makebuf.o)
 .comment       0x00000000       0x27 c:/altera/13.0sp1/nios2eds/bin/gnu/h-i686-mingw32/bin/../lib/gcc/nios2-elf/4.1.2/../../../../nios2-elf/lib\libc.a(lib_a-mallocr.o)
 .comment       0x00000000       0x27 c:/altera/13.0sp1/nios2eds/bin/gnu/h-i686-mingw32/bin/../lib/gcc/nios2-elf/4.1.2/../../../../nios2-elf/lib\libc.a(lib_a-sbrkr.o)
 .comment       0x00000000       0x27 c:/altera/13.0sp1/nios2eds/bin/gnu/h-i686-mingw32/bin/../lib/gcc/nios2-elf/4.1.2/../../../../nios2-elf/lib\libc.a(lib_a-stdio.o)
 .comment       0x00000000       0x27 c:/altera/13.0sp1/nios2eds/bin/gnu/h-i686-mingw32/bin/../lib/gcc/nios2-elf/4.1.2/../../../../nios2-elf/lib\libc.a(lib_a-writer.o)
 .comment       0x00000000       0x27 c:/altera/13.0sp1/nios2eds/bin/gnu/h-i686-mingw32/bin/../lib/gcc/nios2-elf/4.1.2/../../../../nios2-elf/lib\libc.a(lib_a-closer.o)
 .comment       0x00000000       0x27 c:/altera/13.0sp1/nios2eds/bin/gnu/h-i686-mingw32/bin/../lib/gcc/nios2-elf/4.1.2/../../../../nios2-elf/lib\libc.a(lib_a-fclose.o)
 .comment       0x00000000       0x27 c:/altera/13.0sp1/nios2eds/bin/gnu/h-i686-mingw32/bin/../lib/gcc/nios2-elf/4.1.2/../../../../nios2-elf/lib\libc.a(lib_a-fstatr.o)
 .comment       0x00000000       0x27 c:/altera/13.0sp1/nios2eds/bin/gnu/h-i686-mingw32/bin/../lib/gcc/nios2-elf/4.1.2/../../../../nios2-elf/lib\libc.a(lib_a-isattyr.o)
 .comment       0x00000000       0x27 c:/altera/13.0sp1/nios2eds/bin/gnu/h-i686-mingw32/bin/../lib/gcc/nios2-elf/4.1.2/../../../../nios2-elf/lib\libc.a(lib_a-lseekr.o)
 .comment       0x00000000       0x27 c:/altera/13.0sp1/nios2eds/bin/gnu/h-i686-mingw32/bin/../lib/gcc/nios2-elf/4.1.2/../../../../nios2-elf/lib\libc.a(lib_a-readr.o)
 .comment       0x00000000       0x27 ../gad_bsp/\libhal_bsp.a(alt_exit.o)
 .comment       0x00000000       0x27 ../gad_bsp/\libhal_bsp.a(alt_fstat.o)
 .comment       0x00000000       0x27 ../gad_bsp/\libhal_bsp.a(alt_isatty.o)
 .comment       0x00000000       0x27 ../gad_bsp/\libhal_bsp.a(alt_lseek.o)
 .comment       0x00000000       0x27 ../gad_bsp/\libhal_bsp.a(alt_malloc_lock.o)
 .comment       0x00000000       0x27 ../gad_bsp/\libhal_bsp.a(alt_read.o)
 .comment       0x00000000       0x27 ../gad_bsp/\libhal_bsp.a(alt_sbrk.o)
 .comment       0x00000000       0x27 ../gad_bsp/\libhal_bsp.a(alt_write.o)

.debug
 *(.debug)

.line
 *(.line)

.debug_srcinfo
 *(.debug_srcinfo)

.debug_sfnames
 *(.debug_sfnames)

.debug_aranges  0x00000000      0xad8
 *(.debug_aranges)
 .debug_aranges
                0x00000000       0x28 ../gad_bsp//obj/HAL/src/crt0.o
 .debug_aranges
                0x00000028       0x20 obj/default/PS2_ISR.o
 .debug_aranges
                0x00000048       0x20 obj/default/audio_ISR.o
 .debug_aranges
                0x00000068       0x20 obj/default/interval_timer_ISR.o
 .debug_aranges
                0x00000088       0x20 obj/default/media_interrupt_HAL.o
 .debug_aranges
                0x000000a8       0x20 obj/default/pushbutton_ISR.o
 .debug_aranges
                0x000000c8       0x20 c:/altera/13.0sp1/nios2eds/bin/gnu/h-i686-mingw32/bin/../lib/gcc/nios2-elf/4.1.2/../../../../nios2-elf/lib\libc.a(lib_a-memcpy.o)
 .debug_aranges
                0x000000e8       0x20 c:/altera/13.0sp1/nios2eds/bin/gnu/h-i686-mingw32/bin/../lib/gcc/nios2-elf/4.1.2/../../../../nios2-elf/lib\libc.a(lib_a-memset.o)
 .debug_aranges
                0x00000108       0x20 ../gad_bsp/\libhal_bsp.a(alt_irq_register.o)
 .debug_aranges
                0x00000128       0x20 ../gad_bsp/\libhal_bsp.a(alt_load.o)
 .debug_aranges
                0x00000148       0x20 ../gad_bsp/\libhal_bsp.a(alt_main.o)
 .debug_aranges
                0x00000168       0x20 ../gad_bsp/\libhal_bsp.a(alt_printf.o)
 .debug_aranges
                0x00000188       0x20 ../gad_bsp/\libhal_bsp.a(alt_putchar.o)
 .debug_aranges
                0x000001a8       0x20 ../gad_bsp/\libhal_bsp.a(alt_sys_init.o)
 .debug_aranges
                0x000001c8       0x20 ../gad_bsp/\libhal_bsp.a(altera_avalon_jtag_uart_fd.o)
 .debug_aranges
                0x000001e8       0x20 ../gad_bsp/\libhal_bsp.a(altera_avalon_jtag_uart_init.o)
 .debug_aranges
                0x00000208       0x20 ../gad_bsp/\libhal_bsp.a(altera_avalon_jtag_uart_ioctl.o)
 .debug_aranges
                0x00000228       0x20 ../gad_bsp/\libhal_bsp.a(altera_avalon_jtag_uart_read.o)
 .debug_aranges
                0x00000248       0x20 ../gad_bsp/\libhal_bsp.a(altera_avalon_jtag_uart_write.o)
 .debug_aranges
                0x00000268       0x20 ../gad_bsp/\libhal_bsp.a(altera_avalon_timer_sc.o)
 .debug_aranges
                0x00000288       0x20 ../gad_bsp/\libhal_bsp.a(altera_up_avalon_audio.o)
 .debug_aranges
                0x000002a8       0x20 ../gad_bsp/\libhal_bsp.a(altera_up_avalon_character_lcd.o)
 .debug_aranges
                0x000002c8       0x20 ../gad_bsp/\libhal_bsp.a(altera_up_avalon_ethernet.o)
 .debug_aranges
                0x000002e8       0x20 ../gad_bsp/\libhal_bsp.a(altera_up_avalon_ethernet_low_level_driver.o)
 .debug_aranges
                0x00000308       0x20 ../gad_bsp/\libhal_bsp.a(altera_up_avalon_irda.o)
 .debug_aranges
                0x00000328       0x20 ../gad_bsp/\libhal_bsp.a(altera_up_avalon_parallel_port.o)
 .debug_aranges
                0x00000348       0x20 ../gad_bsp/\libhal_bsp.a(altera_up_avalon_ps2.o)
 .debug_aranges
                0x00000368       0x20 ../gad_bsp/\libhal_bsp.a(altera_up_avalon_rs232.o)
 .debug_aranges
                0x00000388       0x20 ../gad_bsp/\libhal_bsp.a(altera_up_avalon_video_character_buffer_with_dma.o)
 .debug_aranges
                0x000003a8       0x20 ../gad_bsp/\libhal_bsp.a(altera_up_avalon_video_pixel_buffer_dma.o)
 .debug_aranges
                0x000003c8       0x20 ../gad_bsp/\libhal_bsp.a(alt_alarm_start.o)
 .debug_aranges
                0x000003e8       0x20 ../gad_bsp/\libhal_bsp.a(alt_close.o)
 .debug_aranges
                0x00000408       0x20 ../gad_bsp/\libhal_bsp.a(alt_dcache_flush_all.o)
 .debug_aranges
                0x00000428       0x20 ../gad_bsp/\libhal_bsp.a(alt_dev.o)
 .debug_aranges
                0x00000448       0x20 ../gad_bsp/\libhal_bsp.a(alt_dev_llist_insert.o)
 .debug_aranges
                0x00000468       0x20 ../gad_bsp/\libhal_bsp.a(alt_do_ctors.o)
 .debug_aranges
                0x00000488       0x20 ../gad_bsp/\libhal_bsp.a(alt_do_dtors.o)
 .debug_aranges
                0x000004a8       0x20 ../gad_bsp/\libhal_bsp.a(alt_find_dev.o)
 .debug_aranges
                0x000004c8       0x20 ../gad_bsp/\libhal_bsp.a(alt_icache_flush_all.o)
 .debug_aranges
                0x000004e8       0x20 ../gad_bsp/\libhal_bsp.a(alt_io_redirect.o)
 .debug_aranges
                0x00000508       0x30 ../gad_bsp/\libhal_bsp.a(alt_irq_entry.o)
 .debug_aranges
                0x00000538       0x28 ../gad_bsp/\libhal_bsp.a(alt_irq_handler.o)
 .debug_aranges
                0x00000560       0x20 ../gad_bsp/\libhal_bsp.a(alt_open.o)
 .debug_aranges
                0x00000580       0x20 ../gad_bsp/\libhal_bsp.a(alt_release_fd.o)
 .debug_aranges
                0x000005a0       0x20 ../gad_bsp/\libhal_bsp.a(alt_tick.o)
 .debug_aranges
                0x000005c0       0x20 ../gad_bsp/\libhal_bsp.a(alt_usleep.o)
 .debug_aranges
                0x000005e0       0x20 ../gad_bsp/\libhal_bsp.a(altera_nios2_qsys_irq.o)
 .debug_aranges
                0x00000600       0x20 ../gad_bsp/\libhal_bsp.a(alt_busy_sleep.o)
 .debug_aranges
                0x00000620       0x38 ../gad_bsp/\libhal_bsp.a(alt_exception_entry.o)
 .debug_aranges
                0x00000658       0x20 ../gad_bsp/\libhal_bsp.a(alt_find_file.o)
 .debug_aranges
                0x00000678       0x20 ../gad_bsp/\libhal_bsp.a(alt_get_fd.o)
 .debug_aranges
                0x00000698       0x20 ../gad_bsp/\libhal_bsp.a(alt_icache_flush.o)
 .debug_aranges
                0x000006b8       0x20 c:/altera/13.0sp1/nios2eds/bin/gnu/h-i686-mingw32/bin/../lib/gcc/nios2-elf/4.1.2/../../../../nios2-elf/lib\libc.a(lib_a-atexit.o)
 .debug_aranges
                0x000006d8       0x20 c:/altera/13.0sp1/nios2eds/bin/gnu/h-i686-mingw32/bin/../lib/gcc/nios2-elf/4.1.2/../../../../nios2-elf/lib\libc.a(lib_a-exit.o)
 .debug_aranges
                0x000006f8       0x20 c:/altera/13.0sp1/nios2eds/bin/gnu/h-i686-mingw32/bin/../lib/gcc/nios2-elf/4.1.2/../../../../nios2-elf/lib\libc.a(lib_a-memcmp.o)
 .debug_aranges
                0x00000718       0x20 c:/altera/13.0sp1/nios2eds/bin/gnu/h-i686-mingw32/bin/../lib/gcc/nios2-elf/4.1.2/../../../../nios2-elf/lib\libc.a(lib_a-putc.o)
 .debug_aranges
                0x00000738       0x20 c:/altera/13.0sp1/nios2eds/bin/gnu/h-i686-mingw32/bin/../lib/gcc/nios2-elf/4.1.2/../../../../nios2-elf/lib\libc.a(lib_a-strcmp.o)
 .debug_aranges
                0x00000758       0x20 c:/altera/13.0sp1/nios2eds/bin/gnu/h-i686-mingw32/bin/../lib/gcc/nios2-elf/4.1.2/../../../../nios2-elf/lib\libc.a(lib_a-strlen.o)
 .debug_aranges
                0x00000778       0x20 c:/altera/13.0sp1/nios2eds/bin/gnu/h-i686-mingw32/bin/../lib/gcc/nios2-elf/4.1.2/../../../../nios2-elf/lib\libc.a(lib_a-wbuf.o)
 .debug_aranges
                0x00000798       0x20 c:/altera/13.0sp1/nios2eds/bin/gnu/h-i686-mingw32/bin/../lib/gcc/nios2-elf/4.1.2/../../../../nios2-elf/lib\libc.a(lib_a-wsetup.o)
 .debug_aranges
                0x000007b8       0x20 c:/altera/13.0sp1/nios2eds/bin/gnu/h-i686-mingw32/bin/../lib/gcc/nios2-elf/4.1.2/../../../../nios2-elf/lib\libc.a(lib_a-__atexit.o)
 .debug_aranges
                0x000007d8       0x20 c:/altera/13.0sp1/nios2eds/bin/gnu/h-i686-mingw32/bin/../lib/gcc/nios2-elf/4.1.2/../../../../nios2-elf/lib\libc.a(lib_a-__call_atexit.o)
 .debug_aranges
                0x000007f8       0x20 c:/altera/13.0sp1/nios2eds/bin/gnu/h-i686-mingw32/bin/../lib/gcc/nios2-elf/4.1.2/../../../../nios2-elf/lib\libc.a(lib_a-fflush.o)
 .debug_aranges
                0x00000818       0x20 c:/altera/13.0sp1/nios2eds/bin/gnu/h-i686-mingw32/bin/../lib/gcc/nios2-elf/4.1.2/../../../../nios2-elf/lib\libc.a(lib_a-findfp.o)
 .debug_aranges
                0x00000838       0x20 c:/altera/13.0sp1/nios2eds/bin/gnu/h-i686-mingw32/bin/../lib/gcc/nios2-elf/4.1.2/../../../../nios2-elf/lib\libc.a(lib_a-freer.o)
 .debug_aranges
                0x00000858       0x20 c:/altera/13.0sp1/nios2eds/bin/gnu/h-i686-mingw32/bin/../lib/gcc/nios2-elf/4.1.2/../../../../nios2-elf/lib\libc.a(lib_a-fwalk.o)
 .debug_aranges
                0x00000878       0x20 c:/altera/13.0sp1/nios2eds/bin/gnu/h-i686-mingw32/bin/../lib/gcc/nios2-elf/4.1.2/../../../../nios2-elf/lib\libc.a(lib_a-makebuf.o)
 .debug_aranges
                0x00000898       0x20 c:/altera/13.0sp1/nios2eds/bin/gnu/h-i686-mingw32/bin/../lib/gcc/nios2-elf/4.1.2/../../../../nios2-elf/lib\libc.a(lib_a-mallocr.o)
 .debug_aranges
                0x000008b8       0x20 c:/altera/13.0sp1/nios2eds/bin/gnu/h-i686-mingw32/bin/../lib/gcc/nios2-elf/4.1.2/../../../../nios2-elf/lib\libc.a(lib_a-sbrkr.o)
 .debug_aranges
                0x000008d8       0x20 c:/altera/13.0sp1/nios2eds/bin/gnu/h-i686-mingw32/bin/../lib/gcc/nios2-elf/4.1.2/../../../../nios2-elf/lib\libc.a(lib_a-stdio.o)
 .debug_aranges
                0x000008f8       0x20 c:/altera/13.0sp1/nios2eds/bin/gnu/h-i686-mingw32/bin/../lib/gcc/nios2-elf/4.1.2/../../../../nios2-elf/lib\libc.a(lib_a-writer.o)
 .debug_aranges
                0x00000918       0x20 c:/altera/13.0sp1/nios2eds/bin/gnu/h-i686-mingw32/bin/../lib/gcc/nios2-elf/4.1.2/../../../../nios2-elf/lib\libc.a(lib_a-closer.o)
 .debug_aranges
                0x00000938       0x20 c:/altera/13.0sp1/nios2eds/bin/gnu/h-i686-mingw32/bin/../lib/gcc/nios2-elf/4.1.2/../../../../nios2-elf/lib\libc.a(lib_a-fclose.o)
 .debug_aranges
                0x00000958       0x20 c:/altera/13.0sp1/nios2eds/bin/gnu/h-i686-mingw32/bin/../lib/gcc/nios2-elf/4.1.2/../../../../nios2-elf/lib\libc.a(lib_a-fstatr.o)
 .debug_aranges
                0x00000978       0x20 c:/altera/13.0sp1/nios2eds/bin/gnu/h-i686-mingw32/bin/../lib/gcc/nios2-elf/4.1.2/../../../../nios2-elf/lib\libc.a(lib_a-isattyr.o)
 .debug_aranges
                0x00000998       0x20 c:/altera/13.0sp1/nios2eds/bin/gnu/h-i686-mingw32/bin/../lib/gcc/nios2-elf/4.1.2/../../../../nios2-elf/lib\libc.a(lib_a-lseekr.o)
 .debug_aranges
                0x000009b8       0x20 c:/altera/13.0sp1/nios2eds/bin/gnu/h-i686-mingw32/bin/../lib/gcc/nios2-elf/4.1.2/../../../../nios2-elf/lib\libc.a(lib_a-readr.o)
 .debug_aranges
                0x000009d8       0x20 ../gad_bsp/\libhal_bsp.a(alt_exit.o)
 .debug_aranges
                0x000009f8       0x20 ../gad_bsp/\libhal_bsp.a(alt_fstat.o)
 .debug_aranges
                0x00000a18       0x20 ../gad_bsp/\libhal_bsp.a(alt_isatty.o)
 .debug_aranges
                0x00000a38       0x20 ../gad_bsp/\libhal_bsp.a(alt_lseek.o)
 .debug_aranges
                0x00000a58       0x20 ../gad_bsp/\libhal_bsp.a(alt_malloc_lock.o)
 .debug_aranges
                0x00000a78       0x20 ../gad_bsp/\libhal_bsp.a(alt_read.o)
 .debug_aranges
                0x00000a98       0x20 ../gad_bsp/\libhal_bsp.a(alt_sbrk.o)
 .debug_aranges
                0x00000ab8       0x20 ../gad_bsp/\libhal_bsp.a(alt_write.o)

.debug_pubnames
                0x00000000     0x1bdd
 *(.debug_pubnames)
 .debug_pubnames
                0x00000000       0x51 obj/default/PS2_ISR.o
 .debug_pubnames
                0x00000051       0x53 obj/default/audio_ISR.o
 .debug_pubnames
                0x000000a4       0xa2 obj/default/globals.o
 .debug_pubnames
                0x00000146       0x5c obj/default/interval_timer_ISR.o
 .debug_pubnames
                0x000001a2       0x5a obj/default/media_interrupt_HAL.o
 .debug_pubnames
                0x000001fc       0x58 obj/default/pushbutton_ISR.o
 .debug_pubnames
                0x00000254       0x1d c:/altera/13.0sp1/nios2eds/bin/gnu/h-i686-mingw32/bin/../lib/gcc/nios2-elf/4.1.2/../../../../nios2-elf/lib\libc.a(lib_a-memcpy.o)
 .debug_pubnames
                0x00000271       0x1d c:/altera/13.0sp1/nios2eds/bin/gnu/h-i686-mingw32/bin/../lib/gcc/nios2-elf/4.1.2/../../../../nios2-elf/lib\libc.a(lib_a-memset.o)
 .debug_pubnames
                0x0000028e       0x27 ../gad_bsp/\libhal_bsp.a(alt_irq_register.o)
 .debug_pubnames
                0x000002b5       0x3b ../gad_bsp/\libhal_bsp.a(alt_irq_vars.o)
 .debug_pubnames
                0x000002f0       0x1f ../gad_bsp/\libhal_bsp.a(alt_load.o)
 .debug_pubnames
                0x0000030f       0x46 ../gad_bsp/\libhal_bsp.a(alt_main.o)
 .debug_pubnames
                0x00000355       0x21 ../gad_bsp/\libhal_bsp.a(alt_printf.o)
 .debug_pubnames
                0x00000376       0x22 ../gad_bsp/\libhal_bsp.a(alt_putchar.o)
 .debug_pubnames
                0x00000398       0x34 ../gad_bsp/\libhal_bsp.a(alt_sys_init.o)
 .debug_pubnames
                0x000003cc       0xa5 ../gad_bsp/\libhal_bsp.a(altera_avalon_jtag_uart_fd.o)
 .debug_pubnames
                0x00000471       0x55 ../gad_bsp/\libhal_bsp.a(altera_avalon_jtag_uart_init.o)
 .debug_pubnames
                0x000004c6       0x34 ../gad_bsp/\libhal_bsp.a(altera_avalon_jtag_uart_ioctl.o)
 .debug_pubnames
                0x000004fa       0x33 ../gad_bsp/\libhal_bsp.a(altera_avalon_jtag_uart_read.o)
 .debug_pubnames
                0x0000052d       0x34 ../gad_bsp/\libhal_bsp.a(altera_avalon_jtag_uart_write.o)
 .debug_pubnames
                0x00000561       0x2f ../gad_bsp/\libhal_bsp.a(altera_avalon_timer_sc.o)
 .debug_pubnames
                0x00000590      0x25e ../gad_bsp/\libhal_bsp.a(altera_up_avalon_audio.o)
 .debug_pubnames
                0x000007ee      0x1cd ../gad_bsp/\libhal_bsp.a(altera_up_avalon_character_lcd.o)
 .debug_pubnames
                0x000009bb       0x48 ../gad_bsp/\libhal_bsp.a(altera_up_avalon_ethernet.o)
 .debug_pubnames
                0x00000a03       0x90 ../gad_bsp/\libhal_bsp.a(altera_up_avalon_ethernet_low_level_driver.o)
 .debug_pubnames
                0x00000a93      0x159 ../gad_bsp/\libhal_bsp.a(altera_up_avalon_irda.o)
 .debug_pubnames
                0x00000bec       0x34 ../gad_bsp/\libhal_bsp.a(altera_up_avalon_parallel_port.o)
 .debug_pubnames
                0x00000c20      0x1ed ../gad_bsp/\libhal_bsp.a(altera_up_avalon_ps2.o)
 .debug_pubnames
                0x00000e0d      0x163 ../gad_bsp/\libhal_bsp.a(altera_up_avalon_rs232.o)
 .debug_pubnames
                0x00000f70       0xa5 ../gad_bsp/\libhal_bsp.a(altera_up_avalon_video_character_buffer_with_dma.o)
 .debug_pubnames
                0x00001015      0x1f1 ../gad_bsp/\libhal_bsp.a(altera_up_avalon_video_pixel_buffer_dma.o)
 .debug_pubnames
                0x00001206       0x26 ../gad_bsp/\libhal_bsp.a(alt_alarm_start.o)
 .debug_pubnames
                0x0000122c       0x1c ../gad_bsp/\libhal_bsp.a(alt_close.o)
 .debug_pubnames
                0x00001248       0x2b ../gad_bsp/\libhal_bsp.a(alt_dcache_flush_all.o)
 .debug_pubnames
                0x00001273       0x63 ../gad_bsp/\libhal_bsp.a(alt_dev.o)
 .debug_pubnames
                0x000012d6       0x2b ../gad_bsp/\libhal_bsp.a(alt_dev_llist_insert.o)
 .debug_pubnames
                0x00001301       0x20 ../gad_bsp/\libhal_bsp.a(alt_do_ctors.o)
 .debug_pubnames
                0x00001321       0x20 ../gad_bsp/\libhal_bsp.a(alt_do_dtors.o)
 .debug_pubnames
                0x00001341       0x20 ../gad_bsp/\libhal_bsp.a(alt_errno.o)
 .debug_pubnames
                0x00001361       0x23 ../gad_bsp/\libhal_bsp.a(alt_find_dev.o)
 .debug_pubnames
                0x00001384       0x2b ../gad_bsp/\libhal_bsp.a(alt_icache_flush_all.o)
 .debug_pubnames
                0x000013af       0x26 ../gad_bsp/\libhal_bsp.a(alt_io_redirect.o)
 .debug_pubnames
                0x000013d5       0x32 ../gad_bsp/\libhal_bsp.a(alt_irq_handler.o)
 .debug_pubnames
                0x00001407       0x1b ../gad_bsp/\libhal_bsp.a(alt_open.o)
 .debug_pubnames
                0x00001422       0x25 ../gad_bsp/\libhal_bsp.a(alt_release_fd.o)
 .debug_pubnames
                0x00001447       0x68 ../gad_bsp/\libhal_bsp.a(alt_tick.o)
 .debug_pubnames
                0x000014af       0x1d ../gad_bsp/\libhal_bsp.a(alt_usleep.o)
 .debug_pubnames
                0x000014cc       0x31 ../gad_bsp/\libhal_bsp.a(altera_nios2_qsys_irq.o)
 .debug_pubnames
                0x000014fd       0x25 ../gad_bsp/\libhal_bsp.a(alt_busy_sleep.o)
 .debug_pubnames
                0x00001522       0x24 ../gad_bsp/\libhal_bsp.a(alt_find_file.o)
 .debug_pubnames
                0x00001546       0x21 ../gad_bsp/\libhal_bsp.a(alt_get_fd.o)
 .debug_pubnames
                0x00001567       0x27 ../gad_bsp/\libhal_bsp.a(alt_icache_flush.o)
 .debug_pubnames
                0x0000158e       0x2a c:/altera/13.0sp1/nios2eds/bin/gnu/h-i686-mingw32/bin/../lib/gcc/nios2-elf/4.1.2/../../../../nios2-elf/lib\libc.a(lib_a-atexit.o)
 .debug_pubnames
                0x000015b8       0x1b c:/altera/13.0sp1/nios2eds/bin/gnu/h-i686-mingw32/bin/../lib/gcc/nios2-elf/4.1.2/../../../../nios2-elf/lib\libc.a(lib_a-exit.o)
 .debug_pubnames
                0x000015d3       0x39 c:/altera/13.0sp1/nios2eds/bin/gnu/h-i686-mingw32/bin/../lib/gcc/nios2-elf/4.1.2/../../../../nios2-elf/lib\libc.a(lib_a-impure.o)
 .debug_pubnames
                0x0000160c       0x1c c:/altera/13.0sp1/nios2eds/bin/gnu/h-i686-mingw32/bin/../lib/gcc/nios2-elf/4.1.2/../../../../nios2-elf/lib\libc.a(lib_a-int_errno.o)
 .debug_pubnames
                0x00001628       0x1d c:/altera/13.0sp1/nios2eds/bin/gnu/h-i686-mingw32/bin/../lib/gcc/nios2-elf/4.1.2/../../../../nios2-elf/lib\libc.a(lib_a-memcmp.o)
 .debug_pubnames
                0x00001645       0x27 c:/altera/13.0sp1/nios2eds/bin/gnu/h-i686-mingw32/bin/../lib/gcc/nios2-elf/4.1.2/../../../../nios2-elf/lib\libc.a(lib_a-putc.o)
 .debug_pubnames
                0x0000166c       0x1d c:/altera/13.0sp1/nios2eds/bin/gnu/h-i686-mingw32/bin/../lib/gcc/nios2-elf/4.1.2/../../../../nios2-elf/lib\libc.a(lib_a-strcmp.o)
 .debug_pubnames
                0x00001689       0x1d c:/altera/13.0sp1/nios2eds/bin/gnu/h-i686-mingw32/bin/../lib/gcc/nios2-elf/4.1.2/../../../../nios2-elf/lib\libc.a(lib_a-strlen.o)
 .debug_pubnames
                0x000016a6       0x2c c:/altera/13.0sp1/nios2eds/bin/gnu/h-i686-mingw32/bin/../lib/gcc/nios2-elf/4.1.2/../../../../nios2-elf/lib\libc.a(lib_a-wbuf.o)
 .debug_pubnames
                0x000016d2       0x22 c:/altera/13.0sp1/nios2eds/bin/gnu/h-i686-mingw32/bin/../lib/gcc/nios2-elf/4.1.2/../../../../nios2-elf/lib\libc.a(lib_a-wsetup.o)
 .debug_pubnames
                0x000016f4       0x2a c:/altera/13.0sp1/nios2eds/bin/gnu/h-i686-mingw32/bin/../lib/gcc/nios2-elf/4.1.2/../../../../nios2-elf/lib\libc.a(lib_a-__atexit.o)
 .debug_pubnames
                0x0000171e       0x27 c:/altera/13.0sp1/nios2eds/bin/gnu/h-i686-mingw32/bin/../lib/gcc/nios2-elf/4.1.2/../../../../nios2-elf/lib\libc.a(lib_a-__call_atexit.o)
 .debug_pubnames
                0x00001745       0x2b c:/altera/13.0sp1/nios2eds/bin/gnu/h-i686-mingw32/bin/../lib/gcc/nios2-elf/4.1.2/../../../../nios2-elf/lib\libc.a(lib_a-fflush.o)
 .debug_pubnames
                0x00001770       0xdb c:/altera/13.0sp1/nios2eds/bin/gnu/h-i686-mingw32/bin/../lib/gcc/nios2-elf/4.1.2/../../../../nios2-elf/lib\libc.a(lib_a-findfp.o)
 .debug_pubnames
                0x0000184b       0x31 c:/altera/13.0sp1/nios2eds/bin/gnu/h-i686-mingw32/bin/../lib/gcc/nios2-elf/4.1.2/../../../../nios2-elf/lib\libc.a(lib_a-freer.o)
 .debug_pubnames
                0x0000187c       0x2e c:/altera/13.0sp1/nios2eds/bin/gnu/h-i686-mingw32/bin/../lib/gcc/nios2-elf/4.1.2/../../../../nios2-elf/lib\libc.a(lib_a-fwalk.o)
 .debug_pubnames
                0x000018aa       0x23 c:/altera/13.0sp1/nios2eds/bin/gnu/h-i686-mingw32/bin/../lib/gcc/nios2-elf/4.1.2/../../../../nios2-elf/lib\libc.a(lib_a-makebuf.o)
 .debug_pubnames
                0x000018cd       0xce c:/altera/13.0sp1/nios2eds/bin/gnu/h-i686-mingw32/bin/../lib/gcc/nios2-elf/4.1.2/../../../../nios2-elf/lib\libc.a(lib_a-mallocr.o)
 .debug_pubnames
                0x0000199b       0x1e c:/altera/13.0sp1/nios2eds/bin/gnu/h-i686-mingw32/bin/../lib/gcc/nios2-elf/4.1.2/../../../../nios2-elf/lib\libc.a(lib_a-sbrkr.o)
 .debug_pubnames
                0x000019b9       0x44 c:/altera/13.0sp1/nios2eds/bin/gnu/h-i686-mingw32/bin/../lib/gcc/nios2-elf/4.1.2/../../../../nios2-elf/lib\libc.a(lib_a-stdio.o)
 .debug_pubnames
                0x000019fd       0x1f c:/altera/13.0sp1/nios2eds/bin/gnu/h-i686-mingw32/bin/../lib/gcc/nios2-elf/4.1.2/../../../../nios2-elf/lib\libc.a(lib_a-writer.o)
 .debug_pubnames
                0x00001a1c       0x1f c:/altera/13.0sp1/nios2eds/bin/gnu/h-i686-mingw32/bin/../lib/gcc/nios2-elf/4.1.2/../../../../nios2-elf/lib\libc.a(lib_a-closer.o)
 .debug_pubnames
                0x00001a3b       0x2b c:/altera/13.0sp1/nios2eds/bin/gnu/h-i686-mingw32/bin/../lib/gcc/nios2-elf/4.1.2/../../../../nios2-elf/lib\libc.a(lib_a-fclose.o)
 .debug_pubnames
                0x00001a66       0x1f c:/altera/13.0sp1/nios2eds/bin/gnu/h-i686-mingw32/bin/../lib/gcc/nios2-elf/4.1.2/../../../../nios2-elf/lib\libc.a(lib_a-fstatr.o)
 .debug_pubnames
                0x00001a85       0x20 c:/altera/13.0sp1/nios2eds/bin/gnu/h-i686-mingw32/bin/../lib/gcc/nios2-elf/4.1.2/../../../../nios2-elf/lib\libc.a(lib_a-isattyr.o)
 .debug_pubnames
                0x00001aa5       0x1f c:/altera/13.0sp1/nios2eds/bin/gnu/h-i686-mingw32/bin/../lib/gcc/nios2-elf/4.1.2/../../../../nios2-elf/lib\libc.a(lib_a-lseekr.o)
 .debug_pubnames
                0x00001ac4       0x1e c:/altera/13.0sp1/nios2eds/bin/gnu/h-i686-mingw32/bin/../lib/gcc/nios2-elf/4.1.2/../../../../nios2-elf/lib\libc.a(lib_a-readr.o)
 .debug_pubnames
                0x00001ae2       0x1c ../gad_bsp/\libhal_bsp.a(alt_exit.o)
 .debug_pubnames
                0x00001afe       0x1c ../gad_bsp/\libhal_bsp.a(alt_fstat.o)
 .debug_pubnames
                0x00001b1a       0x1d ../gad_bsp/\libhal_bsp.a(alt_isatty.o)
 .debug_pubnames
                0x00001b37       0x1c ../gad_bsp/\libhal_bsp.a(alt_lseek.o)
 .debug_pubnames
                0x00001b53       0x38 ../gad_bsp/\libhal_bsp.a(alt_malloc_lock.o)
 .debug_pubnames
                0x00001b8b       0x1b ../gad_bsp/\libhal_bsp.a(alt_read.o)
 .debug_pubnames
                0x00001ba6       0x1b ../gad_bsp/\libhal_bsp.a(alt_sbrk.o)
 .debug_pubnames
                0x00001bc1       0x1c ../gad_bsp/\libhal_bsp.a(alt_write.o)

.debug_info     0x00000000    0x223ef
 *(.debug_info .gnu.linkonce.wi.*)
 .debug_info    0x00000000       0x61 ../gad_bsp//obj/HAL/src/crt0.o
 .debug_info    0x00000061      0x8d5 obj/default/PS2_ISR.o
 .debug_info    0x00000936      0x914 obj/default/audio_ISR.o
 .debug_info    0x0000124a      0x8fb obj/default/globals.o
 .debug_info    0x00001b45      0x8df obj/default/interval_timer_ISR.o
 .debug_info    0x00002424      0xc61 obj/default/media_interrupt_HAL.o
 .debug_info    0x00003085      0x8f1 obj/default/pushbutton_ISR.o
 .debug_info    0x00003976      0x106 c:/altera/13.0sp1/nios2eds/bin/gnu/h-i686-mingw32/bin/../lib/gcc/nios2-elf/4.1.2/../../../../nios2-elf/lib\libc.a(lib_a-memcpy.o)
 .debug_info    0x00003a7c      0x113 c:/altera/13.0sp1/nios2eds/bin/gnu/h-i686-mingw32/bin/../lib/gcc/nios2-elf/4.1.2/../../../../nios2-elf/lib\libc.a(lib_a-memset.o)
 .debug_info    0x00003b8f      0x415 ../gad_bsp/\libhal_bsp.a(alt_irq_register.o)
 .debug_info    0x00003fa4      0x14d ../gad_bsp/\libhal_bsp.a(alt_irq_vars.o)
 .debug_info    0x000040f1      0x273 ../gad_bsp/\libhal_bsp.a(alt_load.o)
 .debug_info    0x00004364      0x252 ../gad_bsp/\libhal_bsp.a(alt_main.o)
 .debug_info    0x000045b6      0x18e ../gad_bsp/\libhal_bsp.a(alt_printf.o)
 .debug_info    0x00004744      0xbe2 ../gad_bsp/\libhal_bsp.a(alt_putchar.o)
 .debug_info    0x00005326      0xec9 ../gad_bsp/\libhal_bsp.a(alt_sys_init.o)
 .debug_info    0x000061ef      0x7bf ../gad_bsp/\libhal_bsp.a(altera_avalon_jtag_uart_fd.o)
 .debug_info    0x000069ae      0x627 ../gad_bsp/\libhal_bsp.a(altera_avalon_jtag_uart_init.o)
 .debug_info    0x00006fd5      0x429 ../gad_bsp/\libhal_bsp.a(altera_avalon_jtag_uart_ioctl.o)
 .debug_info    0x000073fe      0x55f ../gad_bsp/\libhal_bsp.a(altera_avalon_jtag_uart_read.o)
 .debug_info    0x0000795d      0x557 ../gad_bsp/\libhal_bsp.a(altera_avalon_jtag_uart_write.o)
 .debug_info    0x00007eb4      0x3b1 ../gad_bsp/\libhal_bsp.a(altera_avalon_timer_sc.o)
 .debug_info    0x00008265      0xaba ../gad_bsp/\libhal_bsp.a(altera_up_avalon_audio.o)
 .debug_info    0x00008d1f      0x8cf ../gad_bsp/\libhal_bsp.a(altera_up_avalon_character_lcd.o)
 .debug_info    0x000095ee      0x4d5 ../gad_bsp/\libhal_bsp.a(altera_up_avalon_ethernet.o)
 .debug_info    0x00009ac3      0x2c7 ../gad_bsp/\libhal_bsp.a(altera_up_avalon_ethernet_low_level_driver.o)
 .debug_info    0x00009d8a      0x7ba ../gad_bsp/\libhal_bsp.a(altera_up_avalon_irda.o)
 .debug_info    0x0000a544      0x474 ../gad_bsp/\libhal_bsp.a(altera_up_avalon_parallel_port.o)
 .debug_info    0x0000a9b8      0xad3 ../gad_bsp/\libhal_bsp.a(altera_up_avalon_ps2.o)
 .debug_info    0x0000b48b      0x7c5 ../gad_bsp/\libhal_bsp.a(altera_up_avalon_rs232.o)
 .debug_info    0x0000bc50      0x678 ../gad_bsp/\libhal_bsp.a(altera_up_avalon_video_character_buffer_with_dma.o)
 .debug_info    0x0000c2c8      0xe64 ../gad_bsp/\libhal_bsp.a(altera_up_avalon_video_pixel_buffer_dma.o)
 .debug_info    0x0000d12c      0x45b ../gad_bsp/\libhal_bsp.a(alt_alarm_start.o)
 .debug_info    0x0000d587      0x44d ../gad_bsp/\libhal_bsp.a(alt_close.o)
 .debug_info    0x0000d9d4      0x142 ../gad_bsp/\libhal_bsp.a(alt_dcache_flush_all.o)
 .debug_info    0x0000db16      0x665 ../gad_bsp/\libhal_bsp.a(alt_dev.o)
 .debug_info    0x0000e17b      0x29d ../gad_bsp/\libhal_bsp.a(alt_dev_llist_insert.o)
 .debug_info    0x0000e418       0xf5 ../gad_bsp/\libhal_bsp.a(alt_do_ctors.o)
 .debug_info    0x0000e50d       0xf4 ../gad_bsp/\libhal_bsp.a(alt_do_dtors.o)
 .debug_info    0x0000e601      0x14a ../gad_bsp/\libhal_bsp.a(alt_errno.o)
 .debug_info    0x0000e74b      0x3fe ../gad_bsp/\libhal_bsp.a(alt_find_dev.o)
 .debug_info    0x0000eb49      0x142 ../gad_bsp/\libhal_bsp.a(alt_icache_flush_all.o)
 .debug_info    0x0000ec8b      0x67b ../gad_bsp/\libhal_bsp.a(alt_io_redirect.o)
 .debug_info    0x0000f306       0x6a ../gad_bsp/\libhal_bsp.a(alt_irq_entry.o)
 .debug_info    0x0000f370      0x298 ../gad_bsp/\libhal_bsp.a(alt_irq_handler.o)
 .debug_info    0x0000f608      0x50b ../gad_bsp/\libhal_bsp.a(alt_open.o)
 .debug_info    0x0000fb13      0x3d8 ../gad_bsp/\libhal_bsp.a(alt_release_fd.o)
 .debug_info    0x0000feeb      0x417 ../gad_bsp/\libhal_bsp.a(alt_tick.o)
 .debug_info    0x00010302      0x14e ../gad_bsp/\libhal_bsp.a(alt_usleep.o)
 .debug_info    0x00010450      0x190 ../gad_bsp/\libhal_bsp.a(altera_nios2_qsys_irq.o)
 .debug_info    0x000105e0      0x191 ../gad_bsp/\libhal_bsp.a(alt_busy_sleep.o)
 .debug_info    0x00010771       0x70 ../gad_bsp/\libhal_bsp.a(alt_exception_entry.o)
 .debug_info    0x000107e1      0x405 ../gad_bsp/\libhal_bsp.a(alt_find_file.o)
 .debug_info    0x00010be6      0x446 ../gad_bsp/\libhal_bsp.a(alt_get_fd.o)
 .debug_info    0x0001102c      0x18a ../gad_bsp/\libhal_bsp.a(alt_icache_flush.o)
 .debug_info    0x000111b6      0x181 c:/altera/13.0sp1/nios2eds/bin/gnu/h-i686-mingw32/bin/../lib/gcc/nios2-elf/4.1.2/../../../../nios2-elf/lib\libc.a(lib_a-atexit.o)
 .debug_info    0x00011337      0x93f c:/altera/13.0sp1/nios2eds/bin/gnu/h-i686-mingw32/bin/../lib/gcc/nios2-elf/4.1.2/../../../../nios2-elf/lib\libc.a(lib_a-exit.o)
 .debug_info    0x00011c76      0x93d c:/altera/13.0sp1/nios2eds/bin/gnu/h-i686-mingw32/bin/../lib/gcc/nios2-elf/4.1.2/../../../../nios2-elf/lib\libc.a(lib_a-impure.o)
 .debug_info    0x000125b3       0x8c c:/altera/13.0sp1/nios2eds/bin/gnu/h-i686-mingw32/bin/../lib/gcc/nios2-elf/4.1.2/../../../../nios2-elf/lib\libc.a(lib_a-int_errno.o)