Archive member included because of file (symbol)

c:/altera/13.0sp1/nios2eds/bin/gnu/h-i686-mingw32/bin/../lib/gcc/nios2-elf/4.1.2/../../../../nios2-elf/lib\libc.a(lib_a-memcpy.o)
                              obj/default/media_interrupt_HAL.o (memcpy)
c:/altera/13.0sp1/nios2eds/bin/gnu/h-i686-mingw32/bin/../lib/gcc/nios2-elf/4.1.2/../../../../nios2-elf/lib\libc.a(lib_a-memset.o)
                              obj/default/media_interrupt_HAL.o (memset)
c:/altera/13.0sp1/nios2eds/bin/gnu/h-i686-mingw32/bin/../lib/gcc/nios2-elf/4.1.2/../../../../nios2-elf/lib\libc.a(lib_a-printf.o)
                              obj/default/media_interrupt_HAL.o (printf)
c:/altera/13.0sp1/nios2eds/bin/gnu/h-i686-mingw32/bin/../lib/gcc/nios2-elf/4.1.2/../../../../nios2-elf/lib\libc.a(lib_a-puts.o)
                              obj/default/media_interrupt_HAL.o (puts)
c:/altera/13.0sp1/nios2eds/bin/gnu/h-i686-mingw32/bin/../lib/gcc/nios2-elf/4.1.2/../../../../nios2-elf/lib\libc.a(lib_a-strlen.o)
                              c:/altera/13.0sp1/nios2eds/bin/gnu/h-i686-mingw32/bin/../lib/gcc/nios2-elf/4.1.2/../../../../nios2-elf/lib\libc.a(lib_a-puts.o) (strlen)
c:/altera/13.0sp1/nios2eds/bin/gnu/h-i686-mingw32/bin/../lib/gcc/nios2-elf/4.1.2/../../../../nios2-elf/lib\libc.a(lib_a-vfprintf.o)
                              c:/altera/13.0sp1/nios2eds/bin/gnu/h-i686-mingw32/bin/../lib/gcc/nios2-elf/4.1.2/../../../../nios2-elf/lib\libc.a(lib_a-printf.o) (___vfprintf_internal_r)
c:/altera/13.0sp1/nios2eds/bin/gnu/h-i686-mingw32/bin/../lib/gcc/nios2-elf/4.1.2/../../../../nios2-elf/lib\libc.a(lib_a-wsetup.o)
                              c:/altera/13.0sp1/nios2eds/bin/gnu/h-i686-mingw32/bin/../lib/gcc/nios2-elf/4.1.2/../../../../nios2-elf/lib\libc.a(lib_a-vfprintf.o) (__swsetup_r)
c:/altera/13.0sp1/nios2eds/bin/gnu/h-i686-mingw32/bin/../lib/gcc/nios2-elf/4.1.2/../../../../nios2-elf/lib\libc.a(lib_a-dtoa.o)
                              c:/altera/13.0sp1/nios2eds/bin/gnu/h-i686-mingw32/bin/../lib/gcc/nios2-elf/4.1.2/../../../../nios2-elf/lib\libc.a(lib_a-vfprintf.o) (_dtoa_r)
c:/altera/13.0sp1/nios2eds/bin/gnu/h-i686-mingw32/bin/../lib/gcc/nios2-elf/4.1.2/../../../../nios2-elf/lib\libc.a(lib_a-fflush.o)
                              c:/altera/13.0sp1/nios2eds/bin/gnu/h-i686-mingw32/bin/../lib/gcc/nios2-elf/4.1.2/../../../../nios2-elf/lib\libc.a(lib_a-vfprintf.o) (_fflush_r)
c:/altera/13.0sp1/nios2eds/bin/gnu/h-i686-mingw32/bin/../lib/gcc/nios2-elf/4.1.2/../../../../nios2-elf/lib\libc.a(lib_a-findfp.o)
                              c:/altera/13.0sp1/nios2eds/bin/gnu/h-i686-mingw32/bin/../lib/gcc/nios2-elf/4.1.2/../../../../nios2-elf/lib\libc.a(lib_a-vfprintf.o) (__sinit)
c:/altera/13.0sp1/nios2eds/bin/gnu/h-i686-mingw32/bin/../lib/gcc/nios2-elf/4.1.2/../../../../nios2-elf/lib\libc.a(lib_a-freer.o)
                              c:/altera/13.0sp1/nios2eds/bin/gnu/h-i686-mingw32/bin/../lib/gcc/nios2-elf/4.1.2/../../../../nios2-elf/lib\libc.a(lib_a-wsetup.o) (_free_r)
c:/altera/13.0sp1/nios2eds/bin/gnu/h-i686-mingw32/bin/../lib/gcc/nios2-elf/4.1.2/../../../../nios2-elf/lib\libc.a(lib_a-fvwrite.o)
                              c:/altera/13.0sp1/nios2eds/bin/gnu/h-i686-mingw32/bin/../lib/gcc/nios2-elf/4.1.2/../../../../nios2-elf/lib\libc.a(lib_a-puts.o) (__sfvwrite_r)
c:/altera/13.0sp1/nios2eds/bin/gnu/h-i686-mingw32/bin/../lib/gcc/nios2-elf/4.1.2/../../../../nios2-elf/lib\libc.a(lib_a-fwalk.o)
                              c:/altera/13.0sp1/nios2eds/bin/gnu/h-i686-mingw32/bin/../lib/gcc/nios2-elf/4.1.2/../../../../nios2-elf/lib\libc.a(lib_a-fflush.o) (_fwalk_reent)
c:/altera/13.0sp1/nios2eds/bin/gnu/h-i686-mingw32/bin/../lib/gcc/nios2-elf/4.1.2/../../../../nios2-elf/lib\libc.a(lib_a-impure.o)
                              c:/altera/13.0sp1/nios2eds/bin/gnu/h-i686-mingw32/bin/../lib/gcc/nios2-elf/4.1.2/../../../../nios2-elf/lib\libc.a(lib_a-printf.o) (_impure_ptr)
c:/altera/13.0sp1/nios2eds/bin/gnu/h-i686-mingw32/bin/../lib/gcc/nios2-elf/4.1.2/../../../../nios2-elf/lib\libc.a(lib_a-locale.o)
                              c:/altera/13.0sp1/nios2eds/bin/gnu/h-i686-mingw32/bin/../lib/gcc/nios2-elf/4.1.2/../../../../nios2-elf/lib\libc.a(lib_a-vfprintf.o) (_localeconv_r)
c:/altera/13.0sp1/nios2eds/bin/gnu/h-i686-mingw32/bin/../lib/gcc/nios2-elf/4.1.2/../../../../nios2-elf/lib\libc.a(lib_a-makebuf.o)
                              c:/altera/13.0sp1/nios2eds/bin/gnu/h-i686-mingw32/bin/../lib/gcc/nios2-elf/4.1.2/../../../../nios2-elf/lib\libc.a(lib_a-wsetup.o) (__smakebuf_r)
c:/altera/13.0sp1/nios2eds/bin/gnu/h-i686-mingw32/bin/../lib/gcc/nios2-elf/4.1.2/../../../../nios2-elf/lib\libc.a(lib_a-mallocr.o)
                              c:/altera/13.0sp1/nios2eds/bin/gnu/h-i686-mingw32/bin/../lib/gcc/nios2-elf/4.1.2/../../../../nios2-elf/lib\libc.a(lib_a-findfp.o) (_malloc_r)
c:/altera/13.0sp1/nios2eds/bin/gnu/h-i686-mingw32/bin/../lib/gcc/nios2-elf/4.1.2/../../../../nios2-elf/lib\libc.a(lib_a-memchr.o)
[...]
Memory Configuration

Name             Origin             Length             Attributes
reset            0x00000000         0x00000020
SDRAM            0x00000020         0x007fffe0
Flash_flash_data 0x0c000000         0x00400000
*default*        0x00000000         0xffffffff

Linker script and memory map

LOAD ../fgaweg_bsp//obj/HAL/src/crt0.o
LOAD obj/default/PS2_ISR.o
LOAD obj/default/audio_ISR.o
LOAD obj/default/globals.o
LOAD obj/default/interval_timer_ISR.o
LOAD obj/default/media_interrupt_HAL.o
LOAD obj/default/pushbutton_ISR.o
LOAD c:/altera/13.0sp1/nios2eds/bin/gnu/h-i686-mingw32/bin/../lib/gcc/nios2-elf/4.1.2/../../../../nios2-elf/lib\libstdc++.a
LOAD c:/altera/13.0sp1/nios2eds/bin/gnu/h-i686-mingw32/bin/../lib/gcc/nios2-elf/4.1.2/../../../../nios2-elf/lib\libm.a
LOAD c:/altera/13.0sp1/nios2eds/bin/gnu/h-i686-mingw32/bin/../lib/gcc/nios2-elf/4.1.2\libgcc.a
START GROUP
LOAD c:/altera/13.0sp1/nios2eds/bin/gnu/h-i686-mingw32/bin/../lib/gcc/nios2-elf/4.1.2/../../../../nios2-elf/lib\libc.a
LOAD c:/altera/13.0sp1/nios2eds/bin/gnu/h-i686-mingw32/bin/../lib/gcc/nios2-elf/4.1.2\libgcc.a
LOAD ../fgaweg_bsp/\libhal_bsp.a
END GROUP
LOAD c:/altera/13.0sp1/nios2eds/bin/gnu/h-i686-mingw32/bin/../lib/gcc/nios2-elf/4.1.2\libgcc.a
                0x00000000                __alt_mem_SDRAM = 0x0
                0x0c000000                __alt_mem_Flash_flash_data = 0xc000000

.entry          0x00000000       0x20
 *(.entry)
 .entry         0x00000000       0x20 ../fgaweg_bsp//obj/HAL/src/crt0.o
                0x00000000                __reset

.exceptions     0x00000020      0x198
                0x00000020                PROVIDE (__ram_exceptions_start, ABSOLUTE (.))
                0x00000020                . = ALIGN (0x20)
 *(.irq)
 *(.exceptions.entry.label)
 .exceptions.entry.label
                0x00000020        0x0 ../fgaweg_bsp/\libhal_bsp.a(alt_irq_entry.o)
                0x00000020                alt_irq_entry
 .exceptions.entry.label
                0x00000020        0x0 ../fgaweg_bsp/\libhal_bsp.a(alt_exception_entry.o)
                0x00000020                alt_exception
 *(.exceptions.entry.user)
 *(.exceptions.entry)
 .exceptions.entry
                0x00000020       0x54 ../fgaweg_bsp/\libhal_bsp.a(alt_exception_entry.o)
 *(.exceptions.irqtest.user)
 *(.exceptions.irqtest)
 .exceptions.irqtest
                0x00000074       0x10 ../fgaweg_bsp/\libhal_bsp.a(alt_irq_entry.o)
 *(.exceptions.irqhandler.user)
 *(.exceptions.irqhandler)
 .exceptions.irqhandler
                0x00000084        0x4 ../fgaweg_bsp/\libhal_bsp.a(alt_irq_entry.o)
 *(.exceptions.irqreturn.user)
 *(.exceptions.irqreturn)
 .exceptions.irqreturn
                0x00000088        0x4 ../fgaweg_bsp/\libhal_bsp.a(alt_irq_entry.o)
 *(.exceptions.notirq.label)
 .exceptions.notirq.label
                0x0000008c        0x0 ../fgaweg_bsp/\libhal_bsp.a(alt_irq_entry.o)
 *(.exceptions.notirq.user)
 *(.exceptions.notirq)
 .exceptions.notirq
                0x0000008c        0x8 ../fgaweg_bsp/\libhal_bsp.a(alt_exception_entry.o)
 *(.exceptions.soft.user)
 *(.exceptions.soft)
 *(.exceptions.unknown.user)
 *(.exceptions.unknown)
 .exceptions.unknown
                0x00000094        0x4 ../fgaweg_bsp/\libhal_bsp.a(alt_exception_entry.o)
 *(.exceptions.exit.label)
 .exceptions.exit.label
                0x00000098        0x0 ../fgaweg_bsp/\libhal_bsp.a(alt_irq_entry.o)
 .exceptions.exit.label
                0x00000098        0x0 ../fgaweg_bsp/\libhal_bsp.a(alt_exception_entry.o)
 *(.exceptions.exit.user)
 *(.exceptions.exit)
 .exceptions.exit
                0x00000098       0x54 ../fgaweg_bsp/\libhal_bsp.a(alt_exception_entry.o)
 *(.exceptions)
 .exceptions    0x000000ec       0xcc ../fgaweg_bsp/\libhal_bsp.a(alt_irq_handler.o)
                0x000000ec                alt_irq_handler
                0x000001b8                PROVIDE (__ram_exceptions_end, ABSOLUTE (.))
                0x00000020                PROVIDE (__flash_exceptions_start, LOADADDR (.exceptions))

.text           0x000001b8    0x12230
                0x000001b8                PROVIDE (stext, ABSOLUTE (.))
 *(.interp)
 *(.hash)
 *(.dynsym)
 *(.dynstr)
 *(.gnu.version)
 *(.gnu.version_d)
 *(.gnu.version_r)
 *(.rel.init)
 *(.rela.init)
 *(.rel.text .rel.text.* .rel.gnu.linkonce.t.*)
 *(.rela.text .rela.text.* .rela.gnu.linkonce.t.*)
 *(.rel.fini)
 *(.rela.fini)
 *(.rel.rodata .rel.rodata.* .rel.gnu.linkonce.r.*)
 *(.rela.rodata .rela.rodata.* .rela.gnu.linkonce.r.*)
 *(.rel.data .rel.data.* .rel.gnu.linkonce.d.*)
 *(.rela.data .rela.data.* .rela.gnu.linkonce.d.*)
 *(.rel.tdata .rel.tdata.* .rel.gnu.linkonce.td.*)
 *(.rela.tdata .rela.tdata.* .rela.gnu.linkonce.td.*)
 *(.rel.tbss .rel.tbss.* .rel.gnu.linkonce.tb.*)
 *(.rela.tbss .rela.tbss.* .rela.gnu.linkonce.tb.*)
 *(.rel.ctors)
 *(.rela.ctors)
 *(.rel.dtors)
 *(.rela.dtors)
 *(.rel.got)
 *(.rela.got)
 *(.rel.sdata .rel.sdata.* .rel.gnu.linkonce.s.*)
 *(.rela.sdata .rela.sdata.* .rela.gnu.linkonce.s.*)
 *(.rel.sbss .rel.sbss.* .rel.gnu.linkonce.sb.*)
 *(.rela.sbss .rela.sbss.* .rela.gnu.linkonce.sb.*)
 *(.rel.sdata2 .rel.sdata2.* .rel.gnu.linkonce.s2.*)
 *(.rela.sdata2 .rela.sdata2.* .rela.gnu.linkonce.s2.*)
 *(.rel.sbss2 .rel.sbss2.* .rel.gnu.linkonce.sb2.*)
 *(.rela.sbss2 .rela.sbss2.* .rela.gnu.linkonce.sb2.*)
 *(.rel.bss .rel.bss.* .rel.gnu.linkonce.b.*)
 *(.rela.bss .rela.bss.* .rela.gnu.linkonce.b.*)
 *(.rel.plt)
 *(.rela.plt)
 *(.rel.dyn)
 *(.init)
 *(.plt)
 *(.text .stub .text.* .gnu.linkonce.t.*)
 .text          0x000001b8       0x3c ../fgaweg_bsp//obj/HAL/src/crt0.o
                0x000001b8                _start
 .text          0x000001f4       0xd4 obj/default/PS2_ISR.o
                0x000001f4                PS2_ISR
 .text          0x000002c8      0x2b8 obj/default/audio_ISR.o
                0x000002c8                audio_ISR
 .text          0x00000580        0x0 obj/default/globals.o
 .text          0x00000580       0x60 obj/default/interval_timer_ISR.o
                0x00000580                interval_timer_ISR
 .text          0x000005e0     0x1a4c obj/default/media_interrupt_HAL.o
                0x000005e0                main
                0x0000129c                Draw_pointer
                0x00001660                drawings
                0x000018c8                getMouseChange
                0x00001930                getMouseState
                0x000019f8                setMouseBounds
                0x00001aa4                mouse_movment
                0x00001cbc                mouse_click
                0x00001d38                mouse_click_actoin
                0x00001f08                HEX_PS2
 .text          0x0000202c       0xb8 obj/default/pushbutton_ISR.o
                0x0000202c                pushbutton_ISR
 .text          0x000020e4       0xa0 c:/altera/13.0sp1/nios2eds/bin/gnu/h-i686-mingw32/bin/../lib/gcc/nios2-elf/4.1.2/../../../../nios2-elf/lib\libc.a(lib_a-memcpy.o)
                0x000020e4                memcpy
 .text          0x00002184       0x98 c:/altera/13.0sp1/nios2eds/bin/gnu/h-i686-mingw32/bin/../lib/gcc/nios2-elf/4.1.2/../../../../nios2-elf/lib\libc.a(lib_a-memset.o)
                0x00002184                memset
 .text          0x0000221c       0x78 c:/altera/13.0sp1/nios2eds/bin/gnu/h-i686-mingw32/bin/../lib/gcc/nios2-elf/4.1.2/../../../../nios2-elf/lib\libc.a(lib_a-printf.o)
                0x0000221c                printf
                0x00002260                _printf_r
 .text          0x00002294       0xb4 c:/altera/13.0sp1/nios2eds/bin/gnu/h-i686-mingw32/bin/../lib/gcc/nios2-elf/4.1.2/../../../../nios2-elf/lib\libc.a(lib_a-puts.o)
                0x00002294                _puts_r
                0x00002334                puts
 .text          0x00002348       0x74 c:/altera/13.0sp1/nios2eds/bin/gnu/h-i686-mingw32/bin/../lib/gcc/nios2-elf/4.1.2/../../../../nios2-elf/lib\libc.a(lib_a-strlen.o)
                0x00002348                strlen
 .text          0x000023bc     0x1f28 c:/altera/13.0sp1/nios2eds/bin/gnu/h-i686-mingw32/bin/../lib/gcc/nios2-elf/4.1.2/../../../../nios2-elf/lib\libc.a(lib_a-vfprintf.o)
                0x00002414                ___vfprintf_internal_r
                0x000042c0                __vfprintf_internal
 .text          0x000042e4      0x13c c:/altera/13.0sp1/nios2eds/bin/gnu/h-i686-mingw32/bin/../lib/gcc/nios2-elf/4.1.2/../../../../nios2-elf/lib\libc.a(lib_a-wsetup.o)
                0x000042e4                __swsetup_r
 .text          0x00004420     0x17cc c:/altera/13.0sp1/nios2eds/bin/gnu/h-i686-mingw32/bin/../lib/gcc/nios2-elf/4.1.2/../../../../nios2-elf/lib\libc.a(lib_a-dtoa.o)
                0x00004638                _dtoa_r
 .text          0x00005bec      0x230 c:/altera/13.0sp1/nios2eds/bin/gnu/h-i686-mingw32/bin/../lib/gcc/nios2-elf/4.1.2/../../../../nios2-elf/lib\libc.a(lib_a-fflush.o)
                0x00005bec                _fflush_r
                0x00005de8                fflush
 .text          0x00005e1c      0x2c0 c:/altera/13.0sp1/nios2eds/bin/gnu/h-i686-mingw32/bin/../lib/gcc/nios2-elf/4.1.2/../../../../nios2-elf/lib\libc.a(lib_a-findfp.o)
                0x00005e74                __sfp_lock_acquire
                0x00005e78                __sfp_lock_release
                0x00005e7c                __sinit_lock_acquire
                0x00005e80                __sinit_lock_release
                0x00005e84                __sinit
                0x00005f38                __fp_unlock_all
                0x00005f50                __fp_lock_all
                0x00005f68                _cleanup_r
                0x00005f74                _cleanup
                0x00005f84                __sfmoreglue
                0x00005fec                __sfp
 .text          0x000060dc      0x440 c:/altera/13.0sp1/nios2eds/bin/gnu/h-i686-mingw32/bin/../lib/gcc/nios2-elf/4.1.2/../../../../nios2-elf/lib\libc.a(lib_a-freer.o)
                0x000060dc                _malloc_trim_r
                0x00006208                _free_r
 .text          0x0000651c      0x49c c:/altera/13.0sp1/nios2eds/bin/gnu/h-i686-mingw32/bin/../lib/gcc/nios2-elf/4.1.2/../../../../nios2-elf/lib\libc.a(lib_a-fvwrite.o)
                0x0000651c                __sfvwrite_r
 .text          0x000069b8      0x180 c:/altera/13.0sp1/nios2eds/bin/gnu/h-i686-mingw32/bin/../lib/gcc/nios2-elf/4.1.2/../../../../nios2-elf/lib\libc.a(lib_a-fwalk.o)
                0x000069b8                _fwalk_reent
                0x00006a80                _fwalk
 .text          0x00006b38        0x0 c:/altera/13.0sp1/nios2eds/bin/gnu/h-i686-mingw32/bin/../lib/gcc/nios2-elf/4.1.2/../../../../nios2-elf/lib\libc.a(lib_a-impure.o)
 .text          0x00006b38       0xc4 c:/altera/13.0sp1/nios2eds/bin/gnu/h-i686-mingw32/bin/../lib/gcc/nios2-elf/4.1.2/../../../../nios2-elf/lib\libc.a(lib_a-locale.o)
                0x00006b38                __locale_charset
                0x00006b40                _localeconv_r
                0x00006b4c                localeconv
                0x00006b5c                _setlocale_r
                0x00006be0                setlocale
 .text          0x00006bfc      0x194 c:/altera/13.0sp1/nios2eds/bin/gnu/h-i686-mingw32/bin/../lib/gcc/nios2-elf/4.1.2/../../../../nios2-elf/lib\libc.a(lib_a-makebuf.o)
                0x00006bfc                __smakebuf_r
 .text          0x00006d90      0x740 c:/altera/13.0sp1/nios2eds/bin/gnu/h-i686-mingw32/bin/../lib/gcc/nios2-elf/4.1.2/../../../../nios2-elf/lib\libc.a(lib_a-mallocr.o)
                0x00006d90                _malloc_r
 .text          0x000074d0       0xe4 c:/altera/13.0sp1/nios2eds/bin/gnu/h-i686-mingw32/bin/../lib/gcc/nios2-elf/4.1.2/../../../../nios2-elf/lib\libc.a(lib_a-memchr.o)
                0x000074d0                memchr
 .text          0x000075b4       0xe0 c:/altera/13.0sp1/nios2eds/bin/gnu/h-i686-mingw32/bin/../lib/gcc/nios2-elf/4.1.2/../../../../nios2-elf/lib\libc.a(lib_a-memmove.o)
                0x000075b4                memmove
 .text          0x00007694      0xff4 c:/altera/13.0sp1/nios2eds/bin/gnu/h-i686-mingw32/bin/../lib/gcc/nios2-elf/4.1.2/../../../../nios2-elf/lib\libc.a(lib_a-mprec.o)
                0x00007694                _Bfree
                0x000076bc                __hi0bits
                0x0000772c                __lo0bits
                0x000077f0                __mcmp
                0x00007850                __ulp
                0x000078d0                __b2d
                0x000079f0                __ratio
                0x00007aa0                _mprec_log10
                0x00007b34                __copybits
                0x00007b8c                __any_on
                0x00007c14                _Balloc
                0x00007cd0                __d2b
                0x00007e4c                __mdiff
                0x00007fd8                __lshift
                0x00008124                __multiply
                0x0000830c                __i2b
                0x00008348                __multadd
                0x00008448                __pow5mult
                0x00008568                __s2b
 .text          0x00008688      0x5f4 c:/altera/13.0sp1/nios2eds/bin/gnu/h-i686-mingw32/bin/../lib/gcc/nios2-elf/4.1.2/../../../../nios2-elf/lib\libc.a(lib_a-reallocr.o)
                0x00008688                _realloc_r
 .text          0x00008c7c       0x40 c:/altera/13.0sp1/nios2eds/bin/gnu/h-i686-mingw32/bin/../lib/gcc/nios2-elf/4.1.2/../../../../nios2-elf/lib\libc.a(lib_a-s_isinfd.o)
                0x00008c7c                __isinfd
 .text          0x00008cbc       0x30 c:/altera/13.0sp1/nios2eds/bin/gnu/h-i686-mingw32/bin/../lib/gcc/nios2-elf/4.1.2/../../../../nios2-elf/lib\libc.a(lib_a-s_isnand.o)
                0x00008cbc                __isnand
 .text          0x00008cec       0x70 c:/altera/13.0sp1/nios2eds/bin/gnu/h-i686-mingw32/bin/../lib/gcc/nios2-elf/4.1.2/../../../../nios2-elf/lib\libc.a(lib_a-sbrkr.o)
                0x00008cec                _sbrk_r
 .text          0x00008d5c      0x14c c:/altera/13.0sp1/nios2eds/bin/gnu/h-i686-mingw32/bin/../lib/gcc/nios2-elf/4.1.2/../../../../nios2-elf/lib\libc.a(lib_a-stdio.o)
                0x00008d5c                __sclose
                0x00008d64                __sseek
                0x00008dcc                __swrite
                0x00008e48                __sread
 .text          0x00008ea8       0xbc c:/altera/13.0sp1/nios2eds/bin/gnu/h-i686-mingw32/bin/../lib/gcc/nios2-elf/4.1.2/../../../../nios2-elf/lib\libc.a(lib_a-strcmp.o)
                0x00008ea8                strcmp
 .text          0x00008f64       0x78 c:/altera/13.0sp1/nios2eds/bin/gnu/h-i686-mingw32/bin/../lib/gcc/nios2-elf/4.1.2/../../../../nios2-elf/lib\libc.a(lib_a-writer.o)
                0x00008f64                _write_r
 .text          0x00008fdc       0xb4 c:/altera/13.0sp1/nios2eds/bin/gnu/h-i686-mingw32/bin/../lib/gcc/nios2-elf/4.1.2/../../../../nios2-elf/lib\libc.a(lib_a-callocr.o)
                0x00008fdc                _calloc_r
 .text          0x00009090       0x70 c:/altera/13.0sp1/nios2eds/bin/gnu/h-i686-mingw32/bin/../lib/gcc/nios2-elf/4.1.2/../../../../nios2-elf/lib\libc.a(lib_a-closer.o)
                0x00009090                _close_r
 .text          0x00009100      0x124 c:/altera/13.0sp1/nios2eds/bin/gnu/h-i686-mingw32/bin/../lib/gcc/nios2-elf/4.1.2/../../../../nios2-elf/lib\libc.a(lib_a-fclose.o)
                0x00009100                _fclose_r
                0x00009210                fclose
 .text          0x00009224       0x74 c:/altera/13.0sp1/nios2eds/bin/gnu/h-i686-mingw32/bin/../lib/gcc/nios2-elf/4.1.2/../../../../nios2-elf/lib\libc.a(lib_a-fstatr.o)
                0x00009224                _fstat_r
 .text          0x00009298        0x0 c:/altera/13.0sp1/nios2eds/bin/gnu/h-i686-mingw32/bin/../lib/gcc/nios2-elf/4.1.2/../../../../nios2-elf/lib\libc.a(lib_a-int_errno.o)
 .text          0x00009298       0x70 c:/altera/13.0sp1/nios2eds/bin/gnu/h-i686-mingw32/bin/../lib/gcc/nios2-elf/4.1.2/../../../../nios2-elf/lib\libc.a(lib_a-isattyr.o)
                0x00009298                _isatty_r
 .text          0x00009308       0x78 c:/altera/13.0sp1/nios2eds/bin/gnu/h-i686-mingw32/bin/../lib/gcc/nios2-elf/4.1.2/../../../../nios2-elf/lib\libc.a(lib_a-lseekr.o)
                0x00009308                _lseek_r
 .text          0x00009380       0x78 c:/altera/13.0sp1/nios2eds/bin/gnu/h-i686-mingw32/bin/../lib/gcc/nios2-elf/4.1.2/../../../../nios2-elf/lib\libc.a(lib_a-readr.o)
                0x00009380                _read_r
 .text          0x000093f8      0x5dc c:/altera/13.0sp1/nios2eds/bin/gnu/h-i686-mingw32/bin/../lib/gcc/nios2-elf/4.1.2\libgcc.a(_udivdi3.o)
                0x000093f8                __udivdi3
 .text          0x000099d4      0x5b0 c:/altera/13.0sp1/nios2eds/bin/gnu/h-i686-mingw32/bin/../lib/gcc/nios2-elf/4.1.2\libgcc.a(_umoddi3.o)
                0x000099d4                __umoddi3
 .text          0x00009f84      0x504 c:/altera/13.0sp1/nios2eds/bin/gnu/h-i686-mingw32/bin/../lib/gcc/nios2-elf/4.1.2\libgcc.a(_addsub_df.o)
                0x0000a394                __subdf3
                0x0000a414                __adddf3
 .text          0x0000a488      0x3c4 c:/altera/13.0sp1/nios2eds/bin/gnu/h-i686-mingw32/bin/../lib/gcc/nios2-elf/4.1.2\libgcc.a(_mul_df.o)
                0x0000a488                __muldf3
 .text          0x0000a84c      0x258 c:/altera/13.0sp1/nios2eds/bin/gnu/h-i686-mingw32/bin/../lib/gcc/nios2-elf/4.1.2\libgcc.a(_div_df.o)
                0x0000a84c                __divdf3
 .text          0x0000aaa4       0x88 c:/altera/13.0sp1/nios2eds/bin/gnu/h-i686-mingw32/bin/../lib/gcc/nios2-elf/4.1.2\libgcc.a(_eq_df.o)
                0x0000aaa4                __eqdf2
 .text          0x0000ab2c       0x88 c:/altera/13.0sp1/nios2eds/bin/gnu/h-i686-mingw32/bin/../lib/gcc/nios2-elf/4.1.2\libgcc.a(_ne_df.o)
                0x0000ab2c                __nedf2
 .text          0x0000abb4       0x88 c:/altera/13.0sp1/nios2eds/bin/gnu/h-i686-mingw32/bin/../lib/gcc/nios2-elf/4.1.2\libgcc.a(_gt_df.o)
                0x0000abb4                __gtdf2
 .text          0x0000ac3c       0x88 c:/altera/13.0sp1/nios2eds/bin/gnu/h-i686-mingw32/bin/../lib/gcc/nios2-elf/4.1.2\libgcc.a(_ge_df.o)
                0x0000ac3c                __gedf2
 .text          0x0000acc4       0x88 c:/altera/13.0sp1/nios2eds/bin/gnu/h-i686-mingw32/bin/../lib/gcc/nios2-elf/4.1.2\libgcc.a(_lt_df.o)
                0x0000acc4                __ltdf2
 .text          0x0000ad4c       0xf8 c:/altera/13.0sp1/nios2eds/bin/gnu/h-i686-mingw32/bin/../lib/gcc/nios2-elf/4.1.2\libgcc.a(_si_to_df.o)
                0x0000ad4c                __floatsidf
 .text          0x0000ae44       0xd8 c:/altera/13.0sp1/nios2eds/bin/gnu/h-i686-mingw32/bin/../lib/gcc/nios2-elf/4.1.2\libgcc.a(_df_to_si.o)
                0x0000ae44                __fixdfsi
 .text          0x0000af1c        0x0 c:/altera/13.0sp1/nios2eds/bin/gnu/h-i686-mingw32/bin/../lib/gcc/nios2-elf/4.1.2\libgcc.a(_thenan_df.o)
 .text          0x0000af1c      0x194 c:/altera/13.0sp1/nios2eds/bin/gnu/h-i686-mingw32/bin/../lib/gcc/nios2-elf/4.1.2\libgcc.a(_usi_to_df.o)
                0x0000af1c                __floatunsidf
 .text          0x0000b0b0      0x14c c:/altera/13.0sp1/nios2eds/bin/gnu/h-i686-mingw32/bin/../lib/gcc/nios2-elf/4.1.2\libgcc.a(lib2-divmod.o)
                0x0000b12c                __divsi3
                0x0000b18c                __modsi3
                0x0000b1ec                __udivsi3
                0x0000b1f4                __umodsi3
 .text          0x0000b1fc       0x98 c:/altera/13.0sp1/nios2eds/bin/gnu/h-i686-mingw32/bin/../lib/gcc/nios2-elf/4.1.2\libgcc.a(_muldi3.o)
                0x0000b1fc                __muldi3
 .text          0x0000b294        0x0 c:/altera/13.0sp1/nios2eds/bin/gnu/h-i686-mingw32/bin/../lib/gcc/nios2-elf/4.1.2\libgcc.a(_clz.o)
 .text          0x0000b294       0x80 c:/altera/13.0sp1/nios2eds/bin/gnu/h-i686-mingw32/bin/../lib/gcc/nios2-elf/4.1.2\libgcc.a(_clzsi2.o)
                0x0000b294                __clzsi2
 .text          0x0000b314      0x314 c:/altera/13.0sp1/nios2eds/bin/gnu/h-i686-mingw32/bin/../lib/gcc/nios2-elf/4.1.2\libgcc.a(_pack_df.o)
                0x0000b314                __pack_d
 .text          0x0000b628      0x138 c:/altera/13.0sp1/nios2eds/bin/gnu/h-i686-mingw32/bin/../lib/gcc/nios2-elf/4.1.2\libgcc.a(_unpack_df.o)
                0x0000b628                __unpack_d
 .text          0x0000b760       0xc8 c:/altera/13.0sp1/nios2eds/bin/gnu/h-i686-mingw32/bin/../lib/gcc/nios2-elf/4.1.2\libgcc.a(_fpcmp_parts_df.o)
                0x0000b760                __fpcmp_parts_d
 .text          0x0000b828      0x15c ../fgaweg_bsp/\libhal_bsp.a(alt_close.o)
                0x0000b828                close
 .text          0x0000b984       0x2c ../fgaweg_bsp/\libhal_bsp.a(alt_dev.o)
 .text          0x0000b9b0        0x0 ../fgaweg_bsp/\libhal_bsp.a(alt_errno.o)
 .text          0x0000b9b0      0x134 ../fgaweg_bsp/\libhal_bsp.a(alt_fstat.o)
                0x0000b9b0                fstat
 .text          0x0000bae4      0x1c0 ../fgaweg_bsp/\libhal_bsp.a(alt_irq_register.o)
                0x0000bae4                alt_irq_register
 .text          0x0000bca4        0x0 ../fgaweg_bsp/\libhal_bsp.a(alt_irq_vars.o)
 .text          0x0000bca4      0x120 ../fgaweg_bsp/\libhal_bsp.a(alt_isatty.o)
                0x0000bca4                isatty
 .text          0x0000bdc4       0xec ../fgaweg_bsp/\libhal_bsp.a(alt_load.o)
                0x0000bdc4                alt_load
 .text          0x0000beb0      0x150 ../fgaweg_bsp/\libhal_bsp.a(alt_lseek.o)
                0x0000beb0                lseek
 .text          0x0000c000       0x6c ../fgaweg_bsp/\libhal_bsp.a(alt_main.o)
                0x0000c000                alt_main
 .text          0x0000c06c       0x40 ../fgaweg_bsp/\libhal_bsp.a(alt_malloc_lock.o)
                0x0000c06c                __malloc_lock
                0x0000c08c                __malloc_unlock
 .text          0x0000c0ac      0x258 ../fgaweg_bsp/\libhal_bsp.a(alt_printf.o)
                0x0000c0ac                alt_printf
 .text          0x0000c304       0x40 ../fgaweg_bsp/\libhal_bsp.a(alt_putchar.o)
                0x0000c304                alt_putchar
 .text          0x0000c344      0x180 ../fgaweg_bsp/\libhal_bsp.a(alt_read.o)
                0x0000c344                read
 .text          0x0000c4c4       0x60 ../fgaweg_bsp/\libhal_bsp.a(alt_release_fd.o)
                0x0000c4c4                alt_release_fd
 .text          0x0000c524       0xbc ../fgaweg_bsp/\libhal_bsp.a(alt_sbrk.o)
                0x0000c524                sbrk
 .text          0x0000c5e0      0x180 ../fgaweg_bsp/\libhal_bsp.a(alt_write.o)
                0x0000c5e0                write
 .text          0x0000c760      0x46c ../fgaweg_bsp/\libhal_bsp.a(alt_sys_init.o)
                0x0000c760                alt_irq_init
                0x0000c794                alt_sys_init
 .text          0x0000cbcc      0x148 ../fgaweg_bsp/\libhal_bsp.a(altera_avalon_jtag_uart_fd.o)
                0x0000cbcc                altera_avalon_jtag_uart_read_fd
                0x0000cc24                altera_avalon_jtag_uart_write_fd
                0x0000cc7c                altera_avalon_jtag_uart_close_fd
                0x0000ccc4                altera_avalon_jtag_uart_ioctl_fd
 .text          0x0000cd14      0x408 ../fgaweg_bsp/\libhal_bsp.a(altera_avalon_jtag_uart_init.o)
                0x0000cd14                altera_avalon_jtag_uart_init
                0x0000d0a8                altera_avalon_jtag_uart_close
 .text          0x0000d11c       0xf4 ../fgaweg_bsp/\libhal_bsp.a(altera_avalon_jtag_uart_ioctl.o)
                0x0000d11c                altera_avalon_jtag_uart_ioctl
 .text          0x0000d210      0x224 ../fgaweg_bsp/\libhal_bsp.a(altera_avalon_jtag_uart_read.o)
                0x0000d210                altera_avalon_jtag_uart_read
 .text          0x0000d434      0x240 ../fgaweg_bsp/\libhal_bsp.a(altera_avalon_jtag_uart_write.o)
                0x0000d434                altera_avalon_jtag_uart_write
 .text          0x0000d674       0xfc ../fgaweg_bsp/\libhal_bsp.a(altera_avalon_timer_sc.o)
                0x0000d6e8                alt_avalon_timer_sc_init
 .text          0x0000d770      0x80c ../fgaweg_bsp/\libhal_bsp.a(altera_up_avalon_audio.o)
                0x0000d770                alt_up_audio_open_dev
                0x0000d7b0                alt_up_audio_enable_read_interrupt
                0x0000d7fc                alt_up_audio_disable_read_interrupt
                0x0000d84c                alt_up_audio_enable_write_interrupt
                0x0000d898                alt_up_audio_disable_write_interrupt
                0x0000d8e8                alt_up_audio_read_interrupt_pending
                0x0000d924                alt_up_audio_write_interrupt_pending
                0x0000d960                alt_up_audio_reset_audio_core
                0x0000d9e8                alt_up_audio_read_fifo_avail
                0x0000da58                alt_up_audio_record_r
                0x0000dac8                alt_up_audio_record_l
                0x0000db38                alt_up_audio_write_fifo_space
                0x0000dbac                alt_up_audio_play_r
                0x0000dc1c                alt_up_audio_play_l
                0x0000dc8c                alt_up_audio_read_fifo
                0x0000dd90                alt_up_audio_write_fifo
                0x0000debc                alt_up_audio_read_fifo_head
                0x0000df1c                alt_up_audio_write_fifo_head
 .text          0x0000df7c      0x530 ../fgaweg_bsp/\libhal_bsp.a(altera_up_avalon_character_lcd.o)
                0x0000df7c                get_DDRAM_addr
                0x0000dff8                alt_up_character_lcd_send_cmd
                0x0000e02c                alt_up_character_lcd_init
                0x0000e060                alt_up_character_lcd_open_dev
                0x0000e0a0                alt_up_character_lcd_write
                0x0000e118                alt_up_character_lcd_string
                0x0000e190                alt_up_character_lcd_write_fd
                0x0000e1dc                alt_up_character_lcd_set_cursor_pos
                0x0000e254                alt_up_character_lcd_shift_cursor
                0x0000e304                alt_up_character_lcd_shift_display
                0x0000e3b4                alt_up_character_lcd_erase_pos
                0x0000e444                alt_up_character_lcd_cursor_off
                0x0000e478                alt_up_character_lcd_cursor_blink_on
 .text          0x0000e4ac      0x150 ../fgaweg_bsp/\libhal_bsp.a(altera_up_avalon_ethernet.o)
                0x0000e4ac                alt_up_ethernet_init
                0x0000e5bc                alt_up_ethernet_open_dev
 .text          0x0000e5fc      0x238 ../fgaweg_bsp/\libhal_bsp.a(altera_up_avalon_ethernet_low_level_driver.o)
                0x0000e5fc                alt_up_ethernet_reg_read
                0x0000e638                alt_up_ethernet_reg_write
                0x0000e67c                alt_up_ethernet_phy_reg_read
                0x0000e75c                alt_up_ethernet_phy_reg_write
 .text          0x0000e834      0x394 ../fgaweg_bsp/\libhal_bsp.a(altera_up_avalon_irda.o)
                0x0000e834                alt_up_irda_enable_read_interrupt
                0x0000e888                alt_up_irda_disable_read_interrupt
                0x0000e8e0                alt_up_irda_get_used_space_in_read_FIFO
                0x0000e91c                alt_up_irda_get_available_space_in_write_FIFO
                0x0000e95c                alt_up_irda_check_parity
                0x0000e9ac                alt_up_irda_write_data
                0x0000e9f4                alt_up_irda_read_data
                0x0000ea68                alt_up_irda_read_fd
                0x0000eaf8                alt_up_irda_write_fd
                0x0000eb88                alt_up_irda_open_dev
 .text          0x0000ebc8       0x40 ../fgaweg_bsp/\libhal_bsp.a(altera_up_avalon_parallel_port.o)
                0x0000ebc8                alt_up_parallel_port_open_dev
 .text          0x0000ec08      0x6fc ../fgaweg_bsp/\libhal_bsp.a(altera_up_avalon_ps2.o)
                0x0000ec08                read_RI_bit
                0x0000ec3c                read_RE_bit
                0x0000ec6c                read_CE_bit
                0x0000eca0                read_num_bytes_available
                0x0000ecd4                read_data_valid
                0x0000ed08                read_data_byte
                0x0000ed34                alt_up_ps2_init
                0x0000edfc                alt_up_ps2_enable_read_interrupt
                0x0000ee50                alt_up_ps2_disable_read_interrupt
                0x0000eea8                alt_up_ps2_write_data_byte
                0x0000ef20                alt_up_ps2_wait_for_ack
                0x0000ef90                alt_up_ps2_write_data_byte_with_ack
                0x0000effc                alt_up_ps2_read_data_byte_timeout
                0x0000f0ac                alt_up_ps2_read_data_byte
                0x0000f128                alt_up_ps2_clear_fifo
                0x0000f180                alt_up_ps2_read_fd
                0x0000f21c                alt_up_ps2_write_fd
                0x0000f2c4                alt_up_ps2_open_dev
 .text          0x0000f304      0x398 ../fgaweg_bsp/\libhal_bsp.a(altera_up_avalon_rs232.o)
                0x0000f304                alt_up_rs232_enable_read_interrupt
                0x0000f358                alt_up_rs232_disable_read_interrupt
                0x0000f3b0                alt_up_rs232_get_used_space_in_read_FIFO
                0x0000f3ec                alt_up_rs232_get_available_space_in_write_FIFO
                0x0000f42c                alt_up_rs232_check_parity
                0x0000f47c                alt_up_rs232_write_data
                0x0000f4c4                alt_up_rs232_read_data
                0x0000f538                alt_up_rs232_read_fd
                0x0000f5c8                alt_up_rs232_write_fd
                0x0000f65c                alt_up_rs232_open_dev
 .text          0x0000f69c      0x304 ../fgaweg_bsp/\libhal_bsp.a(altera_up_avalon_video_character_buffer_with_dma.o)
                0x0000f69c                alt_up_char_buffer_init
                0x0000f720                alt_up_char_buffer_open_dev
                0x0000f760                alt_up_char_buffer_draw
                0x0000f830                alt_up_char_buffer_string
                0x0000f944                alt_up_char_buffer_clear
 .text          0x0000f9a0     0x156c ../fgaweg_bsp/\libhal_bsp.a(altera_up_avalon_video_pixel_buffer_dma.o)
                0x0000f9a0                alt_up_pixel_buffer_dma_open_dev
                0x0000f9e0                alt_up_pixel_buffer_dma_draw
                0x0000fb80                alt_up_pixel_buffer_dma_change_back_buffer_address
                0x0000fbd8                alt_up_pixel_buffer_dma_swap_buffers
                0x0000fc30                alt_up_pixel_buffer_dma_check_swap_buffers_status
                0x0000fc64                alt_up_pixel_buffer_dma_clear_screen
                0x0000fdc8                alt_up_pixel_buffer_dma_draw_box
                0x000102bc                alt_up_pixel_buffer_dma_draw_hline
                0x0001060c                alt_up_pixel_buffer_dma_draw_vline
                0x000109dc                alt_up_pixel_buffer_dma_draw_rectangle
                0x00010aa0                helper_plot_pixel
                0x00010b70                alt_up_pixel_buffer_dma_draw_line
 .text          0x00010f0c      0x154 ../fgaweg_bsp/\libhal_bsp.a(alt_alarm_start.o)
                0x00010f0c                alt_alarm_start
 .text          0x00011060       0x1c ../fgaweg_bsp/\libhal_bsp.a(alt_dcache_flush_all.o)
                0x00011060                alt_dcache_flush_all
 .text          0x0001107c      0x114 ../fgaweg_bsp/\libhal_bsp.a(alt_dev_llist_insert.o)
                0x0001107c                alt_dev_llist_insert
 .text          0x00011190       0x64 ../fgaweg_bsp/\libhal_bsp.a(alt_do_ctors.o)
                0x00011190                _do_ctors
 .text          0x000111f4       0x64 ../fgaweg_bsp/\libhal_bsp.a(alt_do_dtors.o)
                0x000111f4                _do_dtors
 .text          0x00011258       0x94 ../fgaweg_bsp/\libhal_bsp.a(alt_find_dev.o)
                0x00011258                alt_find_dev
 .text          0x000112ec       0x30 ../fgaweg_bsp/\libhal_bsp.a(alt_icache_flush_all.o)
                0x000112ec                alt_icache_flush_all
 .text          0x0001131c      0x13c ../fgaweg_bsp/\libhal_bsp.a(alt_io_redirect.o)
                0x000113e0                alt_io_redirect
 .text          0x00011458        0x0 ../fgaweg_bsp/\libhal_bsp.a(alt_irq_entry.o)
 .text          0x00011458        0x0 ../fgaweg_bsp/\libhal_bsp.a(alt_irq_handler.o)
 .text          0x00011458      0x2c4 ../fgaweg_bsp/\libhal_bsp.a(alt_open.o)
                0x00011534                open
 .text          0x0001171c      0x1a4 ../fgaweg_bsp/\libhal_bsp.a(alt_tick.o)
                0x0001171c                alt_alarm_stop
                0x000117b4                alt_tick
 .text          0x000118c0       0x30 ../fgaweg_bsp/\libhal_bsp.a(alt_usleep.o)
                0x000118c0                usleep
 .text          0x000118f0       0x20 ../fgaweg_bsp/\libhal_bsp.a(altera_nios2_qsys_irq.o)
                0x000118f0                altera_nios2_qsys_irq_init
 .text          0x00011910      0x12c ../fgaweg_bsp/\libhal_bsp.a(alt_busy_sleep.o)
                0x00011910                alt_busy_sleep
 .text          0x00011a3c        0x0 ../fgaweg_bsp/\libhal_bsp.a(alt_exception_entry.o)
 .text          0x00011a3c      0x120 ../fgaweg_bsp/\libhal_bsp.a(alt_find_file.o)
                0x00011a3c                alt_find_file
 .text          0x00011b5c       0xb8 ../fgaweg_bsp/\libhal_bsp.a(alt_get_fd.o)
                0x00011b5c                alt_get_fd
 .text          0x00011c14       0x90 ../fgaweg_bsp/\libhal_bsp.a(alt_icache_flush.o)
                0x00011c14                alt_icache_flush
 .text          0x00011ca4       0x14 c:/altera/13.0sp1/nios2eds/bin/gnu/h-i686-mingw32/bin/../lib/gcc/nios2-elf/4.1.2/../../../../nios2-elf/lib\libc.a(lib_a-atexit.o)
                0x00011ca4                atexit
 .text          0x00011cb8       0x38 c:/altera/13.0sp1/nios2eds/bin/gnu/h-i686-mingw32/bin/../lib/gcc/nios2-elf/4.1.2/../../../../nios2-elf/lib\libc.a(lib_a-exit.o)
                0x00011cb8                exit
 .text          0x00011cf0       0x74 c:/altera/13.0sp1/nios2eds/bin/gnu/h-i686-mingw32/bin/../lib/gcc/nios2-elf/4.1.2/../../../../nios2-elf/lib\libc.a(lib_a-memcmp.o)
                0x00011cf0                memcmp
 .text          0x00011d64      0x1ec c:/altera/13.0sp1/nios2eds/bin/gnu/h-i686-mingw32/bin/../lib/gcc/nios2-elf/4.1.2/../../../../nios2-elf/lib\libc.a(lib_a-putc.o)
                0x00011d64                putc
                0x00011e68                _putc_r
 .text          0x00011f50      0x14c c:/altera/13.0sp1/nios2eds/bin/gnu/h-i686-mingw32/bin/../lib/gcc/nios2-elf/4.1.2/../../../../nios2-elf/lib\libc.a(lib_a-wbuf.o)
                0x00011f50                __swbuf_r
                0x00012080                __swbuf
 .text          0x0001209c      0x134 c:/altera/13.0sp1/nios2eds/bin/gnu/h-i686-mingw32/bin/../lib/gcc/nios2-elf/4.1.2/../../../../nios2-elf/lib\libc.a(lib_a-__atexit.o)
                0x0001209c                __register_exitproc
 .text          0x000121d0      0x1b4 c:/altera/13.0sp1/nios2eds/bin/gnu/h-i686-mingw32/bin/../lib/gcc/nios2-elf/4.1.2/../../../../nios2-elf/lib\libc.a(lib_a-__call_atexit.o)
                0x000121d4                __call_exitprocs
 .text          0x00012384       0x60 ../fgaweg_bsp/\libhal_bsp.a(alt_exit.o)
                0x000123c4                _exit
 *(.gnu.warning.*)
 *(.fini)
                0x000123e4                PROVIDE (__etext, ABSOLUTE (.))
                0x000123e4                PROVIDE (_etext, ABSOLUTE (.))
                0x000123e4                PROVIDE (etext, ABSOLUTE (.))
 *(.eh_frame_hdr)
                0x000123e4                . = ALIGN (0x4)
                0x000123e4                PROVIDE (__preinit_array_start, ABSOLUTE (.))
 *(.preinit_array)
                0x000123e4                PROVIDE (__preinit_array_end, ABSOLUTE (.))
                0x000123e4                PROVIDE (__init_array_start, ABSOLUTE (.))
 *(.init_array)
                0x000123e4                PROVIDE (__init_array_end, ABSOLUTE (.))
                0x000123e4                PROVIDE (__fini_array_start, ABSOLUTE (.))
 *(.fini_array)
                0x000123e4                PROVIDE (__fini_array_end, ABSOLUTE (.))
 *(.eh_frame)
 *(.gcc_except_table)
 *(.dynamic)
                0x000123e4                PROVIDE (__CTOR_LIST__, ABSOLUTE (.))
 *(.ctors)
 *(SORT(.ctors.*))
 .ctors.65535   0x000123e4        0x4 c:/altera/13.0sp1/nios2eds/bin/gnu/h-i686-mingw32/bin/../lib/gcc/nios2-elf/4.1.2/../../../../nios2-elf/lib\libc.a(lib_a-__call_atexit.o)
                0x000123e8                PROVIDE (__CTOR_END__, ABSOLUTE (.))
                0x000123e8                PROVIDE (__DTOR_LIST__, ABSOLUTE (.))
 *(.dtors)
 *(SORT(.dtors.*))
                0x000123e8                PROVIDE (__DTOR_END__, ABSOLUTE (.))
 *(.jcr)
                0x000123e8                . = ALIGN (0x4)

.rodata         0x000123e8      0xb10
                0x000123e8                PROVIDE (__ram_rodata_start, ABSOLUTE (.))
                0x000123e8                . = ALIGN (0x4)
 *(.rodata .rodata.* .gnu.linkonce.r.*)
 .rodata        0x000123e8      0x64c obj/default/media_interrupt_HAL.o
 .rodata.str1.4
                0x00012a34        0x2 c:/altera/13.0sp1/nios2eds/bin/gnu/h-i686-mingw32/bin/../lib/gcc/nios2-elf/4.1.2/../../../../nios2-elf/lib\libc.a(lib_a-puts.o)
                                  0x4 (size before relaxing)
 *fill*         0x00012a36        0x2 00
 .rodata.str1.4
                0x00012a38       0x5e c:/altera/13.0sp1/nios2eds/bin/gnu/h-i686-mingw32/bin/../lib/gcc/nios2-elf/4.1.2/../../../../nios2-elf/lib\libc.a(lib_a-vfprintf.o)
                                 0x60 (size before relaxing)
 .rodata        0x00012a96       0x20 c:/altera/13.0sp1/nios2eds/bin/gnu/h-i686-mingw32/bin/../lib/gcc/nios2-elf/4.1.2/../../../../nios2-elf/lib\libc.a(lib_a-vfprintf.o)
 *fill*         0x00012ab6        0x2 00
 .rodata.str1.4
                0x00012ab8       0x10 c:/altera/13.0sp1/nios2eds/bin/gnu/h-i686-mingw32/bin/../lib/gcc/nios2-elf/4.1.2/../../../../nios2-elf/lib\libc.a(lib_a-dtoa.o)
                                 0x14 (size before relaxing)
 .rodata.str1.4
                0x00012ac8        0x2 c:/altera/13.0sp1/nios2eds/bin/gnu/h-i686-mingw32/bin/../lib/gcc/nios2-elf/4.1.2/../../../../nios2-elf/lib\libc.a(lib_a-impure.o)
                                  0x4 (size before relaxing)
 *fill*         0x00012aca        0x2 00
 .rodata.str1.4
                0x00012acc       0x10 c:/altera/13.0sp1/nios2eds/bin/gnu/h-i686-mingw32/bin/../lib/gcc/nios2-elf/4.1.2/../../../../nios2-elf/lib\libc.a(lib_a-locale.o)
                                 0x18 (size before relaxing)
 .rodata        0x00012adc       0x30 c:/altera/13.0sp1/nios2eds/bin/gnu/h-i686-mingw32/bin/../lib/gcc/nios2-elf/4.1.2/../../../../nios2-elf/lib\libc.a(lib_a-locale.o)
 .rodata        0x00012b0c      0x124 c:/altera/13.0sp1/nios2eds/bin/gnu/h-i686-mingw32/bin/../lib/gcc/nios2-elf/4.1.2/../../../../nios2-elf/lib\libc.a(lib_a-mprec.o)
                0x00012b0c                __mprec_tens
                0x00012bd4                __mprec_bigtens
                0x00012bfc                __mprec_tinytens
 .rodata        0x00012c30       0x14 c:/altera/13.0sp1/nios2eds/bin/gnu/h-i686-mingw32/bin/../lib/gcc/nios2-elf/4.1.2\libgcc.a(_thenan_df.o)
                0x00012c30                __thenan_df
 .rodata        0x00012c44      0x100 c:/altera/13.0sp1/nios2eds/bin/gnu/h-i686-mingw32/bin/../lib/gcc/nios2-elf/4.1.2\libgcc.a(_clz.o)
                0x00012c44                __clz_tab
 .rodata        0x00012d44        0xc ../fgaweg_bsp/\libhal_bsp.a(alt_dev.o)
 .rodata        0x00012d50       0x10 ../fgaweg_bsp/\libhal_bsp.a(alt_main.o)
 .rodata        0x00012d60      0x17c ../fgaweg_bsp/\libhal_bsp.a(alt_sys_init.o)
 .rodata        0x00012edc       0x1c ../fgaweg_bsp/\libhal_bsp.a(altera_up_avalon_video_character_buffer_with_dma.o)
 *(.rodata1)
                0x00012ef8                . = ALIGN (0x4)
                0x00012ef8                PROVIDE (__ram_rodata_end, ABSOLUTE (.))
                0x000123e8                PROVIDE (__flash_rodata_start, LOADADDR (.rodata))

.rwdata         0x00012ef8     0x1e10 load address 0x00014d08
                0x00012ef8                PROVIDE (__ram_rwdata_start, ABSOLUTE (.))
                0x00012ef8                . = ALIGN (0x4)
 *(.got.plt)
 *(.got)
 *(.data1)
 *(.data .data.* .gnu.linkonce.d.*)
 .data          0x00012ef8        0x0 ../fgaweg_bsp//obj/HAL/src/crt0.o
 .data          0x00012ef8        0x0 obj/default/PS2_ISR.o
 .data          0x00012ef8        0x0 obj/default/audio_ISR.o
 .data          0x00012ef8        0x0 obj/default/globals.o
 .data          0x00012ef8        0x0 obj/default/interval_timer_ISR.o
 .data          0x00012ef8        0x0 obj/default/media_interrupt_HAL.o
 .data          0x00012ef8        0x0 obj/default/pushbutton_ISR.o
 .data          0x00012ef8        0x0 c:/altera/13.0sp1/nios2eds/bin/gnu/h-i686-mingw32/bin/../lib/gcc/nios2-elf/4.1.2/../../../../nios2-elf/lib\libc.a(lib_a-memcpy.o)
 .data          0x00012ef8        0x0 c:/altera/13.0sp1/nios2eds/bin/gnu/h-i686-mingw32/bin/../lib/gcc/nios2-elf/4.1.2/../../../../nios2-elf/lib\libc.a(lib_a-memset.o)
 .data          0x00012ef8        0x0 c:/altera/13.0sp1/nios2eds/bin/gnu/h-i686-mingw32/bin/../lib/gcc/nios2-elf/4.1.2/../../../../nios2-elf/lib\libc.a(lib_a-printf.o)
 .data          0x00012ef8        0x0 c:/altera/13.0sp1/nios2eds/bin/gnu/h-i686-mingw32/bin/../lib/gcc/nios2-elf/4.1.2/../../../../nios2-elf/lib\libc.a(lib_a-puts.o)
 .data          0x00012ef8        0x0 c:/altera/13.0sp1/nios2eds/bin/gnu/h-i686-mingw32/bin/../lib/gcc/nios2-elf/4.1.2/../../../../nios2-elf/lib\libc.a(lib_a-strlen.o)
 .data          0x00012ef8        0x0 c:/altera/13.0sp1/nios2eds/bin/gnu/h-i686-mingw32/bin/../lib/gcc/nios2-elf/4.1.2/../../../../nios2-elf/lib\libc.a(lib_a-vfprintf.o)
 .data          0x00012ef8        0x0 c:/altera/13.0sp1/nios2eds/bin/gnu/h-i686-mingw32/bin/../lib/gcc/nios2-elf/4.1.2/../../../../nios2-elf/lib\libc.a(lib_a-wsetup.o)
 .data          0x00012ef8        0x0 c:/altera/13.0sp1/nios2eds/bin/gnu/h-i686-mingw32/bin/../lib/gcc/nios2-elf/4.1.2/../../../../nios2-elf/lib\libc.a(lib_a-dtoa.o)
 .data          0x00012ef8        0x0 c:/altera/13.0sp1/nios2eds/bin/gnu/h-i686-mingw32/bin/../lib/gcc/nios2-elf/4.1.2/../../../../nios2-elf/lib\libc.a(lib_a-fflush.o)
 .data          0x00012ef8        0x0 c:/altera/13.0sp1/nios2eds/bin/gnu/h-i686-mingw32/bin/../lib/gcc/nios2-elf/4.1.2/../../../../nios2-elf/lib\libc.a(lib_a-findfp.o)
 .data          0x00012ef8        0x0 c:/altera/13.0sp1/nios2eds/bin/gnu/h-i686-mingw32/bin/../lib/gcc/nios2-elf/4.1.2/../../../../nios2-elf/lib\libc.a(lib_a-freer.o)
 .data          0x00012ef8        0x0 c:/altera/13.0sp1/nios2eds/bin/gnu/h-i686-mingw32/bin/../lib/gcc/nios2-elf/4.1.2/../../../../nios2-elf/lib\libc.a(lib_a-fvwrite.o)
 .data          0x00012ef8        0x0 c:/altera/13.0sp1/nios2eds/bin/gnu/h-i686-mingw32/bin/../lib/gcc/nios2-elf/4.1.2/../../../../nios2-elf/lib\libc.a(lib_a-fwalk.o)
 .data          0x00012ef8      0x400 c:/altera/13.0sp1/nios2eds/bin/gnu/h-i686-mingw32/bin/../lib/gcc/nios2-elf/4.1.2/../../../../nios2-elf/lib\libc.a(lib_a-impure.o)
 .data          0x000132f8        0xc c:/altera/13.0sp1/nios2eds/bin/gnu/h-i686-mingw32/bin/../lib/gcc/nios2-elf/4.1.2/../../../../nios2-elf/lib\libc.a(lib_a-locale.o)
                0x000132f8                __lc_ctype
 .data          0x00013304        0x0 c:/altera/13.0sp1/nios2eds/bin/gnu/h-i686-mingw32/bin/../lib/gcc/nios2-elf/4.1.2/../../../../nios2-elf/lib\libc.a(lib_a-makebuf.o)
 .data          0x00013304      0x408 c:/altera/13.0sp1/nios2eds/bin/gnu/h-i686-mingw32/bin/../lib/gcc/nios2-elf/4.1.2/../../../../nios2-elf/lib\libc.a(lib_a-mallocr.o)
                0x00013304                __malloc_av_
 .data          0x0001370c        0x0 c:/altera/13.0sp1/nios2eds/bin/gnu/h-i686-mingw32/bin/../lib/gcc/nios2-elf/4.1.2/../../../../nios2-elf/lib\libc.a(lib_a-memchr.o)
 .data          0x0001370c        0x0 c:/altera/13.0sp1/nios2eds/bin/gnu/h-i686-mingw32/bin/../lib/gcc/nios2-elf/4.1.2/../../../../nios2-elf/lib\libc.a(lib_a-memmove.o)
 .data          0x0001370c        0x0 c:/altera/13.0sp1/nios2eds/bin/gnu/h-i686-mingw32/bin/../lib/gcc/nios2-elf/4.1.2/../../../../nios2-elf/lib\libc.a(lib_a-mprec.o)
 .data          0x0001370c        0x0 c:/altera/13.0sp1/nios2eds/bin/gnu/h-i686-mingw32/bin/../lib/gcc/nios2-elf/4.1.2/../../../../nios2-elf/lib\libc.a(lib_a-reallocr.o)
 .data          0x0001370c        0x0 c:/altera/13.0sp1/nios2eds/bin/gnu/h-i686-mingw32/bin/../lib/gcc/nios2-elf/4.1.2/../../../../nios2-elf/lib\libc.a(lib_a-s_isinfd.o)
 .data          0x0001370c        0x0 c:/altera/13.0sp1/nios2eds/bin/gnu/h-i686-mingw32/bin/../lib/gcc/nios2-elf/4.1.2/../../../../nios2-elf/lib\libc.a(lib_a-s_isnand.o)
 .data          0x0001370c        0x0 c:/altera/13.0sp1/nios2eds/bin/gnu/h-i686-mingw32/bin/../lib/gcc/nios2-elf/4.1.2/../../../../nios2-elf/lib\libc.a(lib_a-sbrkr.o)
 .data          0x0001370c        0x0 c:/altera/13.0sp1/nios2eds/bin/gnu/h-i686-mingw32/bin/../lib/gcc/nios2-elf/4.1.2/../../../../nios2-elf/lib\libc.a(lib_a-stdio.o)
 .data          0x0001370c        0x0 c:/altera/13.0sp1/nios2eds/bin/gnu/h-i686-mingw32/bin/../lib/gcc/nios2-elf/4.1.2/../../../../nios2-elf/lib\libc.a(lib_a-strcmp.o)
 .data          0x0001370c        0x0 c:/altera/13.0sp1/nios2eds/bin/gnu/h-i686-mingw32/bin/../lib/gcc/nios2-elf/4.1.2/../../../../nios2-elf/lib\libc.a(lib_a-writer.o)
 .data          0x0001370c        0x0 c:/altera/13.0sp1/nios2eds/bin/gnu/h-i686-mingw32/bin/../lib/gcc/nios2-elf/4.1.2/../../../../nios2-elf/lib\libc.a(lib_a-callocr.o)
 .data          0x0001370c        0x0 c:/altera/13.0sp1/nios2eds/bin/gnu/h-i686-mingw32/bin/../lib/gcc/nios2-elf/4.1.2/../../../../nios2-elf/lib\libc.a(lib_a-closer.o)
 .data          0x0001370c        0x0 c:/altera/13.0sp1/nios2eds/bin/gnu/h-i686-mingw32/bin/../lib/gcc/nios2-elf/4.1.2/../../../../nios2-elf/lib\libc.a(lib_a-fclose.o)
 .data          0x0001370c        0x0 c:/altera/13.0sp1/nios2eds/bin/gnu/h-i686-mingw32/bin/../lib/gcc/nios2-elf/4.1.2/../../../../nios2-elf/lib\libc.a(lib_a-fstatr.o)
 .data          0x0001370c        0x0 c:/altera/13.0sp1/nios2eds/bin/gnu/h-i686-mingw32/bin/../lib/gcc/nios2-elf/4.1.2/../../../../nios2-elf/lib\libc.a(lib_a-int_errno.o)
 .data          0x0001370c        0x0 c:/altera/13.0sp1/nios2eds/bin/gnu/h-i686-mingw32/bin/../lib/gcc/nios2-elf/4.1.2/../../../../nios2-elf/lib\libc.a(lib_a-isattyr.o)
 .data          0x0001370c        0x0 c:/altera/13.0sp1/nios2eds/bin/gnu/h-i686-mingw32/bin/../lib/gcc/nios2-elf/4.1.2/../../../../nios2-elf/lib\libc.a(lib_a-lseekr.o)
 .data          0x0001370c        0x0 c:/altera/13.0sp1/nios2eds/bin/gnu/h-i686-mingw32/bin/../lib/gcc/nios2-elf/4.1.2/../../../../nios2-elf/lib\libc.a(lib_a-readr.o)
 .data          0x0001370c        0x0 c:/altera/13.0sp1/nios2eds/bin/gnu/h-i686-mingw32/bin/../lib/gcc/nios2-elf/4.1.2\libgcc.a(_udivdi3.o)
 .data          0x0001370c        0x0 c:/altera/13.0sp1/nios2eds/bin/gnu/h-i686-mingw32/bin/../lib/gcc/nios2-elf/4.1.2\libgcc.a(_umoddi3.o)
 .data          0x0001370c        0x0 c:/altera/13.0sp1/nios2eds/bin/gnu/h-i686-mingw32/bin/../lib/gcc/nios2-elf/4.1.2\libgcc.a(_addsub_df.o)
 .data          0x0001370c        0x0 c:/altera/13.0sp1/nios2eds/bin/gnu/h-i686-mingw32/bin/../lib/gcc/nios2-elf/4.1.2\libgcc.a(_mul_df.o)
 .data          0x0001370c        0x0 c:/altera/13.0sp1/nios2eds/bin/gnu/h-i686-mingw32/bin/../lib/gcc/nios2-elf/4.1.2\libgcc.a(_div_df.o)
 .data          0x0001370c        0x0 c:/altera/13.0sp1/nios2eds/bin/gnu/h-i686-mingw32/bin/../lib/gcc/nios2-elf/4.1.2\libgcc.a(_eq_df.o)
 .data          0x0001370c        0x0 c:/altera/13.0sp1/nios2eds/bin/gnu/h-i686-mingw32/bin/../lib/gcc/nios2-elf/4.1.2\libgcc.a(_ne_df.o)
 .data          0x0001370c        0x0 c:/altera/13.0sp1/nios2eds/bin/gnu/h-i686-mingw32/bin/../lib/gcc/nios2-elf/4.1.2\libgcc.a(_gt_df.o)
 .data          0x0001370c        0x0 c:/altera/13.0sp1/nios2eds/bin/gnu/h-i686-mingw32/bin/../lib/gcc/nios2-elf/4.1.2\libgcc.a(_ge_df.o)
 .data          0x0001370c        0x0 c:/altera/13.0sp1/nios2eds/bin/gnu/h-i686-mingw32/bin/../lib/gcc/nios2-elf/4.1.2\libgcc.a(_lt_df.o)
 .data          0x0001370c        0x0 c:/altera/13.0sp1/nios2eds/bin/gnu/h-i686-mingw32/bin/../lib/gcc/nios2-elf/4.1.2\libgcc.a(_si_to_df.o)
 .data          0x0001370c        0x0 c:/altera/13.0sp1/nios2eds/bin/gnu/h-i686-mingw32/bin/../lib/gcc/nios2-elf/4.1.2\libgcc.a(_df_to_si.o)
 .data          0x0001370c        0x0 c:/altera/13.0sp1/nios2eds/bin/gnu/h-i686-mingw32/bin/../lib/gcc/nios2-elf/4.1.2\libgcc.a(_thenan_df.o)
 .data          0x0001370c        0x0 c:/altera/13.0sp1/nios2eds/bin/gnu/h-i686-mingw32/bin/../lib/gcc/nios2-elf/4.1.2\libgcc.a(_usi_to_df.o)
 .data          0x0001370c        0x0 c:/altera/13.0sp1/nios2eds/bin/gnu/h-i686-mingw32/bin/../lib/gcc/nios2-elf/4.1.2\libgcc.a(lib2-divmod.o)
 .data          0x0001370c        0x0 c:/altera/13.0sp1/nios2eds/bin/gnu/h-i686-mingw32/bin/../lib/gcc/nios2-elf/4.1.2\libgcc.a(_muldi3.o)
 .data          0x0001370c        0x0 c:/altera/13.0sp1/nios2eds/bin/gnu/h-i686-mingw32/bin/../lib/gcc/nios2-elf/4.1.2\libgcc.a(_clz.o)
 .data          0x0001370c        0x0 c:/altera/13.0sp1/nios2eds/bin/gnu/h-i686-mingw32/bin/../lib/gcc/nios2-elf/4.1.2\libgcc.a(_clzsi2.o)
 .data          0x0001370c        0x0 c:/altera/13.0sp1/nios2eds/bin/gnu/h-i686-mingw32/bin/../lib/gcc/nios2-elf/4.1.2\libgcc.a(_pack_df.o)
 .data          0x0001370c        0x0 c:/altera/13.0sp1/nios2eds/bin/gnu/h-i686-mingw32/bin/../lib/gcc/nios2-elf/4.1.2\libgcc.a(_unpack_df.o)
 .data          0x0001370c        0x0 c:/altera/13.0sp1/nios2eds/bin/gnu/h-i686-mingw32/bin/../lib/gcc/nios2-elf/4.1.2\libgcc.a(_fpcmp_parts_df.o)
 .data          0x0001370c        0x0 ../fgaweg_bsp/\libhal_bsp.a(alt_close.o)
 .data          0x0001370c      0x1a8 ../fgaweg_bsp/\libhal_bsp.a(alt_dev.o)
                0x0001370c                alt_dev_null
                0x00013734                alt_fd_list
 .data          0x000138b4        0x0 ../fgaweg_bsp/\libhal_bsp.a(alt_errno.o)
 .data          0x000138b4        0x0 ../fgaweg_bsp/\libhal_bsp.a(alt_fstat.o)
 .data          0x000138b4        0x0 ../fgaweg_bsp/\libhal_bsp.a(alt_irq_register.o)
 .data          0x000138b4        0x0 ../fgaweg_bsp/\libhal_bsp.a(alt_irq_vars.o)
 .data          0x000138b4        0x0 ../fgaweg_bsp/\libhal_bsp.a(alt_isatty.o)
 .data          0x000138b4        0x0 ../fgaweg_bsp/\libhal_bsp.a(alt_load.o)
 .data          0x000138b4        0x0 ../fgaweg_bsp/\libhal_bsp.a(alt_lseek.o)
 .data          0x000138b4        0x0 ../fgaweg_bsp/\libhal_bsp.a(alt_main.o)
 .data          0x000138b4        0x0 ../fgaweg_bsp/\libhal_bsp.a(alt_malloc_lock.o)
 .data          0x000138b4        0x0 ../fgaweg_bsp/\libhal_bsp.a(alt_printf.o)
 .data          0x000138b4        0x0 ../fgaweg_bsp/\libhal_bsp.a(alt_putchar.o)
 .data          0x000138b4        0x0 ../fgaweg_bsp/\libhal_bsp.a(alt_read.o)
 .data          0x000138b4        0x0 ../fgaweg_bsp/\libhal_bsp.a(alt_release_fd.o)
 .data          0x000138b4        0x0 ../fgaweg_bsp/\libhal_bsp.a(alt_sbrk.o)
 .data          0x000138b4        0x0 ../fgaweg_bsp/\libhal_bsp.a(alt_write.o)
 .data          0x000138b4     0x1414 ../fgaweg_bsp/\libhal_bsp.a(alt_sys_init.o)
 .data          0x00014cc8        0x0 ../fgaweg_bsp/\libhal_bsp.a(altera_avalon_jtag_uart_fd.o)
 .data          0x00014cc8        0x0 ../fgaweg_bsp/\libhal_bsp.a(altera_avalon_jtag_uart_init.o)
 .data          0x00014cc8        0x0 ../fgaweg_bsp/\libhal_bsp.a(altera_avalon_jtag_uart_ioctl.o)
 .data          0x00014cc8        0x0 ../fgaweg_bsp/\libhal_bsp.a(altera_avalon_jtag_uart_read.o)
 .data          0x00014cc8        0x0 ../fgaweg_bsp/\libhal_bsp.a(altera_avalon_jtag_uart_write.o)
 .data          0x00014cc8        0x0 ../fgaweg_bsp/\libhal_bsp.a(altera_avalon_timer_sc.o)
 .data          0x00014cc8        0x0 ../fgaweg_bsp/\libhal_bsp.a(altera_up_avalon_audio.o)
 .data          0x00014cc8        0x0 ../fgaweg_bsp/\libhal_bsp.a(altera_up_avalon_character_lcd.o)
 .data          0x00014cc8        0x0 ../fgaweg_bsp/\libhal_bsp.a(altera_up_avalon_ethernet.o)
 .data          0x00014cc8        0x0 ../fgaweg_bsp/\libhal_bsp.a(altera_up_avalon_ethernet_low_level_driver.o)
 .data          0x00014cc8        0x0 ../fgaweg_bsp/\libhal_bsp.a(altera_up_avalon_irda.o)
 .data          0x00014cc8        0x0 ../fgaweg_bsp/\libhal_bsp.a(altera_up_avalon_parallel_port.o)
 .data          0x00014cc8        0x0 ../fgaweg_bsp/\libhal_bsp.a(altera_up_avalon_ps2.o)
 .data          0x00014cc8        0x0 ../fgaweg_bsp/\libhal_bsp.a(altera_up_avalon_rs232.o)
 .data          0x00014cc8        0x0 ../fgaweg_bsp/\libhal_bsp.a(altera_up_avalon_video_character_buffer_with_dma.o)
 .data          0x00014cc8        0x0 ../fgaweg_bsp/\libhal_bsp.a(altera_up_avalon_video_pixel_buffer_dma.o)
 .data          0x00014cc8        0x0 ../fgaweg_bsp/\libhal_bsp.a(alt_alarm_start.o)
 .data          0x00014cc8        0x0 ../fgaweg_bsp/\libhal_bsp.a(alt_dcache_flush_all.o)
 .data          0x00014cc8        0x0 ../fgaweg_bsp/\libhal_bsp.a(alt_dev_llist_insert.o)
 .data          0x00014cc8        0x0 ../fgaweg_bsp/\libhal_bsp.a(alt_do_ctors.o)
 .data          0x00014cc8        0x0 ../fgaweg_bsp/\libhal_bsp.a(alt_do_dtors.o)
 .data          0x00014cc8        0x0 ../fgaweg_bsp/\libhal_bsp.a(alt_find_dev.o)
 .data          0x00014cc8        0x0 ../fgaweg_bsp/\libhal_bsp.a(alt_icache_flush_all.o)
 .data          0x00014cc8        0x0 ../fgaweg_bsp/\libhal_bsp.a(alt_io_redirect.o)
 .data          0x00014cc8        0x0 ../fgaweg_bsp/\libhal_bsp.a(alt_irq_entry.o)
 .data          0x00014cc8        0x0 ../fgaweg_bsp/\libhal_bsp.a(alt_irq_handler.o)
 .data          0x00014cc8        0x0 ../fgaweg_bsp/\libhal_bsp.a(alt_open.o)
 .data          0x00014cc8        0x0 ../fgaweg_bsp/\libhal_bsp.a(alt_tick.o)
 .data          0x00014cc8        0x0 ../fgaweg_bsp/\libhal_bsp.a(alt_usleep.o)
 .data          0x00014cc8        0x0 ../fgaweg_bsp/\libhal_bsp.a(altera_nios2_qsys_irq.o)
 .data          0x00014cc8        0x0 ../fgaweg_bsp/\libhal_bsp.a(alt_busy_sleep.o)
 .data          0x00014cc8        0x0 ../fgaweg_bsp/\libhal_bsp.a(alt_exception_entry.o)
 .data          0x00014cc8        0x0 ../fgaweg_bsp/\libhal_bsp.a(alt_find_file.o)
 .data          0x00014cc8        0x0 ../fgaweg_bsp/\libhal_bsp.a(alt_get_fd.o)
 .data          0x00014cc8        0x0 ../fgaweg_bsp/\libhal_bsp.a(alt_icache_flush.o)
 .data          0x00014cc8        0x0 c:/altera/13.0sp1/nios2eds/bin/gnu/h-i686-mingw32/bin/../lib/gcc/nios2-elf/4.1.2/../../../../nios2-elf/lib\libc.a(lib_a-atexit.o)
 .data          0x00014cc8        0x0 c:/altera/13.0sp1/nios2eds/bin/gnu/h-i686-mingw32/bin/../lib/gcc/nios2-elf/4.1.2/../../../../nios2-elf/lib\libc.a(lib_a-exit.o)
 .data          0x00014cc8        0x0 c:/altera/13.0sp1/nios2eds/bin/gnu/h-i686-mingw32/bin/../lib/gcc/nios2-elf/4.1.2/../../../../nios2-elf/lib\libc.a(lib_a-memcmp.o)
 .data          0x00014cc8        0x0 c:/altera/13.0sp1/nios2eds/bin/gnu/h-i686-mingw32/bin/../lib/gcc/nios2-elf/4.1.2/../../../../nios2-elf/lib\libc.a(lib_a-putc.o)
 .data          0x00014cc8        0x0 c:/altera/13.0sp1/nios2eds/bin/gnu/h-i686-mingw32/bin/../lib/gcc/nios2-elf/4.1.2/../../../../nios2-elf/lib\libc.a(lib_a-wbuf.o)
 .data          0x00014cc8        0x0 c:/altera/13.0sp1/nios2eds/bin/gnu/h-i686-mingw32/bin/../lib/gcc/nios2-elf/4.1.2/../../../../nios2-elf/lib\libc.a(lib_a-__atexit.o)
 .data          0x00014cc8        0x0 c:/altera/13.0sp1/nios2eds/bin/gnu/h-i686-mingw32/bin/../lib/gcc/nios2-elf/4.1.2/../../../../nios2-elf/lib\libc.a(lib_a-__call_atexit.o)
 .data          0x00014cc8        0x0 ../fgaweg_bsp/\libhal_bsp.a(alt_exit.o)
                0x0001ccc8                _gp = ABSOLUTE ((. + 0x8000))
                0x0001ccc8                PROVIDE (gp, _gp)
 *(.rwdata .rwdata.*)
 *(.sdata .sdata.* .gnu.linkonce.s.*)
 .sdata         0x00014cc8        0x8 c:/altera/13.0sp1/nios2eds/bin/gnu/h-i686-mingw32/bin/../lib/gcc/nios2-elf/4.1.2/../../../../nios2-elf/lib\libc.a(lib_a-impure.o)
                0x00014cc8                _impure_ptr
                0x00014ccc                _global_impure_ptr
 .sdata         0x00014cd0        0x8 c:/altera/13.0sp1/nios2eds/bin/gnu/h-i686-mingw32/bin/../lib/gcc/nios2-elf/4.1.2/../../../../nios2-elf/lib\libc.a(lib_a-locale.o)
                0x00014cd0                __mb_cur_max
 .sdata         0x00014cd8        0x8 c:/altera/13.0sp1/nios2eds/bin/gnu/h-i686-mingw32/bin/../lib/gcc/nios2-elf/4.1.2/../../../../nios2-elf/lib\libc.a(lib_a-mallocr.o)
                0x00014cd8                __malloc_trim_threshold
                0x00014cdc                __malloc_sbrk_base
 .sdata         0x00014ce0       0x14 ../fgaweg_bsp/\libhal_bsp.a(alt_dev.o)
                0x00014ce0                alt_fs_list
                0x00014ce8                alt_dev_list
                0x00014cf0                alt_max_fd
 .sdata         0x00014cf4        0x4 ../fgaweg_bsp/\libhal_bsp.a(alt_errno.o)
                0x00014cf4                alt_errno
 .sdata         0x00014cf8        0x4 ../fgaweg_bsp/\libhal_bsp.a(alt_irq_vars.o)
                0x00014cf8                alt_priority_mask
 .sdata         0x00014cfc        0x4 ../fgaweg_bsp/\libhal_bsp.a(alt_sbrk.o)
 .sdata         0x00014d00        0x8 ../fgaweg_bsp/\libhal_bsp.a(alt_tick.o)
                0x00014d00                alt_alarm_list
 *(.sdata2 .sdata2.* .gnu.linkonce.s2.*)
                0x00014d08                . = ALIGN (0x4)
                0x00014d08                _edata = ABSOLUTE (.)
                0x00014d08                PROVIDE (edata, ABSOLUTE (.))
                0x00014d08                PROVIDE (__ram_rwdata_end, ABSOLUTE (.))
                0x00014d08                PROVIDE (__flash_rwdata_start, LOADADDR (.rwdata))

.bss            0x00016b18   0x3d0ce4
                0x00016b18                __bss_start = ABSOLUTE (.)
                0x00016b18                PROVIDE (__sbss_start, ABSOLUTE (.))
                0x00016b18                PROVIDE (___sbss_start, ABSOLUTE (.))
 *(.dynsbss)
 *(.sbss .sbss.* .gnu.linkonce.sb.*)
 .sbss          0x00016b18        0x8 obj/default/PS2_ISR.o
                0x00016b18                flag
                0x00016b1c                flag1
 .sbss          0x00016b20       0x10 obj/default/globals.o
                0x00016b20                byte2
                0x00016b21                byte3
                0x00016b22                byte1
                0x00016b24                timeout
                0x00016b28                buf_index_play
                0x00016b2c                buf_index_record
 .sbss          0x00016b30        0xc obj/default/media_interrupt_HAL.o
                0x00016b30                mouse_isr_flag
                0x00016b34                x_diff_prev
                0x00016b38                y_diff_prev
 .sbss          0x00016b3c        0xc c:/altera/13.0sp1/nios2eds/bin/gnu/h-i686-mingw32/bin/../lib/gcc/nios2-elf/4.1.2/../../../../nios2-elf/lib\libc.a(lib_a-locale.o)
                0x00016b3c                __nlocale_changed
                0x00016b40                __mlocale_changed
                0x00016b44                _PathLocale
 .sbss          0x00016b48        0xc c:/altera/13.0sp1/nios2eds/bin/gnu/h-i686-mingw32/bin/../lib/gcc/nios2-elf/4.1.2/../../../../nios2-elf/lib\libc.a(lib_a-mallocr.o)
                0x00016b48                __malloc_top_pad
                0x00016b4c                __malloc_max_sbrked_mem
                0x00016b50                __malloc_max_total_mem
 .sbss          0x00016b54        0x4 c:/altera/13.0sp1/nios2eds/bin/gnu/h-i686-mingw32/bin/../lib/gcc/nios2-elf/4.1.2/../../../../nios2-elf/lib\libc.a(lib_a-int_errno.o)
                0x00016b54                errno
 .sbss          0x00016b58        0x4 ../fgaweg_bsp/\libhal_bsp.a(alt_irq_vars.o)
                0x00016b58                alt_irq_active
 .sbss          0x00016b5c        0xc ../fgaweg_bsp/\libhal_bsp.a(alt_main.o)
                0x00016b5c                alt_argc
                0x00016b60                alt_argv
                0x00016b64                alt_envp
 .sbss          0x00016b68        0x8 ../fgaweg_bsp/\libhal_bsp.a(alt_tick.o)
                0x00016b68                _alt_tick_rate
                0x00016b6c                _alt_nticks
 *(.sbss2 .sbss2.* .gnu.linkonce.sb2.*)
 *(.scommon)
                0x00016b70                PROVIDE (__sbss_end, ABSOLUTE (.))
                0x00016b70                PROVIDE (___sbss_end, ABSOLUTE (.))
 *(.dynbss)
 *(.bss .bss.* .gnu.linkonce.b.*)
 .bss           0x00016b70        0x0 ../fgaweg_bsp//obj/HAL/src/crt0.o
 .bss           0x00016b70        0x0 obj/default/PS2_ISR.o
 .bss           0x00016b70        0x0 obj/default/audio_ISR.o
 .bss           0x00016b70        0x0 obj/default/globals.o
 .bss           0x00016b70        0x0 obj/default/interval_timer_ISR.o
 .bss           0x00016b70        0x0 obj/default/media_interrupt_HAL.o
 .bss           0x00016b70        0x0 obj/default/pushbutton_ISR.o
 .bss           0x00016b70        0x0 c:/altera/13.0sp1/nios2eds/bin/gnu/h-i686-mingw32/bin/../lib/gcc/nios2-elf/4.1.2/../../../../nios2-elf/lib\libc.a(lib_a-memcpy.o)
 .bss           0x00016b70        0x0 c:/altera/13.0sp1/nios2eds/bin/gnu/h-i686-mingw32/bin/../lib/gcc/nios2-elf/4.1.2/../../../../nios2-elf/lib\libc.a(lib_a-memset.o)
 .bss           0x00016b70        0x0 c:/altera/13.0sp1/nios2eds/bin/gnu/h-i686-mingw32/bin/../lib/gcc/nios2-elf/4.1.2/../../../../nios2-elf/lib\libc.a(lib_a-printf.o)
 .bss           0x00016b70        0x0 c:/altera/13.0sp1/nios2eds/bin/gnu/h-i686-mingw32/bin/../lib/gcc/nios2-elf/4.1.2/../../../../nios2-elf/lib\libc.a(lib_a-puts.o)
 .bss           0x00016b70        0x0 c:/altera/13.0sp1/nios2eds/bin/gnu/h-i686-mingw32/bin/../lib/gcc/nios2-elf/4.1.2/../../../../nios2-elf/lib\libc.a(lib_a-strlen.o)
 .bss           0x00016b70        0x0 c:/altera/13.0sp1/nios2eds/bin/gnu/h-i686-mingw32/bin/../lib/gcc/nios2-elf/4.1.2/../../../../nios2-elf/lib\libc.a(lib_a-vfprintf.o)
 .bss           0x00016b70        0x0 c:/altera/13.0sp1/nios2eds/bin/gnu/h-i686-mingw32/bin/../lib/gcc/nios2-elf/4.1.2/../../../../nios2-elf/lib\libc.a(lib_a-wsetup.o)
 .bss           0x00016b70        0x0 c:/altera/13.0sp1/nios2eds/bin/gnu/h-i686-mingw32/bin/../lib/gcc/nios2-elf/4.1.2/../../../../nios2-elf/lib\libc.a(lib_a-dtoa.o)
 .bss           0x00016b70        0x0 c:/altera/13.0sp1/nios2eds/bin/gnu/h-i686-mingw32/bin/../lib/gcc/nios2-elf/4.1.2/../../../../nios2-elf/lib\libc.a(lib_a-fflush.o)
 .bss           0x00016b70        0x0 c:/altera/13.0sp1/nios2eds/bin/gnu/h-i686-mingw32/bin/../lib/gcc/nios2-elf/4.1.2/../../../../nios2-elf/lib\libc.a(lib_a-findfp.o)
 .bss           0x00016b70        0x0 c:/altera/13.0sp1/nios2eds/bin/gnu/h-i686-mingw32/bin/../lib/gcc/nios2-elf/4.1.2/../../../../nios2-elf/lib\libc.a(lib_a-freer.o)
 .bss           0x00016b70        0x0 c:/altera/13.0sp1/nios2eds/bin/gnu/h-i686-mingw32/bin/../lib/gcc/nios2-elf/4.1.2/../../../../nios2-elf/lib\libc.a(lib_a-fvwrite.o)
 .bss           0x00016b70        0x0 c:/altera/13.0sp1/nios2eds/bin/gnu/h-i686-mingw32/bin/../lib/gcc/nios2-elf/4.1.2/../../../../nios2-elf/lib\libc.a(lib_a-fwalk.o)
 .bss           0x00016b70        0x0 c:/altera/13.0sp1/nios2eds/bin/gnu/h-i686-mingw32/bin/../lib/gcc/nios2-elf/4.1.2/../../../../nios2-elf/lib\libc.a(lib_a-impure.o)
 .bss           0x00016b70        0x0 c:/altera/13.0sp1/nios2eds/bin/gnu/h-i686-mingw32/bin/../lib/gcc/nios2-elf/4.1.2/../../../../nios2-elf/lib\libc.a(lib_a-locale.o)
 .bss           0x00016b70        0x0 c:/altera/13.0sp1/nios2eds/bin/gnu/h-i686-mingw32/bin/../lib/gcc/nios2-elf/4.1.2/../../../../nios2-elf/lib\libc.a(lib_a-makebuf.o)
 .bss           0x00016b70       0x28 c:/altera/13.0sp1/nios2eds/bin/gnu/h-i686-mingw32/bin/../lib/gcc/nios2-elf/4.1.2/../../../../nios2-elf/lib\libc.a(lib_a-mallocr.o)
                0x00016b70                __malloc_current_mallinfo
 .bss           0x00016b98        0x0 c:/altera/13.0sp1/nios2eds/bin/gnu/h-i686-mingw32/bin/../lib/gcc/nios2-elf/4.1.2/../../../../nios2-elf/lib\libc.a(lib_a-memchr.o)
 .bss           0x00016b98        0x0 c:/altera/13.0sp1/nios2eds/bin/gnu/h-i686-mingw32/bin/../lib/gcc/nios2-elf/4.1.2/../../../../nios2-elf/lib\libc.a(lib_a-memmove.o)
 .bss           0x00016b98        0x0 c:/altera/13.0sp1/nios2eds/bin/gnu/h-i686-mingw32/bin/../lib/gcc/nios2-elf/4.1.2/../../../../nios2-elf/lib\libc.a(lib_a-mprec.o)
 .bss           0x00016b98        0x0 c:/altera/13.0sp1/nios2eds/bin/gnu/h-i686-mingw32/bin/../lib/gcc/nios2-elf/4.1.2/../../../../nios2-elf/lib\libc.a(lib_a-reallocr.o)
 .bss           0x00016b98        0x0 c:/altera/13.0sp1/nios2eds/bin/gnu/h-i686-mingw32/bin/../lib/gcc/nios2-elf/4.1.2/../../../../nios2-elf/lib\libc.a(lib_a-s_isinfd.o)
 .bss           0x00016b98        0x0 c:/altera/13.0sp1/nios2eds/bin/gnu/h-i686-mingw32/bin/../lib/gcc/nios2-elf/4.1.2/../../../../nios2-elf/lib\libc.a(lib_a-s_isnand.o)
 .bss           0x00016b98        0x0 c:/altera/13.0sp1/nios2eds/bin/gnu/h-i686-mingw32/bin/../lib/gcc/nios2-elf/4.1.2/../../../../nios2-elf/lib\libc.a(lib_a-sbrkr.o)
 .bss           0x00016b98        0x0 c:/altera/13.0sp1/nios2eds/bin/gnu/h-i686-mingw32/bin/../lib/gcc/nios2-elf/4.1.2/../../../../nios2-elf/lib\libc.a(lib_a-stdio.o)
 .bss           0x00016b98        0x0 c:/altera/13.0sp1/nios2eds/bin/gnu/h-i686-mingw32/bin/../lib/gcc/nios2-elf/4.1.2/../../../../nios2-elf/lib\libc.a(lib_a-strcmp.o)
 .bss           0x00016b98        0x0 c:/altera/13.0sp1/nios2eds/bin/gnu/h-i686-mingw32/bin/../lib/gcc/nios2-elf/4.1.2/../../../../nios2-elf/lib\libc.a(lib_a-writer.o)
 .bss           0x00016b98        0x0 c:/altera/13.0sp1/nios2eds/bin/gnu/h-i686-mingw32/bin/../lib/gcc/nios2-elf/4.1.2/../../../../nios2-elf/lib\libc.a(lib_a-callocr.o)
 .bss           0x00016b98        0x0 c:/altera/13.0sp1/nios2eds/bin/gnu/h-i686-mingw32/bin/../lib/gcc/nios2-elf/4.1.2/../../../../nios2-elf/lib\libc.a(lib_a-closer.o)
 .bss           0x00016b98        0x0 c:/altera/13.0sp1/nios2eds/bin/gnu/h-i686-mingw32/bin/../lib/gcc/nios2-elf/4.1.2/../../../../nios2-elf/lib\libc.a(lib_a-fclose.o)
 .bss           0x00016b98        0x0 c:/altera/13.0sp1/nios2eds/bin/gnu/h-i686-mingw32/bin/../lib/gcc/nios2-elf/4.1.2/../../../../nios2-elf/lib\libc.a(lib_a-fstatr.o)
 .bss           0x00016b98        0x0 c:/altera/13.0sp1/nios2eds/bin/gnu/h-i686-mingw32/bin/../lib/gcc/nios2-elf/4.1.2/../../../../nios2-elf/lib\libc.a(lib_a-int_errno.o)
 .bss           0x00016b98        0x0 c:/altera/13.0sp1/nios2eds/bin/gnu/h-i686-mingw32/bin/../lib/gcc/nios2-elf/4.1.2/../../../../nios2-elf/lib\libc.a(lib_a-isattyr.o)
 .bss           0x00016b98        0x0 c:/altera/13.0sp1/nios2eds/bin/gnu/h-i686-mingw32/bin/../lib/gcc/nios2-elf/4.1.2/../../../../nios2-elf/lib\libc.a(lib_a-lseekr.o)
 .bss           0x00016b98        0x0 c:/altera/13.0sp1/nios2eds/bin/gnu/h-i686-mingw32/bin/../lib/gcc/nios2-elf/4.1.2/../../../../nios2-elf/lib\libc.a(lib_a-readr.o)
 .bss           0x00016b98        0x0 c:/altera/13.0sp1/nios2eds/bin/gnu/h-i686-mingw32/bin/../lib/gcc/nios2-elf/4.1.2\libgcc.a(_udivdi3.o)
 .bss           0x00016b98        0x0 c:/altera/13.0sp1/nios2eds/bin/gnu/h-i686-mingw32/bin/../lib/gcc/nios2-elf/4.1.2\libgcc.a(_umoddi3.o)
 .bss           0x00016b98        0x0 c:/altera/13.0sp1/nios2eds/bin/gnu/h-i686-mingw32/bin/../lib/gcc/nios2-elf/4.1.2\libgcc.a(_addsub_df.o)
 .bss           0x00016b98        0x0 c:/altera/13.0sp1/nios2eds/bin/gnu/h-i686-mingw32/bin/../lib/gcc/nios2-elf/4.1.2\libgcc.a(_mul_df.o)
 .bss           0x00016b98        0x0 c:/altera/13.0sp1/nios2eds/bin/gnu/h-i686-mingw32/bin/../lib/gcc/nios2-elf/4.1.2\libgcc.a(_div_df.o)
 .bss           0x00016b98        0x0 c:/altera/13.0sp1/nios2eds/bin/gnu/h-i686-mingw32/bin/../lib/gcc/nios2-elf/4.1.2\libgcc.a(_eq_df.o)
 .bss           0x00016b98        0x0 c:/altera/13.0sp1/nios2eds/bin/gnu/h-i686-mingw32/bin/../lib/gcc/nios2-elf/4.1.2\libgcc.a(_ne_df.o)
 .bss           0x00016b98        0x0 c:/altera/13.0sp1/nios2eds/bin/gnu/h-i686-mingw32/bin/../lib/gcc/nios2-elf/4.1.2\libgcc.a(_gt_df.o)
 .bss           0x00016b98        0x0 c:/altera/13.0sp1/nios2eds/bin/gnu/h-i686-mingw32/bin/../lib/gcc/nios2-elf/4.1.2\libgcc.a(_ge_df.o)
 .bss           0x00016b98        0x0 c:/altera/13.0sp1/nios2eds/bin/gnu/h-i686-mingw32/bin/../lib/gcc/nios2-elf/4.1.2\libgcc.a(_lt_df.o)
 .bss           0x00016b98        0x0 c:/altera/13.0sp1/nios2eds/bin/gnu/h-i686-mingw32/bin/../lib/gcc/nios2-elf/4.1.2\libgcc.a(_si_to_df.o)
 .bss           0x00016b98        0x0 c:/altera/13.0sp1/nios2eds/bin/gnu/h-i686-mingw32/bin/../lib/gcc/nios2-elf/4.1.2\libgcc.a(_df_to_si.o)
 .bss           0x00016b98        0x0 c:/altera/13.0sp1/nios2eds/bin/gnu/h-i686-mingw32/bin/../lib/gcc/nios2-elf/4.1.2\libgcc.a(_thenan_df.o)
 .bss           0x00016b98        0x0 c:/altera/13.0sp1/nios2eds/bin/gnu/h-i686-mingw32/bin/../lib/gcc/nios2-elf/4.1.2\libgcc.a(_usi_to_df.o)
 .bss           0x00016b98        0x0 c:/altera/13.0sp1/nios2eds/bin/gnu/h-i686-mingw32/bin/../lib/gcc/nios2-elf/4.1.2\libgcc.a(lib2-divmod.o)
 .bss           0x00016b98        0x0 c:/altera/13.0sp1/nios2eds/bin/gnu/h-i686-mingw32/bin/../lib/gcc/nios2-elf/4.1.2\libgcc.a(_muldi3.o)
 .bss           0x00016b98        0x0 c:/altera/13.0sp1/nios2eds/bin/gnu/h-i686-mingw32/bin/../lib/gcc/nios2-elf/4.1.2\libgcc.a(_clz.o)
 .bss           0x00016b98        0x0 c:/altera/13.0sp1/nios2eds/bin/gnu/h-i686-mingw32/bin/../lib/gcc/nios2-elf/4.1.2\libgcc.a(_clzsi2.o)
 .bss           0x00016b98        0x0 c:/altera/13.0sp1/nios2eds/bin/gnu/h-i686-mingw32/bin/../lib/gcc/nios2-elf/4.1.2\libgcc.a(_pack_df.o)
 .bss           0x00016b98        0x0 c:/altera/13.0sp1/nios2eds/bin/gnu/h-i686-mingw32/bin/../lib/gcc/nios2-elf/4.1.2\libgcc.a(_unpack_df.o)
 .bss           0x00016b98        0x0 c:/altera/13.0sp1/nios2eds/bin/gnu/h-i686-mingw32/bin/../lib/gcc/nios2-elf/4.1.2\libgcc.a(_fpcmp_parts_df.o)
 .bss           0x00016b98        0x0 ../fgaweg_bsp/\libhal_bsp.a(alt_close.o)
 .bss           0x00016b98        0x0 ../fgaweg_bsp/\libhal_bsp.a(alt_dev.o)
 .bss           0x00016b98        0x0 ../fgaweg_bsp/\libhal_bsp.a(alt_errno.o)
 .bss           0x00016b98        0x0 ../fgaweg_bsp/\libhal_bsp.a(alt_fstat.o)
 .bss           0x00016b98        0x0 ../fgaweg_bsp/\libhal_bsp.a(alt_irq_register.o)
 .bss           0x00016b98        0x0 ../fgaweg_bsp/\libhal_bsp.a(alt_irq_vars.o)
 .bss           0x00016b98        0x0 ../fgaweg_bsp/\libhal_bsp.a(alt_isatty.o)
 .bss           0x00016b98        0x0 ../fgaweg_bsp/\libhal_bsp.a(alt_load.o)
 .bss           0x00016b98        0x0 ../fgaweg_bsp/\libhal_bsp.a(alt_lseek.o)
 .bss           0x00016b98        0x0 ../fgaweg_bsp/\libhal_bsp.a(alt_main.o)
 .bss           0x00016b98        0x0 ../fgaweg_bsp/\libhal_bsp.a(alt_malloc_lock.o)
 .bss           0x00016b98        0x0 ../fgaweg_bsp/\libhal_bsp.a(alt_printf.o)
 .bss           0x00016b98        0x0 ../fgaweg_bsp/\libhal_bsp.a(alt_putchar.o)
 .bss           0x00016b98        0x0 ../fgaweg_bsp/\libhal_bsp.a(alt_read.o)
 .bss           0x00016b98        0x0 ../fgaweg_bsp/\libhal_bsp.a(alt_release_fd.o)
 .bss           0x00016b98        0x0 ../fgaweg_bsp/\libhal_bsp.a(alt_sbrk.o)
 .bss           0x00016b98        0x0 ../fgaweg_bsp/\libhal_bsp.a(alt_write.o)
 .bss           0x00016b98        0x0 ../fgaweg_bsp/\libhal_bsp.a(alt_sys_init.o)
 .bss           0x00016b98        0x0 ../fgaweg_bsp/\libhal_bsp.a(altera_avalon_jtag_uart_fd.o)
 .bss           0x00016b98        0x0 ../fgaweg_bsp/\libhal_bsp.a(altera_avalon_jtag_uart_init.o)
 .bss           0x00016b98        0x0 ../fgaweg_bsp/\libhal_bsp.a(altera_avalon_jtag_uart_ioctl.o)
 .bss           0x00016b98        0x0 ../fgaweg_bsp/\libhal_bsp.a(altera_avalon_jtag_uart_read.o)
 .bss           0x00016b98        0x0 ../fgaweg_bsp/\libhal_bsp.a(altera_avalon_jtag_uart_write.o)
 .bss           0x00016b98        0x0 ../fgaweg_bsp/\libhal_bsp.a(altera_avalon_timer_sc.o)
 .bss           0x00016b98        0x0 ../fgaweg_bsp/\libhal_bsp.a(altera_up_avalon_audio.o)
 .bss           0x00016b98        0x0 ../fgaweg_bsp/\libhal_bsp.a(altera_up_avalon_character_lcd.o)
 .bss           0x00016b98        0x0 ../fgaweg_bsp/\libhal_bsp.a(altera_up_avalon_ethernet.o)
 .bss           0x00016b98        0x0 ../fgaweg_bsp/\libhal_bsp.a(altera_up_avalon_ethernet_low_level_driver.o)
 .bss           0x00016b98        0x0 ../fgaweg_bsp/\libhal_bsp.a(altera_up_avalon_irda.o)
 .bss           0x00016b98        0x0 ../fgaweg_bsp/\libhal_bsp.a(altera_up_avalon_parallel_port.o)
 .bss           0x00016b98        0x0 ../fgaweg_bsp/\libhal_bsp.a(altera_up_avalon_ps2.o)
 .bss           0x00016b98        0x0 ../fgaweg_bsp/\libhal_bsp.a(altera_up_avalon_rs232.o)
 .bss           0x00016b98        0x0 ../fgaweg_bsp/\libhal_bsp.a(altera_up_avalon_video_character_buffer_with_dma.o)
 .bss           0x00016b98        0x0 ../fgaweg_bsp/\libhal_bsp.a(altera_up_avalon_video_pixel_buffer_dma.o)
 .bss           0x00016b98        0x0 ../fgaweg_bsp/\libhal_bsp.a(alt_alarm_start.o)
 .bss           0x00016b98        0x0 ../fgaweg_bsp/\libhal_bsp.a(alt_dcache_flush_all.o)
 .bss           0x00016b98        0x0 ../fgaweg_bsp/\libhal_bsp.a(alt_dev_llist_insert.o)
 .bss           0x00016b98        0x0 ../fgaweg_bsp/\libhal_bsp.a(alt_do_ctors.o)
 .bss           0x00016b98        0x0 ../fgaweg_bsp/\libhal_bsp.a(alt_do_dtors.o)
 .bss           0x00016b98        0x0 ../fgaweg_bsp/\libhal_bsp.a(alt_find_dev.o)
 .bss           0x00016b98        0x0 ../fgaweg_bsp/\libhal_bsp.a(alt_icache_flush_all.o)
 .bss           0x00016b98        0x0 ../fgaweg_bsp/\libhal_bsp.a(alt_io_redirect.o)
 .bss           0x00016b98        0x0 ../fgaweg_bsp/\libhal_bsp.a(alt_irq_entry.o)
 .bss           0x00016b98        0x0 ../fgaweg_bsp/\libhal_bsp.a(alt_irq_handler.o)
 .bss           0x00016b98        0x0 ../fgaweg_bsp/\libhal_bsp.a(alt_open.o)
 .bss           0x00016b98        0x0 ../fgaweg_bsp/\libhal_bsp.a(alt_tick.o)
 .bss           0x00016b98        0x0 ../fgaweg_bsp/\libhal_bsp.a(alt_usleep.o)
 .bss           0x00016b98        0x0 ../fgaweg_bsp/\libhal_bsp.a(altera_nios2_qsys_irq.o)
 .bss           0x00016b98        0x0 ../fgaweg_bsp/\libhal_bsp.a(alt_busy_sleep.o)
 .bss           0x00016b98        0x0 ../fgaweg_bsp/\libhal_bsp.a(alt_exception_entry.o)
 .bss           0x00016b98        0x0 ../fgaweg_bsp/\libhal_bsp.a(alt_find_file.o)
 .bss           0x00016b98        0x0 ../fgaweg_bsp/\libhal_bsp.a(alt_get_fd.o)
 .bss           0x00016b98        0x0 ../fgaweg_bsp/\libhal_bsp.a(alt_icache_flush.o)
 .bss           0x00016b98        0x0 c:/altera/13.0sp1/nios2eds/bin/gnu/h-i686-mingw32/bin/../lib/gcc/nios2-elf/4.1.2/../../../../nios2-elf/lib\libc.a(lib_a-atexit.o)
 .bss           0x00016b98        0x0 c:/altera/13.0sp1/nios2eds/bin/gnu/h-i686-mingw32/bin/../lib/gcc/nios2-elf/4.1.2/../../../../nios2-elf/lib\libc.a(lib_a-exit.o)
 .bss           0x00016b98        0x0 c:/altera/13.0sp1/nios2eds/bin/gnu/h-i686-mingw32/bin/../lib/gcc/nios2-elf/4.1.2/../../../../nios2-elf/lib\libc.a(lib_a-memcmp.o)
 .bss           0x00016b98        0x0 c:/altera/13.0sp1/nios2eds/bin/gnu/h-i686-mingw32/bin/../lib/gcc/nios2-elf/4.1.2/../../../../nios2-elf/lib\libc.a(lib_a-putc.o)
 .bss           0x00016b98        0x0 c:/altera/13.0sp1/nios2eds/bin/gnu/h-i686-mingw32/bin/../lib/gcc/nios2-elf/4.1.2/../../../../nios2-elf/lib\libc.a(lib_a-wbuf.o)
 .bss           0x00016b98        0x0 c:/altera/13.0sp1/nios2eds/bin/gnu/h-i686-mingw32/bin/../lib/gcc/nios2-elf/4.1.2/../../../../nios2-elf/lib\libc.a(lib_a-__atexit.o)
 .bss           0x00016b98        0x0 c:/altera/13.0sp1/nios2eds/bin/gnu/h-i686-mingw32/bin/../lib/gcc/nios2-elf/4.1.2/../../../../nios2-elf/lib\libc.a(lib_a-__call_atexit.o)
 .bss           0x00016b98        0x0 ../fgaweg_bsp/\libhal_bsp.a(alt_exit.o)
 *(COMMON)
 COMMON         0x00016b98   0x3d0994 obj/default/PS2_ISR.o
                0x00016b98                average
                0x00016c2c                r_buf
                0x001ff0ac                l_buf
 COMMON         0x003e752c       0x20 obj/default/globals.o
                0x003e752c                up_dev
 COMMON         0x003e754c       0x20 obj/default/media_interrupt_HAL.o
                0x003e754c                ms
 COMMON         0x003e756c      0x100 ../fgaweg_bsp/\libhal_bsp.a(alt_irq_handler.o)
                0x003e756c                alt_irq
 COMMON         0x003e766c      0x190 c:/altera/13.0sp1/nios2eds/bin/gnu/h-i686-mingw32/bin/../lib/gcc/nios2-elf/4.1.2/../../../../nios2-elf/lib\libc.a(lib_a-atexit.o)
                0x003e766c                _atexit0
                0x003e77fc                . = ALIGN (0x4)
                0x003e77fc                __bss_end = ABSOLUTE (.)

.SDRAM          0x003e77fc        0x0
                0x003e77fc                PROVIDE (_alt_partition_SDRAM_start, ABSOLUTE (.))
 *(.SDRAM. SDRAM.*)
                0x003e77fc                . = ALIGN (0x4)
                0x003e77fc                PROVIDE (_alt_partition_SDRAM_end, ABSOLUTE (.))
                0x003e77fc                _end = ABSOLUTE (.)
                0x003e77fc                end = ABSOLUTE (.)
                0x003e77fc                __alt_stack_base = ABSOLUTE (.)
                0x003e77fc                PROVIDE (_alt_partition_SDRAM_load_addr, LOADADDR (.SDRAM))

.Flash_flash_data
                0x0c000000        0x0 load address 0x003e77fc
                0x0c000000                PROVIDE (_alt_partition_Flash_flash_data_start, ABSOLUTE (.))
 *(.Flash_flash_data. Flash_flash_data.*)
                0x0c000000                . = ALIGN (0x4)
                0x0c000000                PROVIDE (_alt_partition_Flash_flash_data_end, ABSOLUTE (.))
                0x003e77fc                PROVIDE (_alt_partition_Flash_flash_data_load_addr, LOADADDR (.Flash_flash_data))

.stab
 *(.stab)

.stabstr
 *(.stabstr)

.stab.excl
 *(.stab.excl)

.stab.exclstr
 *(.stab.exclstr)

.stab.index
 *(.stab.index)

.stab.indexstr
 *(.stab.indexstr)

.comment        0x00000000       0x26
 *(.comment)
 .comment       0x00000000       0x26 obj/default/PS2_ISR.o
                                 0x27 (size before relaxing)
 .comment       0x00000000       0x27 obj/default/audio_ISR.o
 .comment       0x00000000       0x27 obj/default/globals.o
 .comment       0x00000000       0x27 obj/default/interval_timer_ISR.o
 .comment       0x00000000       0x27 obj/default/media_interrupt_HAL.o
 .comment       0x00000000       0x27 obj/default/pushbutton_ISR.o
 .comment       0x00000000       0x27 c:/altera/13.0sp1/nios2eds/bin/gnu/h-i686-mingw32/bin/../lib/gcc/nios2-elf/4.1.2/../../../../nios2-elf/lib\libc.a(lib_a-memcpy.o)
 .comment       0x00000000       0x27 c:/altera/13.0sp1/nios2eds/bin/gnu/h-i686-mingw32/bin/../lib/gcc/nios2-elf/4.1.2/../../../../nios2-elf/lib\libc.a(lib_a-memset.o)
 .comment       0x00000000       0x27 c:/altera/13.0sp1/nios2eds/bin/gnu/h-i686-mingw32/bin/../lib/gcc/nios2-elf/4.1.2/../../../../nios2-elf/lib\libc.a(lib_a-printf.o)
 .comment       0x00000000       0x27 c:/altera/13.0sp1/nios2eds/bin/gnu/h-i686-mingw32/bin/../lib/gcc/nios2-elf/4.1.2/../../../../nios2-elf/lib\libc.a(lib_a-puts.o)
 .comment       0x00000000       0x27 c:/altera/13.0sp1/nios2eds/bin/gnu/h-i686-mingw32/bin/../lib/gcc/nios2-elf/4.1.2/../../../../nios2-elf/lib\libc.a(lib_a-strlen.o)
 .comment       0x00000000       0x27 c:/altera/13.0sp1/nios2eds/bin/gnu/h-i686-mingw32/bin/../lib/gcc/nios2-elf/4.1.2/../../../../nios2-elf/lib\libc.a(lib_a-vfprintf.o)
 .comment       0x00000000       0x27 c:/altera/13.0sp1/nios2eds/bin/gnu/h-i686-mingw32/bin/../lib/gcc/nios2-elf/4.1.2/../../../../nios2-elf/lib\libc.a(lib_a-wsetup.o)
 .comment       0x00000000       0x27 c:/altera/13.0sp1/nios2eds/bin/gnu/h-i686-mingw32/bin/../lib/gcc/nios2-elf/4.1.2/../../../../nios2-elf/lib\libc.a(lib_a-dtoa.o)
 .comment       0x00000000       0x27 c:/altera/13.0sp1/nios2eds/bin/gnu/h-i686-mingw32/bin/../lib/gcc/nios2-elf/4.1.2/../../../../nios2-elf/lib\libc.a(lib_a-fflush.o)
 .comment       0x00000000       0x27 c:/altera/13.0sp1/nios2eds/bin/gnu/h-i686-mingw32/bin/../lib/gcc/nios2-elf/4.1.2/../../../../nios2-elf/lib\libc.a(lib_a-findfp.o)
 .comment       0x00000000       0x27 c:/altera/13.0sp1/nios2eds/bin/gnu/h-i686-mingw32/bin/../lib/gcc/nios2-elf/4.1.2/../../../../nios2-elf/lib\libc.a(lib_a-freer.o)
 .comment       0x00000000       0x27 c:/altera/13.0sp1/nios2eds/bin/gnu/h-i686-mingw32/bin/../lib/gcc/nios2-elf/4.1.2/../../../../nios2-elf/lib\libc.a(lib_a-fvwrite.o)
 .comment       0x00000000       0x27 c:/altera/13.0sp1/nios2eds/bin/gnu/h-i686-mingw32/bin/../lib/gcc/nios2-elf/4.1.2/../../../../nios2-elf/lib\libc.a(lib_a-fwalk.o)
 .comment       0x00000000       0x27 c:/altera/13.0sp1/nios2eds/bin/gnu/h-i686-mingw32/bin/../lib/gcc/nios2-elf/4.1.2/../../../../nios2-elf/lib\libc.a(lib_a-impure.o)
 .comment       0x00000000       0x27 c:/altera/13.0sp1/nios2eds/bin/gnu/h-i686-mingw32/bin/../lib/gcc/nios2-elf/4.1.2/../../../../nios2-elf/lib\libc.a(lib_a-locale.o)
 .comment       0x00000000       0x27 c:/altera/13.0sp1/nios2eds/bin/gnu/h-i686-mingw32/bin/../lib/gcc/nios2-elf/4.1.2/../../../../nios2-elf/lib\libc.a(lib_a-makebuf.o)
 .comment       0x00000000       0x27 c:/altera/13.0sp1/nios2eds/bin/gnu/h-i686-mingw32/bin/../lib/gcc/nios2-elf/4.1.2/../../../../nios2-elf/lib\libc.a(lib_a-mallocr.o)
 .comment       0x00000000       0x27 c:/altera/13.0sp1/nios2eds/bin/gnu/h-i686-mingw32/bin/../lib/gcc/nios2-elf/4.1.2/../../../../nios2-elf/lib\libc.a(lib_a-memchr.o)
 .comment       0x00000000       0x27 c:/altera/13.0sp1/nios2eds/bin/gnu/h-i686-mingw32/bin/../lib/gcc/nios2-elf/4.1.2/../../../../nios2-elf/lib\libc.a(lib_a-memmove.o)
 .comment       0x00000000       0x27 c:/altera/13.0sp1/nios2eds/bin/gnu/h-i686-mingw32/bin/../lib/gcc/nios2-elf/4.1.2/../../../../nios2-elf/lib\libc.a(lib_a-mprec.o)
 .comment       0x00000000       0x27 c:/altera/13.0sp1/nios2eds/bin/gnu/h-i686-mingw32/bin/../lib/gcc/nios2-elf/4.1.2/../../../../nios2-elf/lib\libc.a(lib_a-reallocr.o)
 .comment       0x00000000       0x27 c:/altera/13.0sp1/nios2eds/bin/gnu/h-i686-mingw32/bin/../lib/gcc/nios2-elf/4.1.2/../../../../nios2-elf/lib\libc.a(lib_a-s_isinfd.o)
 .comment       0x00000000       0x27 c:/altera/13.0sp1/nios2eds/bin/gnu/h-i686-mingw32/bin/../lib/gcc/nios2-elf/4.1.2/../../../../nios2-elf/lib\libc.a(lib_a-s_isnand.o)
 .comment       0x00000000       0x27 c:/altera/13.0sp1/nios2eds/bin/gnu/h-i686-mingw32/bin/../lib/gcc/nios2-elf/4.1.2/../../../../nios2-elf/lib\libc.a(lib_a-sbrkr.o)
 .comment       0x00000000       0x27 c:/altera/13.0sp1/nios2eds/bin/gnu/h-i686-mingw32/bin/../lib/gcc/nios2-elf/4.1.2/../../../../nios2-elf/lib\libc.a(lib_a-stdio.o)
 .comment       0x00000000       0x27 c:/altera/13.0sp1/nios2eds/bin/gnu/h-i686-mingw32/bin/../lib/gcc/nios2-elf/4.1.2/../../../../nios2-elf/lib\libc.a(lib_a-strcmp.o)
 .comment       0x00000000       0x27 c:/altera/13.0sp1/nios2eds/bin/gnu/h-i686-mingw32/bin/../lib/gcc/nios2-elf/4.1.2/../../../../nios2-elf/lib\libc.a(lib_a-writer.o)
 .comment       0x00000000       0x27 c:/altera/13.0sp1/nios2eds/bin/gnu/h-i686-mingw32/bin/../lib/gcc/nios2-elf/4.1.2/../../../../nios2-elf/lib\libc.a(lib_a-callocr.o)
 .comment       0x00000000       0x27 c:/altera/13.0sp1/nios2eds/bin/gnu/h-i686-mingw32/bin/../lib/gcc/nios2-elf/4.1.2/../../../../nios2-elf/lib\libc.a(lib_a-closer.o)
 .comment       0x00000000       0x27 c:/altera/13.0sp1/nios2eds/bin/gnu/h-i686-mingw32/bin/../lib/gcc/nios2-elf/4.1.2/../../../../nios2-elf/lib\libc.a(lib_a-fclose.o)
 .comment       0x00000000       0x27 c:/altera/13.0sp1/nios2eds/bin/gnu/h-i686-mingw32/bin/../lib/gcc/nios2-elf/4.1.2/../../../../nios2-elf/lib\libc.a(lib_a-fstatr.o)
 .comment       0x00000000       0x27 c:/altera/13.0sp1/nios2eds/bin/gnu/h-i686-mingw32/bin/../lib/gcc/nios2-elf/4.1.2/../../../../nios2-elf/lib\libc.a(lib_a-int_errno.o)
 .comment       0x00000000       0x27 c:/altera/13.0sp1/nios2eds/bin/gnu/h-i686-mingw32/bin/../lib/gcc/nios2-elf/4.1.2/../../../../nios2-elf/lib\libc.a(lib_a-isattyr.o)
 .comment       0x00000000       0x27 c:/altera/13.0sp1/nios2eds/bin/gnu/h-i686-mingw32/bin/../lib/gcc/nios2-elf/4.1.2/../../../../nios2-elf/lib\libc.a(lib_a-lseekr.o)
 .comment       0x00000000       0x27 c:/altera/13.0sp1/nios2eds/bin/gnu/h-i686-mingw32/bin/../lib/gcc/nios2-elf/4.1.2/../../../../nios2-elf/lib\libc.a(lib_a-readr.o)
 .comment       0x00000000       0x27 c:/altera/13.0sp1/nios2eds/bin/gnu/h-i686-mingw32/bin/../lib/gcc/nios2-elf/4.1.2\libgcc.a(_udivdi3.o)
 .comment       0x00000000       0x27 c:/altera/13.0sp1/nios2eds/bin/gnu/h-i686-mingw32/bin/../lib/gcc/nios2-elf/4.1.2\libgcc.a(_umoddi3.o)
 .comment       0x00000000       0x27 c:/altera/13.0sp1/nios2eds/bin/gnu/h-i686-mingw32/bin/../lib/gcc/nios2-elf/4.1.2\libgcc.a(_addsub_df.o)
 .comment       0x00000000       0x27 c:/altera/13.0sp1/nios2eds/bin/gnu/h-i686-mingw32/bin/../lib/gcc/nios2-elf/4.1.2\libgcc.a(_mul_df.o)
 .comment       0x00000000       0x27 c:/altera/13.0sp1/nios2eds/bin/gnu/h-i686-mingw32/bin/../lib/gcc/nios2-elf/4.1.2\libgcc.a(_div_df.o)
 .comment       0x00000000       0x27 c:/altera/13.0sp1/nios2eds/bin/gnu/h-i686-mingw32/bin/../lib/gcc/nios2-elf/4.1.2\libgcc.a(_eq_df.o)
 .comment       0x00000000       0x27 c:/altera/13.0sp1/nios2eds/bin/gnu/h-i686-mingw32/bin/../lib/gcc/nios2-elf/4.1.2\libgcc.a(_ne_df.o)
 .comment       0x00000000       0x27 c:/altera/13.0sp1/nios2eds/bin/gnu/h-i686-mingw32/bin/../lib/gcc/nios2-elf/4.1.2\libgcc.a(_gt_df.o)
 .comment       0x00000000       0x27 c:/altera/13.0sp1/nios2eds/bin/gnu/h-i686-mingw32/bin/../lib/gcc/nios2-elf/4.1.2\libgcc.a(_ge_df.o)
 .comment       0x00000000       0x27 c:/altera/13.0sp1/nios2eds/bin/gnu/h-i686-mingw32/bin/../lib/gcc/nios2-elf/4.1.2\libgcc.a(_lt_df.o)
 .comment       0x00000000       0x27 c:/altera/13.0sp1/nios2eds/bin/gnu/h-i686-mingw32/bin/../lib/gcc/nios2-elf/4.1.2\libgcc.a(_si_to_df.o)
 .comment       0x00000000       0x27 c:/altera/13.0sp1/nios2eds/bin/gnu/h-i686-mingw32/bin/../lib/gcc/nios2-elf/4.1.2\libgcc.a(_df_to_si.o)
 .comment       0x00000000       0x27 c:/altera/13.0sp1/nios2eds/bin/gnu/h-i686-mingw32/bin/../lib/gcc/nios2-elf/4.1.2\libgcc.a(_thenan_df.o)
 .comment       0x00000000       0x27 c:/altera/13.0sp1/nios2eds/bin/gnu/h-i686-mingw32/bin/../lib/gcc/nios2-elf/4.1.2\libgcc.a(_usi_to_df.o)
 .comment       0x00000000       0x27 c:/altera/13.0sp1/nios2eds/bin/gnu/h-i686-mingw32/bin/../lib/gcc/nios2-elf/4.1.2\libgcc.a(lib2-divmod.o)
 .comment       0x00000000       0x27 c:/altera/13.0sp1/nios2eds/bin/gnu/h-i686-mingw32/bin/../lib/gcc/nios2-elf/4.1.2\libgcc.a(_muldi3.o)
 .comment       0x00000000       0x27 c:/altera/13.0sp1/nios2eds/bin/gnu/h-i686-mingw32/bin/../lib/gcc/nios2-elf/4.1.2\libgcc.a(_clz.o)
 .comment       0x00000000       0x27 c:/altera/13.0sp1/nios2eds/bin/gnu/h-i686-mingw32/bin/../lib/gcc/nios2-elf/4.1.2\libgcc.a(_clzsi2.o)
 .comment       0x00000000       0x27 c:/altera/13.0sp1/nios2eds/bin/gnu/h-i686-mingw32/bin/../lib/gcc/nios2-elf/4.1.2\libgcc.a(_pack_df.o)
 .comment       0x00000000       0x27 c:/altera/13.0sp1/nios2eds/bin/gnu/h-i686-mingw32/bin/../lib/gcc/nios2-elf/4.1.2\libgcc.a(_unpack_df.o)
 .comment       0x00000000       0x27 c:/altera/13.0sp1/nios2eds/bin/gnu/h-i686-mingw32/bin/../lib/gcc/nios2-elf/4.1.2\libgcc.a(_fpcmp_parts_df.o)
 .comment       0x00000000       0x27 ../fgaweg_bsp/\libhal_bsp.a(alt_close.o)
 .comment       0x00000000       0x27 ../fgaweg_bsp/\libhal_bsp.a(alt_dev.o)
 .comment       0x00000000       0x27 ../fgaweg_bsp/\libhal_bsp.a(alt_errno.o)
 .comment       0x00000000       0x27 ../fgaweg_bsp/\libhal_bsp.a(alt_fstat.o)
 .comment       0x00000000       0x27 ../fgaweg_bsp/\libhal_bsp.a(alt_irq_register.o)
 .comment       0x00000000       0x27 ../fgaweg_bsp/\libhal_bsp.a(alt_irq_vars.o)
 .comment       0x00000000       0x27 ../fgaweg_bsp/\libhal_bsp.a(alt_isatty.o)
 .comment       0x00000000       0x27 ../fgaweg_bsp/\libhal_bsp.a(alt_load.o)
 .comment       0x00000000       0x27 ../fgaweg_bsp/\libhal_bsp.a(alt_lseek.o)
 .comment       0x00000000       0x27 ../fgaweg_bsp/\libhal_bsp.a(alt_main.o)
 .comment       0x00000000       0x27 ../fgaweg_bsp/\libhal_bsp.a(alt_malloc_lock.o)
 .comment       0x00000000       0x27 ../fgaweg_bsp/\libhal_bsp.a(alt_printf.o)
 .comment       0x00000000       0x27 ../fgaweg_bsp/\libhal_bsp.a(alt_putchar.o)
 .comment       0x00000000       0x27 ../fgaweg_bsp/\libhal_bsp.a(alt_read.o)
 .comment       0x00000000       0x27 ../fgaweg_bsp/\libhal_bsp.a(alt_release_fd.o)
 .comment       0x00000000       0x27 ../fgaweg_bsp/\libhal_bsp.a(alt_sbrk.o)
 .comment       0x00000000       0x27 ../fgaweg_bsp/\libhal_bsp.a(alt_write.o)
 .comment       0x00000000       0x27 ../fgaweg_bsp/\libhal_bsp.a(alt_sys_init.o)
 .comment       0x00000000       0x27 ../fgaweg_bsp/\libhal_bsp.a(altera_avalon_jtag_uart_fd.o)
 .comment       0x00000000       0x27 ../fgaweg_bsp/\libhal_bsp.a(altera_avalon_jtag_uart_init.o)
 .comment       0x00000000       0x27 ../fgaweg_bsp/\libhal_bsp.a(altera_avalon_jtag_uart_ioctl.o)
 .comment       0x00000000       0x27 ../fgaweg_bsp/\libhal_bsp.a(altera_avalon_jtag_uart_read.o)
 .comment       0x00000000       0x27 ../fgaweg_bsp/\libhal_bsp.a(altera_avalon_jtag_uart_write.o)
 .comment       0x00000000       0x27 ../fgaweg_bsp/\libhal_bsp.a(altera_avalon_timer_sc.o)
 .comment       0x00000000       0x27 ../fgaweg_bsp/\libhal_bsp.a(altera_up_avalon_audio.o)
 .comment       0x00000000       0x27 ../fgaweg_bsp/\libhal_bsp.a(altera_up_avalon_character_lcd.o)
 .comment       0x00000000       0x27 ../fgaweg_bsp/\libhal_bsp.a(altera_up_avalon_ethernet.o)
 .comment       0x00000000       0x27 ../fgaweg_bsp/\libhal_bsp.a(altera_up_avalon_ethernet_low_level_driver.o)
 .comment       0x00000000       0x27 ../fgaweg_bsp/\libhal_bsp.a(altera_up_avalon_irda.o)
 .comment       0x00000000       0x27 ../fgaweg_bsp/\libhal_bsp.a(altera_up_avalon_parallel_port.o)
 .comment       0x00000000       0x27 ../fgaweg_bsp/\libhal_bsp.a(altera_up_avalon_ps2.o)
 .comment       0x00000000       0x27 ../fgaweg_bsp/\libhal_bsp.a(altera_up_avalon_rs232.o)
 .comment       0x00000000       0x27 ../fgaweg_bsp/\libhal_bsp.a(altera_up_avalon_video_character_buffer_with_dma.o)
 .comment       0x00000000       0x27 ../fgaweg_bsp/\libhal_bsp.a(altera_up_avalon_video_pixel_buffer_dma.o)
 .comment       0x00000000       0x27 ../fgaweg_bsp/\libhal_bsp.a(alt_alarm_start.o)
 .comment       0x00000000       0x27 ../fgaweg_bsp/\libhal_bsp.a(alt_dcache_flush_all.o)
 .comment       0x00000000       0x27 ../fgaweg_bsp/\libhal_bsp.a(alt_dev_llist_insert.o)
 .comment       0x00000000       0x27 ../fgaweg_bsp/\libhal_bsp.a(alt_do_ctors.o)
 .comment       0x00000000       0x27 ../fgaweg_bsp/\libhal_bsp.a(alt_do_dtors.o)
 .comment       0x00000000       0x27 ../fgaweg_bsp/\libhal_bsp.a(alt_find_dev.o)
 .comment       0x00000000       0x27 ../fgaweg_bsp/\libhal_bsp.a(alt_icache_flush_all.o)
 .comment       0x00000000       0x27 ../fgaweg_bsp/\libhal_bsp.a(alt_io_redirect.o)
 .comment       0x00000000       0x27 ../fgaweg_bsp/\libhal_bsp.a(alt_irq_handler.o)
 .comment       0x00000000       0x27 ../fgaweg_bsp/\libhal_bsp.a(alt_open.o)
 .comment       0x00000000       0x27 ../fgaweg_bsp/\libhal_bsp.a(alt_tick.o)
 .comment       0x00000000       0x27 ../fgaweg_bsp/\libhal_bsp.a(alt_usleep.o)
 .comment       0x00000000       0x27 ../fgaweg_bsp/\libhal_bsp.a(altera_nios2_qsys_irq.o)
 .comment       0x00000000       0x27 ../fgaweg_bsp/\libhal_bsp.a(alt_busy_sleep.o)
 .comment       0x00000000       0x27 ../fgaweg_bsp/\libhal_bsp.a(alt_find_file.o)
 .comment       0x00000000       0x27 ../fgaweg_bsp/\libhal_bsp.a(alt_get_fd.o)
 .comment       0x00000000       0x27 ../fgaweg_bsp/\libhal_bsp.a(alt_icache_flush.o)
 .comment       0x00000000       0x27 c:/altera/13.0sp1/nios2eds/bin/gnu/h-i686-mingw32/bin/../lib/gcc/nios2-elf/4.1.2/../../../../nios2-elf/lib\libc.a(lib_a-atexit.o)
 .comment       0x00000000       0x27 c:/altera/13.0sp1/nios2eds/bin/gnu/h-i686-mingw32/bin/../lib/gcc/nios2-elf/4.1.2/../../../../nios2-elf/lib\libc.a(lib_a-exit.o)
 .comment       0x00000000       0x27 c:/altera/13.0sp1/nios2eds/bin/gnu/h-i686-mingw32/bin/../lib/gcc/nios2-elf/4.1.2/../../../../nios2-elf/lib\libc.a(lib_a-memcmp.o)
 .comment       0x00000000       0x27 c:/altera/13.0sp1/nios2eds/bin/gnu/h-i686-mingw32/bin/../lib/gcc/nios2-elf/4.1.2/../../../../nios2-elf/lib\libc.a(lib_a-putc.o)
 .comment       0x00000000       0x27 c:/altera/13.0sp1/nios2eds/bin/gnu/h-i686-mingw32/bin/../lib/gcc/nios2-elf/4.1.2/../../../../nios2-elf/lib\libc.a(lib_a-wbuf.o)